2025-10-20 12:00:31.727  1337-1337  ProactiveS...derManager com...gle.android.inputmethod.latin  I  ProactiveSuggestionsHolderManager$2.display():245 suggestions CLIPBOARD are pending to show on WIDGET
2025-10-20 12:00:31.739  1337-1337  HardKeyTracker          com...gle.android.inputmethod.latin  I  HardKeyTracker.unregisterKeySequence():221 Unregister key sequence nke{labelResId=2132020515, callback=cil@22bc049, lastModifier=2, keyCodes=[56], actions=[0]}
2025-10-20 12:00:31.741  1337-1337  HardKeyTracker          com...gle.android.inputmethod.latin  I  HardKeyTracker.unregisterKeySequence():221 Unregister key sequence nke{labelResId=2132020515, callback=cil@2ad4d4e, lastModifier=0, keyCodes=[317], actions=[0]}
2025-10-20 12:00:31.741  1337-1337  HardKeyTracker          com...gle.android.inputmethod.latin  I  HardKeyTracker.registerKeySequence():170 Register key sequence nke{labelResId=2132020515, callback=cil@59b80b1, lastModifier=2, keyCodes=[56], actions=[0]}
2025-10-20 12:00:31.742  1337-1337  HardKeyTracker          com...gle.android.inputmethod.latin  I  HardKeyTracker.registerKeySequence():170 Register key sequence nke{labelResId=2132020515, callback=cil@e51e996, lastModifier=0, keyCodes=[317], actions=[0]}
2025-10-20 12:00:31.749  1337-1337  VoiceInput...gerWrapper com...gle.android.inputmethod.latin  I  VoiceInputManagerWrapper.cancelShutdown():109 cancelShutdown()
2025-10-20 12:00:31.749  1337-1337  VoiceInput...gerWrapper com...gle.android.inputmethod.latin  I  VoiceInputManagerWrapper.syncLanguagePacks():121 syncLanguagePacks()
2025-10-20 12:00:31.753  1337-1337  AudioFocusHandler       com...gle.android.inputmethod.latin  I  AudioFocusHandler.initializeAudioFocusRequest():198 AudioAttributes: AudioAttributes: usage=USAGE_VOICE_COMMUNICATION content=CONTENT_TYPE_SPEECH flags=0x800 tags= bundle=null 
2025-10-20 12:00:31.756  1337-1337  VoiceInputManager       com...gle.android.inputmethod.latin  I  VoiceInputManager.onKeyboardActivated():1206 onKeyboardActivated() [UD]
2025-10-20 12:00:31.757  1337-3497  SpeechFactory           com...gle.android.inputmethod.latin  I  SpeechRecognitionFactory.maybeScheduleAutoPackDownloadForFallback():217 maybeScheduleAutoPackDownloadForFallback()
2025-10-20 12:00:31.757  1337-3497  FallbackOn...onProvider com...gle.android.inputmethod.latin  I  FallbackOnDeviceRecognitionProvider.maybeScheduleAutoPackDownload():205 maybeScheduleAutoPackDownload() for language tag en-US
2025-10-20 12:00:31.760  1337-1337  PkModeUpdater           com...gle.android.inputmethod.latin  I  PkModeUpdater.onActivate():74 onActivate true true
2025-10-20 12:00:31.761  1337-1337  AccessoryI...odeManager com...gle.android.inputmethod.latin  I  AccessoryInputModeManager.onModeStarted():318 Accessory input mode started: STYLUS
2025-10-20 12:00:31.764  1337-1337  ExtensionWrapper        com...gle.android.inputmethod.latin  W  ExtensionWrapper.setAllowUpdateNavigationBarStyle():820 class jte is not activate
2025-10-20 12:00:31.764  1337-1337  WidgetView...Controller com...gle.android.inputmethod.latin  I  WidgetViewShowingController.showWidgetKeyboardInternal():532 Show companion widget
2025-10-20 12:00:31.790  1337-1337  ExtensionWrapper        com...gle.android.inputmethod.latin  W  ExtensionWrapper.setAllowUpdateNavigationBarStyle():820 class jte is not activate
2025-10-20 12:00:31.792  1337-1337  WidgetView...ionHandler com...gle.android.inputmethod.latin  I  WidgetViewShowingPositionHandler.updateAvailableArea():199 update available area Rect(21, 84 - 1059, 2333)
2025-10-20 12:00:31.838  1337-1337  NotificationCenter      com...gle.android.inputmethod.latin  W  NotificationCenter$NotificationQueue.notifyPendingNotificationsOnExecutor():877 Heavy notify work detected on UI thread: [jwq->jwp] takes 36ms
2025-10-20 12:00:31.839  1337-1337  HardKeyTracker          com...gle.android.inputmethod.latin  I  HardKeyTracker.unregisterKeySequence():221 Unregister key sequence nke{labelResId=2132020520, callback=cil@5282380, lastModifier=2, keyCodes=[32], actions=[0]}
2025-10-20 12:00:31.847  1337-1337  NotificationCenter      com...gle.android.inputmethod.latin  W  NotificationCenter$NotificationQueue.notifyPendingNotificationsOnExecutor():877 Heavy notify work detected on UI thread: [juz->jta] takes 86ms
2025-10-20 12:00:31.858  1337-1337  KeyboardHeightUtil      com...gle.android.inputmethod.latin  I  KeyboardHeightUtil.calculateMaxKeyboardBodyHeight():50 leave 281 height for app when ime window height:2274, header height:116 and isFullscreenMode:false, so the max keyboard body height is:1877
2025-10-20 12:00:31.859  1337-1337  KeyboardHeightUtil      com...gle.android.inputmethod.latin  I  KeyboardHeightUtil.calculateMaxKeyboardBodyHeight():50 leave 281 height for app when ime window height:2274, header height:116 and isFullscreenMode:false, so the max keyboard body height is:1877
2025-10-20 12:00:31.862  1337-1337  NormalModeController    com...gle.android.inputmethod.latin  W  NormalModeController.adjustKeyboardBodyHeightRatio():216 Invalid height ratio from decoder -1.000000!
2025-10-20 12:00:31.862  1337-1337  ExtensionWrapper        com...gle.android.inputmethod.latin  W  ExtensionWrapper.setExtensionViewVisibility():811 interface mej is not activate
2025-10-20 12:00:31.868  1337-1337  VoiceImeExtension       com...gle.android.inputmethod.latin  I  VoiceImeExtension.shouldStartVoiceInputAutomaticallyInCurrentInputBox():378 No private IME option set to start voice input.
2025-10-20 12:00:31.872  1337-1337  Module                  com...gle.android.inputmethod.latin  I  DeviceLockedStatusModuleProvider$Module.updateDeviceLockedStatus():103 repeatCheckTimes = 1, locked = false
2025-10-20 12:00:31.880  1337-1337  HardKeyTracker          com...gle.android.inputmethod.latin  I  HardKeyTracker.unregisterKeySequence():221 Unregister key sequence nke{labelResId=2132020519, callback=cil@afccf68, lastModifier=2, keyCodes=[48], actions=[0]}
2025-10-20 12:00:31.881  1337-1337  HardKeyTracker          com...gle.android.inputmethod.latin  I  HardKeyTracker.registerKeySequence():170 Register key sequence nke{labelResId=2132020519, callback=cil@392939, lastModifier=2, keyCodes=[48], actions=[0]}
2025-10-20 12:00:31.882  1337-1337  HardKeyTracker          com...gle.android.inputmethod.latin  I  HardKeyTracker.unregisterKeySequence():221 Unregister key sequence nke{labelResId=2132020519, callback=cil@a21b826, lastModifier=2, keyCodes=[48], actions=[0]}
2025-10-20 12:00:31.884  1337-1337  HardKeyTracker          com...gle.android.inputmethod.latin  I  HardKeyTracker.registerKeySequence():170 Register key sequence nke{labelResId=2132020519, callback=cil@a89292c, lastModifier=2, keyCodes=[48], actions=[0]}
2025-10-20 12:00:31.885  1337-1337  HardKeyTracker          com...gle.android.inputmethod.latin  I  HardKeyTracker.unregisterKeySequence():221 Unregister key sequence nke{labelResId=2132020515, callback=cil@9db2c67, lastModifier=2, keyCodes=[56], actions=[0]}
2025-10-20 12:00:31.885  1337-1337  HardKeyTracker          com...gle.android.inputmethod.latin  I  HardKeyTracker.unregisterKeySequence():221 Unregister key sequence nke{labelResId=2132020515, callback=cil@8837a14, lastModifier=0, keyCodes=[317], actions=[0]}
2025-10-20 12:00:31.885  1337-1337  HardKeyTracker          com...gle.android.inputmethod.latin  I  HardKeyTracker.registerKeySequence():170 Register key sequence nke{labelResId=2132020515, callback=cil@afa1ff5, lastModifier=2, keyCodes=[56], actions=[0]}
2025-10-20 12:00:31.885  1337-1337  HardKeyTracker          com...gle.android.inputmethod.latin  I  HardKeyTracker.registerKeySequence():170 Register key sequence nke{labelResId=2132020515, callback=cil@eba718a, lastModifier=0, keyCodes=[317], actions=[0]}
2025-10-20 12:00:31.886  1337-1337  HardKeyTracker          com...gle.android.inputmethod.latin  I  HardKeyTracker.unregisterKeySequence():221 Unregister key sequence nke{labelResId=2132020520, callback=cil@1e130b2, lastModifier=2, keyCodes=[32], actions=[0]}
2025-10-20 12:00:31.886  1337-1337  HardKeyTracker          com...gle.android.inputmethod.latin  I  HardKeyTracker.registerKeySequence():170 Register key sequence nke{labelResId=2132020520, callback=cil@3f5ac18, lastModifier=2, keyCodes=[32], actions=[0]}
2025-10-20 12:00:31.886  1337-1337  HardKeyTracker          com...gle.android.inputmethod.latin  I  HardKeyTracker.unregisterKeySequence():221 Unregister key sequence nke{labelResId=2132020520, callback=cil@5642803, lastModifier=2, keyCodes=[32], actions=[0]}
2025-10-20 12:00:31.886  1337-1337  HardKeyTracker          com...gle.android.inputmethod.latin  I  HardKeyTracker.registerKeySequence():170 Register key sequence nke{labelResId=2132020520, callback=cil@c99c671, lastModifier=2, keyCodes=[32], actions=[0]}
2025-10-20 12:00:31.887  1337-8723  SystemHapticSettings    com...gle.android.inputmethod.latin  I  SystemHapticSettings.updateSystemVibrationState():117 update vibration state: true
2025-10-20 12:00:31.890  1549-1549  BoundBrokerSvc          com.google.android.gms               D  onBind: Intent { act=com.google.firebase.dynamiclinks.service.START pkg=com.google.android.gms }
2025-10-20 12:00:31.891  1549-1549  BoundBrokerSvc          com.google.android.gms               D  Loading bound service for intent: Intent { act=com.google.firebase.dynamiclinks.service.START pkg=com.google.android.gms }
2025-10-20 12:00:31.897  1337-1337  StylusModule            com...gle.android.inputmethod.latin  I  StylusModule.onUpdateToolType():799 Update tool type = 2
2025-10-20 12:00:31.899  1337-1337  Choreographer           com...gle.android.inputmethod.latin  I  Skipped 35 frames!  The application may be doing too much work on its main thread.
2025-10-20 12:00:31.905   590-1130  ImeInsetsSourceProvider system_server                        D  showImePostLayout cancelled, isScheduledAndReadyToShowIme: false, mImeRequester: Window{aa104b u0 com.example.autostradaauctions.debug/com.example.autostradaauctions.MainActivity}, serverVisible: false, frozen: false, mWindowContainer is: non-null, windowState: Window{5b5374b u0 InputMethod}, isDrawn: false, mGivenInsetsPending: false, dcTarget: Window{aa104b u0 com.example.autostradaauctions.debug/com.example.autostradaauctions.MainActivity}, controlTarget: Window{aa104b u0 com.example.autostradaauctions.debug/com.example.autostradaauctions.MainActivity}
                                                                                                    controlTarget == DisplayContent.controlTarget: true, hasPendingControls: false, leash is: non-null, isImeLayeringTarget: true, isAboveImeLayeringTarget: false, isImeFallbackTarget: false, isImeInputTarget: true, sameAsImeControlTarget: true
2025-10-20 12:00:31.906   590-1130  ImeTracker              system_server                        I  com.example.autostradaauctions.debug:2ee53a46: onCancelled at PHASE_WM_SHOW_IME_RUNNER
2025-10-20 12:00:31.922   590-751   InetDiagMessage         system_server                        D  Destroyed 0 sockets, proto=IPPROTO_TCP, family=AF_INET, states=14
2025-10-20 12:00:31.922   590-751   InetDiagMessage         system_server                        D  Destroyed 0 sockets, proto=IPPROTO_TCP, family=AF_INET6, states=14
2025-10-20 12:00:31.922   590-751   InetDiagMessage         system_server                        D  Destroyed live tcp sockets for uids={10143} in 0ms
2025-10-20 12:00:31.922   590-751   InetDiagMessage         system_server                        D  Destroyed 0 sockets, proto=IPPROTO_TCP, family=AF_INET, states=14
2025-10-20 12:00:31.923   590-751   InetDiagMessage         system_server                        D  Destroyed 0 sockets, proto=IPPROTO_TCP, family=AF_INET6, states=14
2025-10-20 12:00:31.923   590-751   InetDiagMessage         system_server                        D  Destroyed live tcp sockets for uids={20143} in 1ms
2025-10-20 12:00:31.974  1337-1337  WindowMetr...tification com...gle.android.inputmethod.latin  I  WindowMetricsNotification.notifyWithWindow():166 
2025-10-20 12:00:31.974  1337-1337  WindowMetr...tification com...gle.android.inputmethod.latin  I  WindowMetricsNotification.notify():159 pjx[bounds=Rect(0, 63 - 1080, 2400), insets=Rect(0, 0 - 0, 63), densityDpi=420, smallestScreenWidthDp=411, displayWidth=1080, displayHeight=2400, xdpi=420.0, ydpi=420.0, isTrustable=true, displayId=0]; DisplayMetrics{density=2.625, width=1080, height=2400, scaledDensity=2.625, xdpi=420.0, ydpi=420.0}
2025-10-20 12:00:32.035  2328-2642  WM-NetworkStateTracker  com.google.android.apps.messaging    D  Network capabilities changed: [ Transports: WIFI Capabilities: NOT_METERED&INTERNET&NOT_RESTRICTED&TRUSTED&NOT_VPN&VALIDATED&NOT_ROAMING&FOREGROUND&NOT_CONGESTED&NOT_SUSPENDED&NOT_VCN_MANAGED&NOT_BANDWIDTH_CONSTRAINED LinkUpBandwidth>=12000Kbps LinkDnBandwidth>=30000Kbps TransportInfo: <SSID: <unknown ssid>, BSSID: 02:00:00:00:00:00, MAC: 02:00:00:00:00:00, IP: /10.0.2.16, Security type: 0, Supplicant state: COMPLETED, Wi-Fi standard: legacy, RSSI: -50, Link speed: 1Mbps, Tx Link speed: 1Mbps, Max Supported Tx Link speed: 11Mbps, Rx Link speed: 2Mbps, Max Supported Rx Link speed: 11Mbps, Frequency: 2447MHz, Net ID: -1, Metered hint: false, score: 60, isUsable: true, CarrierMerged: false, SubscriptionId: -1, IsPrimary: -1, Trusted: true, Restricted: false, Ephemeral: false, OEM paid: false, OEM private: false, OSU AP: false, FQDN: <none>, Provider friendly name: <none>, Requesting package name: <none><none>MLO Information: , Is TID-To-Link negotiation supported by the AP: false, AP MLD Address: <none>, AP MLO Link Id: <none>, AP MLO Affiliated links: <none>, Vendor Data: <none>> SignalStrength: -50 UnderlyingNetworks: Null]
2025-10-20 12:00:32.037   590-751   IPCThreadState          system_server                        W  Sending oneway calls to frozen process.
2025-10-20 12:00:32.037   590-751   IPCThreadState          system_server                        W  Sending oneway calls to frozen process.
2025-10-20 12:00:32.038   590-751   IPCThreadState          system_server                        W  Sending oneway calls to frozen process.
2025-10-20 12:00:32.039   590-751   IPCThreadState          system_server                        W  Sending oneway calls to frozen process.
2025-10-20 12:00:32.039   590-751   IPCThreadState          system_server                        W  Sending oneway calls to frozen process.
2025-10-20 12:00:32.041   590-751   IPCThreadState          system_server                        W  Sending oneway calls to frozen process.
2025-10-20 12:00:32.045   590-751   IPCThreadState          system_server                        W  Sending oneway calls to frozen process.
2025-10-20 12:00:32.047   590-751   IPCThreadState          system_server                        W  Sending oneway calls to frozen process.
2025-10-20 12:00:32.049  1484-2325  BugleRcsEngine          com.google.android.apps.messaging    I  handleMessage processing message:[NOTIFY_UPTIME_IGNORE_STATE_CHANGED] with [non-null]:RcsEngineImpl reference [CONTEXT log_prefix="RcsEngineImpl[DUAL_REG]:[2b7e99a5-a0fa]>Handler" thread_id=67 ]
2025-10-20 12:00:32.050   590-751   IPCThreadState          system_server                        W  Sending oneway calls to frozen process.
2025-10-20 12:00:32.065  1484-2325  BugleRcsEngine          com.google.android.apps.messaging    I  No RCS Configuration was found in Bugle for simID: redacted-pii:sim_id[chars:20,last3:897] [CONTEXT log_prefix="ProvisioningEngineDataRetriever" thread_id=67 ]
2025-10-20 12:00:32.066  1484-1896  BugleRcsEngine          com.google.android.apps.messaging    I  Connected state: [1], networkType: [WIFI] [CONTEXT thread_id=55 ]
2025-10-20 12:00:32.091  1337-1337  GoogleInpu...hodService com...gle.android.inputmethod.latin  I  GoogleInputMethodService$1.onKeyboardViewShown():324 onKeyboardViewShown: keyboardType=accessory, keyboardViewType=HEADER keyboardView=null
2025-10-20 12:00:32.091  1337-1337  Keyboard                com...gle.android.inputmethod.latin  W  Keyboard.getKeyboardViewHelper():602 null helper is returned: keyboardDef=mpa{processedConditions={}, globalConditions={}, className=com.google.android.libraries.inputmethod.keyboard.impl.Keyboard, resourceIds=[#0x7f17004d], initialStates=0, keyboardViewDefs=[], persistentStates=0, persistentStatesPrefKey=null, popupBubbleLayoutId=0, recentKeyLayoutId=0, recentKeyPopupLayoutId=0, recentKeyType=null, rememberRecentKey=NONE, sessionStates=0}, type=BODY, helpersCreated={}, context.getResources().getConfiguration(): {1.0 310mcc260mnc [en_US] ldltr sw411dp w411dp h914dp 420dpi nrml long port finger qwerty/v/v dpad/v winConfig={ mBounds=Rect(0, 0 - 1080, 2400) mAppBounds=Rect(0, 0 - 1080, 2400) mMaxBounds=Rect(0, 0 - 1080, 2400) mDisplayRotation=ROTATION_0 mWindowingMode=fullscreen mActivityType=undefined mAlwaysOnTop=undefined mRotation=ROTATION_0} s.8 fontWeightAdjustment=0}
2025-10-20 12:00:32.091  1337-1337  GoogleInpu...hodService com...gle.android.inputmethod.latin  I  GoogleInputMethodService$1.onKeyboardViewShown():324 onKeyboardViewShown: keyboardType=accessory, keyboardViewType=BODY keyboardView=null
2025-10-20 12:00:32.092  1337-1337  Keyboard                com...gle.android.inputmethod.latin  W  Keyboard.getKeyboardViewHelper():602 null helper is returned: keyboardDef=mpa{processedConditions={}, globalConditions={}, className=com.google.android.libraries.inputmethod.keyboard.impl.Keyboard, resourceIds=[#0x7f17004d], initialStates=0, keyboardViewDefs=[], persistentStates=0, persistentStatesPrefKey=null, popupBubbleLayoutId=0, recentKeyLayoutId=0, recentKeyPopupLayoutId=0, recentKeyType=null, rememberRecentKey=NONE, sessionStates=0}, type=BODY, helpersCreated={}, context.getResources().getConfiguration(): {1.0 310mcc260mnc [en_US] ldltr sw411dp w411dp h914dp 420dpi nrml long port finger qwerty/v/v dpad/v winConfig={ mBounds=Rect(0, 0 - 1080, 2400) mAppBounds=Rect(0, 0 - 1080, 2400) mMaxBounds=Rect(0, 0 - 1080, 2400) mDisplayRotation=ROTATION_0 mWindowingMode=fullscreen mActivityType=undefined mAlwaysOnTop=undefined mRotation=ROTATION_0} s.8 fontWeightAdjustment=0}
2025-10-20 12:00:32.101  1337-1337  TooltipLifecycleManager com...gle.android.inputmethod.latin  W  TooltipLifecycleManager.dismissTooltips():153 Tooltip with id spell_check_add_to_dictionary not found in tooltipManager.
2025-10-20 12:00:32.103  1337-6110  HWUI                    com...gle.android.inputmethod.latin  I  Davey! duration=768ms; Flags=1, FrameTimelineVsyncId=272218, IntendedVsync=8404313119774, Vsync=8404896453084, InputEventId=0, HandleInputStart=8404901712100, AnimationStart=8404901729800, PerformTraversalsStart=8404902885400, DrawStart=8404998606700, FrameDeadline=8404329786440, FrameInterval=8404899697900, FrameStartTime=16666666, SyncQueued=8405019533400, SyncStart=8405034672500, IssueDrawCommandsStart=8405037675700, SwapBuffers=8405082912300, FrameCompleted=8405097236400, DequeueBufferDuration=23200, QueueBufferDuration=629800, GpuCompleted=8405097236400, SwapBuffersCompleted=8405086470500, DisplayPresentTime=0, CommandSubmissionCompleted=8405082912300, 
2025-10-20 12:00:32.108  8834-8834  InsetsController        com...mple.autostradaauctions.debug  D  show(ime(), fromIme=true)
2025-10-20 12:00:32.116  1106-2148  NullBinder              com.google.android.gms.persistent    I  NullBinder for android.net.action.RECOMMEND_NETWORKS triggering remote TransactionTooLargeException due to Service without Chimera impl, calling uid: 1000, calling pid: 0
2025-10-20 12:00:32.116  1106-2148  .gms.persistent         com.google.android.gms.persistent    W  Large reply transaction of 1056768 bytes, interface descriptor , code 1
2025-10-20 12:00:32.122  8834-8834  InteractionJankMonitor  com...mple.autostradaauctions.debug  W  Initializing without READ_DEVICE_CONFIG permission. enabled=false, interval=1, missedFrameThreshold=3, frameTimeThreshold=64, package=com.example.autostradaauctions.debug
2025-10-20 12:00:32.138   848-895   WindowManagerShell      com.android.systemui                 D  onKeepClearAreasChanged: restricted={}, unrestricted={Rect(0, 2337 - 1080, 2400)}
2025-10-20 12:00:32.199  1337-1337  AccessoryI...odeManager com...gle.android.inputmethod.latin  I  AccessoryInputModeManager.onModeStarted():318 Accessory input mode started: PK
2025-10-20 12:00:32.219  1337-1337  WidgetView...ionHandler com...gle.android.inputmethod.latin  I  WidgetViewShowingPositionHandler.updateAvailableArea():199 update available area Rect(21, 84 - 1059, 2333)
2025-10-20 12:00:32.224  1337-1337  HardKeyTracker          com...gle.android.inputmethod.latin  I  HardKeyTracker.registerKeySequence():170 Register key sequence nke{labelResId=2132020520, callback=cil@5c97cea, lastModifier=2, keyCodes=[32], actions=[0]}
2025-10-20 12:00:32.228  1337-1337  NotificationCenter      com...gle.android.inputmethod.latin  W  NotificationCenter$NotificationQueue.notifyPendingNotificationsOnExecutor():877 Heavy notify work detected on UI thread: [juz->jta] takes 29ms
2025-10-20 12:00:32.231  1337-1337  ProactiveS...derManager com...gle.android.inputmethod.latin  I  ProactiveSuggestionsHolderManager$2.display():226 Requesting to show proactive suggestions: CLIPBOARD PREEMPTIVE in HEADER
2025-10-20 12:00:32.233  1337-1337  ProactiveS...derManager com...gle.android.inputmethod.latin  I  ProactiveSuggestionsHolderManager$2.display():245 suggestions CLIPBOARD are pending to show on HEADER
2025-10-20 12:00:32.233  1337-1337  ProactiveS...derManager com...gle.android.inputmethod.latin  I  ProactiveSuggestionsHolderManager$2.display():226 Requesting to show proactive suggestions: CLIPBOARD PREEMPTIVE in FLOATING_CANDIDATES
2025-10-20 12:00:32.233  1337-1337  ProactiveS...derManager com...gle.android.inputmethod.latin  I  ProactiveSuggestionsHolderManager$2.display():245 suggestions CLIPBOARD are pending to show on FLOATING_CANDIDATES
2025-10-20 12:00:32.234  1337-1337  ProactiveS...derManager com...gle.android.inputmethod.latin  I  ProactiveSuggestionsHolderManager$2.display():226 Requesting to show proactive suggestions: CLIPBOARD PREEMPTIVE in WIDGET
2025-10-20 12:00:32.234  1337-1337  ProactiveS...derManager com...gle.android.inputmethod.latin  I  ProactiveSuggestionsHolderManager$2.display():245 suggestions CLIPBOARD are pending to show on WIDGET
2025-10-20 12:00:32.242  1337-1337  Delight5Decoder         com...gle.android.inputmethod.latin  I  Delight5DecoderWrapper.setKeyboardLayout():536 setKeyboardLayout()
2025-10-20 12:00:32.265  1337-1337  TooltipLifecycleManager com...gle.android.inputmethod.latin  W  TooltipLifecycleManager.dismissTooltips():153 Tooltip with id SUGGESTION_VIEW_EDU_MINI_DIALOG not found in tooltipManager.
2025-10-20 12:00:32.292  8834-8860  EGL_emulation           com...mple.autostradaauctions.debug  D  app_time_stats: avg=48.35ms min=3.16ms max=355.80ms count=20
2025-10-20 12:00:32.351  1337-1337  TooltipLifecycleManager com...gle.android.inputmethod.latin  W  TooltipLifecycleManager.dismissTooltips():153 Tooltip with id SUGGESTION_VIEW_EDU_MINI_DIALOG not found in tooltipManager.
2025-10-20 12:00:32.441  8834-8834  ImeTracker              com...mple.autostradaauctions.debug  I  com.example.autostradaauctions.debug:136dcb0f: onShown
2025-10-20 12:00:32.688  1337-1337  TooltipLifecycleManager com...gle.android.inputmethod.latin  W  TooltipLifecycleManager.dismissTooltips():153 Tooltip with id SUGGESTION_VIEW_EDU_MINI_DIALOG not found in tooltipManager.
2025-10-20 12:00:32.728  1337-1773  native                  com...gle.android.inputmethod.latin  I  I0000 00:00:1760954432.725044    1773 input-context-store.cc:340] Ignoring stale client request for FetchSuggestions
2025-10-20 12:00:32.755  1337-1337  InputContextProxy       com...gle.android.inputmethod.latin  W  InputContextProxy.applyClientDiffInternal():933 Ignore [FetchSuggestions] diff due to stale request: 286<290, inputStateId=230, lastInputStateId=230
2025-10-20 12:00:32.836  1337-1343  putmethod.latin         com...gle.android.inputmethod.latin  I  Background concurrent mark compact GC freed 10MB AllocSpace bytes, 60(2792KB) LOS objects, 49% free, 12MB/25MB, paused 1.043ms,19.398ms total 1.043s
2025-10-20 12:00:32.872  1337-1337  TooltipLifecycleManager com...gle.android.inputmethod.latin  W  TooltipLifecycleManager.dismissTooltips():153 Tooltip with id SUGGESTION_VIEW_EDU_MINI_DIALOG not found in tooltipManager.
2025-10-20 12:00:33.131  1337-1337  KeyboardViewController  com...gle.android.inputmethod.latin  I  KeyboardViewController.onKeyboardViewDetached():1386 the keyboard view accessory WIDGET com.google.android.libraries.inputmethod.companionwidget.widget.WidgetSoftKeyboardView{d42e4ee G.E...C.. ......ID 0,0-690,148} is detaching is not the one saved com.google.android.libraries.inputmethod.companionwidget.widget.WidgetSoftKeyboardView{5502d8f V.E...C.. ........ 0,0-148,146}
2025-10-20 12:00:33.152  1337-1337  TooltipLifecycleManager com...gle.android.inputmethod.latin  W  TooltipLifecycleManager.dismissTooltips():153 Tooltip with id SUGGESTION_VIEW_EDU_MINI_DIALOG not found in tooltipManager.
2025-10-20 12:00:33.206  1337-1944  EGL_emulation           com...gle.android.inputmethod.latin  D  app_time_stats: avg=14.06ms min=1.92ms max=73.80ms count=56
2025-10-20 12:00:33.260  1337-1337  TooltipLifecycleManager com...gle.android.inputmethod.latin  W  TooltipLifecycleManager.dismissTooltips():153 Tooltip with id SUGGESTION_VIEW_EDU_MINI_DIALOG not found in tooltipManager.
2025-10-20 12:00:33.358  1337-1337  TooltipLifecycleManager com...gle.android.inputmethod.latin  W  TooltipLifecycleManager.dismissTooltips():153 Tooltip with id SUGGESTION_VIEW_EDU_MINI_DIALOG not found in tooltipManager.
2025-10-20 12:00:33.380  8834-8860  EGL_emulation           com...mple.autostradaauctions.debug  D  app_time_stats: avg=80.27ms min=3.18ms max=272.03ms count=13
2025-10-20 12:00:34.401  8834-8860  EGL_emulation           com...mple.autostradaauctions.debug  D  app_time_stats: avg=334.82ms min=5.79ms max=499.34ms count=3
2025-10-20 12:00:34.652  8834-8834  InsetsController        com...mple.autostradaauctions.debug  D  show(ime(), fromIme=false)
2025-10-20 12:00:34.653  8834-8834  ImeTracker              com...mple.autostradaauctions.debug  I  com.example.autostradaauctions.debug:3aa58cd5: onRequestShow at ORIGIN_CLIENT reason SHOW_SOFT_INPUT_BY_INSETS_API fromUser false
2025-10-20 12:00:34.653   590-713   ImeTracker              system_server                        I  com.example.autostradaauctions.debug:bfe808d5: onRequestShow at ORIGIN_SERVER reason ATTACH_NEW_INPUT fromUser false
2025-10-20 12:00:34.653  8834-8834  ImeTracker              com...mple.autostradaauctions.debug  I  com.example.autostradaauctions.debug:3aa58cd5: onCancelled at PHASE_CLIENT_APPLY_ANIMATION
2025-10-20 12:00:34.654  1337-1337  GoogleInpu...hodService com...gle.android.inputmethod.latin  I  GoogleInputMethodService.onStartInput():1345 onStartInput(EditorInfo{EditorInfo{packageName=com.example.autostradaauctions.debug, inputType=8081, inputTypeString=Password[AutoCorrect], enableLearning=false, autoCorrection=false, autoComplete=true, imeOptions=2000006, privateImeOptions=null, actionName=DONE, actionLabel=null, initialSelStart=0, initialSelEnd=0, initialCapsMode=0, label=null, fieldId=-1, fieldName=null, extras=Bundle[mParcelledData.dataSize=240], hintText=null, hintLocales=[]}}, true)
2025-10-20 12:00:34.654  1337-1337  SessionManager          com...gle.android.inputmethod.latin  W  SessionManager.beginSession():53 Try to begin an already begun session [INPUT_SESSION], end it first
2025-10-20 12:00:34.654  1337-1337  SessionManager          com...gle.android.inputmethod.latin  W  SessionManager.endSession():96 Child session [INPUT_VIEW_SESSION] is not ended while ending session [{INPUT_VIEW_SESSION=1760954431314, INPUT_SESSION=1760954431266, TRAINING_CACHE_SESSION=1760954431399, IME_SESSION=1760954431376}], ending it now.
2025-10-20 12:00:34.654  1337-1337  SessionManager          com...gle.android.inputmethod.latin  W  SessionManager.endSession():96 Child session [IME_SESSION] is not ended while ending session [{INPUT_VIEW_SESSION=1760954431314, INPUT_SESSION=1760954431266, TRAINING_CACHE_SESSION=1760954431399, IME_SESSION=1760954431376}], ending it now.
2025-10-20 12:00:34.655   590-1130  PackageConfigPersister  system_server                        W  App-specific configuration not found for packageName: com.example.autostradaauctions.debug and userId: 0
2025-10-20 12:00:34.656  1337-1337  Module                  com...gle.android.inputmethod.latin  I  DeviceLockedStatusModuleProvider$Module.updateDeviceLockedStatus():103 repeatCheckTimes = 1, locked = false
2025-10-20 12:00:34.657  1337-1337  HardKeyTracker          com...gle.android.inputmethod.latin  I  HardKeyTracker.unregisterKeySequence():221 Unregister key sequence nke{labelResId=0, callback=gfq@778faf1, lastModifier=0, keyCodes=[57, 57], actions=[1, 0]}
2025-10-20 12:00:34.657  1337-1337  HardKeyTracker          com...gle.android.inputmethod.latin  I  HardKeyTracker.unregisterKeySequence():221 Unregister key sequence nke{labelResId=0, callback=gfq@25e76d6, lastModifier=0, keyCodes=[58, 58], actions=[1, 0]}
2025-10-20 12:00:34.660  1337-1337  GoogleInpu...hodService com...gle.android.inputmethod.latin  I  GoogleInputMethodService.onStartInputView():1438 onStartInputView(EditorInfo{EditorInfo{packageName=com.example.autostradaauctions.debug, inputType=8081, inputTypeString=Password[AutoCorrect], enableLearning=false, autoCorrection=false, autoComplete=true, imeOptions=2000006, privateImeOptions=null, actionName=DONE, actionLabel=null, initialSelStart=0, initialSelEnd=0, initialCapsMode=0, label=null, fieldId=-1, fieldName=null, extras=Bundle[{android.support.text.emoji.emojiCompat_metadataVersion=9, android.support.text.emoji.emojiCompat_replaceAll=false}], hintText=null, hintLocales=[]}}, true)
2025-10-20 12:00:34.663  1337-1337  InputBundle             com...gle.android.inputmethod.latin  I  InputBundle.consumeEvent():1033 Skip consuming an event as keyboard status is INACTIVE
2025-10-20 12:00:34.670  1337-1337  AndroidIME              com...gle.android.inputmethod.latin  I  AbstractIme.onDeactivate():216 LatinIme.onDeactivate()
2025-10-20 12:00:34.670  1337-1337  SessionManager          com...gle.android.inputmethod.latin  W  SessionManager.endSession():88 Try to end a not begun session [IME_SESSION].
2025-10-20 12:00:34.671  1337-1337  KeyboardHeightUtil      com...gle.android.inputmethod.latin  I  KeyboardHeightUtil.getOemKeyboardHeightRatio():108 systemKeyboardHeightRatio:1.000000.
2025-10-20 12:00:34.672  1337-1777  ModuleManager           com...gle.android.inputmethod.latin  W  ModuleManager.loadModule():572 Module ofi is not available
2025-10-20 12:00:34.675  1337-1777  NebulaeTra...sProcessor com...gle.android.inputmethod.latin  I  NebulaeTrainingCacheMetricsProcessor.processEndSession():550 No input action collection in this session, skip logging.
2025-10-20 12:00:34.685  8834-8834  ImeTracker              com...mple.autostradaauctions.debug  I  com.example.autostradaauctions.debug:d8d3c6fc: onRequestShow at ORIGIN_CLIENT reason SHOW_SOFT_INPUT fromUser false
2025-10-20 12:00:34.686  8834-8834  InputMethodManager      com...mple.autostradaauctions.debug  D  showSoftInput() view=androidx.compose.ui.platform.AndroidComposeView{c988acc VFED..... .F...... 0,0-1080,2400 aid=1073741824} flags=0 reason=SHOW_SOFT_INPUT
2025-10-20 12:00:34.693  1337-1777  OnDeviceWmrCalculator   com...gle.android.inputmethod.latin  I  OnDeviceWmrCalculator.calculateWmr():94 WMR: 0.0000 (0 / 1)
2025-10-20 12:00:34.709  1337-1337  AndroidIME              com...gle.android.inputmethod.latin  I  InputBundleManager.loadActiveInputBundleId():528 loadActiveInputBundleId: und-Latn-x-password, password
2025-10-20 12:00:34.709  1337-1337  AndroidIME              com...gle.android.inputmethod.latin  I  AbstractIme.onActivate():96 PasswordIme.onActivate() : EditorInfo = EditorInfo{packageName=com.example.autostradaauctions.debug, inputType=8081, inputTypeString=Password[AutoCorrect], enableLearning=false, autoCorrection=false, autoComplete=true, imeOptions=2000006, privateImeOptions=null, actionName=DONE, actionLabel=null, initialSelStart=0, initialSelEnd=0, initialCapsMode=0, label=null, fieldId=-1, fieldName=null, extras=Bundle[{android.support.text.emoji.emojiCompat_metadataVersion=9, android.support.text.emoji.emojiCompat_replaceAll=false}], hintText=null, hintLocales=[]}, IncognitoMode = false, DeviceLocked = false
2025-10-20 12:00:34.709  1337-1337  KeyboardWrapper         com...gle.android.inputmethod.latin  I  KeyboardWrapper.activateKeyboard():581 activateKeyboard(): type=accessory, status=INACTIVE, imeDef=mog{stringId=password, language=und-Latn-x-password, languageTag=und-Latn-x-password, processedConditions={writing_helper_enable_by_word_revert=false, enable_access_points_in_password_number=true, variant=qwerty, true=true, language=en-US, enable_number_row=true, device=phone, enable_number_row_in_password=true, enable_pk_simulator=false}, className=com.google.android.libraries.inputmethod.ime.password.PasswordIme, label=2132019274, keyEventInterpreter=null, inlineComposing=true, autoCapital=true, announceAutoSelectedCandidate=true, statusIcon=0, indicatorIcon=0, indicatorLabel=null, displayAppCompletions=false, extraValues=mnz{}, processors=mpx@d02ba72, unacceptableMetaKeys=4098, languageSpecificSettings=0, asciiCapable=false, alwaysShowSuggestions=false, useAsciiPasswordKeyboard=false, keyboardGroupDef=mpg@5244ec3, phenotypeFlagId=0, localizationLanguageTag=null, supportsInlineSuggestion=false}
2025-10-20 12:00:34.710  1337-1337  KeyboardManager         com...gle.android.inputmethod.latin  I  KeyboardManager.requestKeyboard():248 Creating keyboard accessory, imeId=password, cacheKey=theme,!gsf,!pgsans,!pgsf,!use_system_font,BORDER,FLAVOR_DPI=XXHDPI,GOOGLE_ICONS,IS_LIGHT,KEYBOARD_WIDTH_CATEGORY=NORMAL,KEY_BORDER_SHAPE=1,LIGHT_THEME=true,PHYSICAL_DIAGONAL=6.1297245,POPUP,SCREEN_SHORTEST_WIDTH=411,SCREEN_SHORTEST_WIDTH_NO_SCALE=411,SW400DP,XXHDPI,bottom4dp,enable_emoji_kitchen_browse_color_v2=true,enable_google_fonts_icons=true,enable_popup_on_keypress=true,keyboard_redesign_google_sans=true,non_linear_scale,noshadow,overlay_builtin_dynamic_color_light_base.binarypb:gm3-light-fffaf8ff-ff495d92-dd932801c7764dc17cd06f315d9c155d,roundedchip,silkpopup
2025-10-20 12:00:34.711  1337-1337  KeyboardWrapper         com...gle.android.inputmethod.latin  I  KeyboardWrapper.onKeyboardReady():224 onKeyboardReady(): type=accessory(accessory), kb=com.google.android.libraries.inputmethod.keyboard.impl.Keyboard@7e69437
2025-10-20 12:00:34.711  1337-1337  KeyboardWrapper         com...gle.android.inputmethod.latin  I  KeyboardWrapper.doActivateKeyboard():611 doActivateKeyboard(): accessory
2025-10-20 12:00:34.711  1337-1337  Keyboard                com...gle.android.inputmethod.latin  W  Keyboard.getKeyboardViewHelper():602 null helper is returned: keyboardDef=mpa{processedConditions={}, globalConditions={}, className=com.google.android.libraries.inputmethod.keyboard.impl.Keyboard, resourceIds=[#0x7f17004d], initialStates=0, keyboardViewDefs=[], persistentStates=0, persistentStatesPrefKey=null, popupBubbleLayoutId=0, recentKeyLayoutId=0, recentKeyPopupLayoutId=0, recentKeyType=null, rememberRecentKey=NONE, sessionStates=0}, type=HEADER, helpersCreated={}, context.getResources().getConfiguration(): {1.0 310mcc260mnc [en_US] ldltr sw411dp w411dp h914dp 420dpi nrml long port finger qwerty/v/v dpad/v winConfig={ mBounds=Rect(0, 0 - 1080, 2400) mAppBounds=Rect(0, 0 - 1080, 2400) mMaxBounds=Rect(0, 0 - 1080, 2400) mDisplayRotation=ROTATION_0 mWindowingMode=fullscreen mActivityType=undefined mAlwaysOnTop=undefined mRotation=ROTATION_0} s.8 fontWeightAdjustment=0}
2025-10-20 12:00:34.711  1337-1337  Keyboard                com...gle.android.inputmethod.latin  W  Keyboard.getKeyboardViewHelper():602 null helper is returned: keyboardDef=mpa{processedConditions={}, globalConditions={}, className=com.google.android.libraries.inputmethod.keyboard.impl.Keyboard, resourceIds=[#0x7f17004d], initialStates=0, keyboardViewDefs=[], persistentStates=0, persistentStatesPrefKey=null, popupBubbleLayoutId=0, recentKeyLayoutId=0, recentKeyPopupLayoutId=0, recentKeyType=null, rememberRecentKey=NONE, sessionStates=0}, type=BODY, helpersCreated={}, context.getResources().getConfiguration(): {1.0 310mcc260mnc [en_US] ldltr sw411dp w411dp h914dp 420dpi nrml long port finger qwerty/v/v dpad/v winConfig={ mBounds=Rect(0, 0 - 1080, 2400) mAppBounds=Rect(0, 0 - 1080, 2400) mMaxBounds=Rect(0, 0 - 1080, 2400) mDisplayRotation=ROTATION_0 mWindowingMode=fullscreen mActivityType=undefined mAlwaysOnTop=undefined mRotation=ROTATION_0} s.8 fontWeightAdjustment=0}
2025-10-20 12:00:34.712  1337-1337  GlobeKeyExtension       com...gle.android.inputmethod.latin  I  GlobeKeyExtension.getKeyboardInitialStates():175 
2025-10-20 12:00:34.714  1337-1337  Keyboard                com...gle.android.inputmethod.latin  W  Keyboard.getKeyboardViewHelper():602 null helper is returned: keyboardDef=mpa{processedConditions={}, globalConditions={}, className=com.google.android.libraries.inputmethod.keyboard.impl.Keyboard, resourceIds=[#0x7f17004d], initialStates=0, keyboardViewDefs=[], persistentStates=0, persistentStatesPrefKey=null, popupBubbleLayoutId=0, recentKeyLayoutId=0, recentKeyPopupLayoutId=0, recentKeyType=null, rememberRecentKey=NONE, sessionStates=0}, type=HEADER, helpersCreated={}, context.getResources().getConfiguration(): {1.0 310mcc260mnc [en_US] ldltr sw411dp w411dp h914dp 420dpi nrml long port finger qwerty/v/v dpad/v winConfig={ mBounds=Rect(0, 0 - 1080, 2400) mAppBounds=Rect(0, 0 - 1080, 2400) mMaxBounds=Rect(0, 0 - 1080, 2400) mDisplayRotation=ROTATION_0 mWindowingMode=fullscreen mActivityType=undefined mAlwaysOnTop=undefined mRotation=ROTATION_0} s.8 fontWeightAdjustment=0}
2025-10-20 12:00:34.715  1337-1337  Keyboard                com...gle.android.inputmethod.latin  W  Keyboard.getKeyboardViewHelper():602 null helper is returned: keyboardDef=mpa{processedConditions={}, globalConditions={}, className=com.google.android.libraries.inputmethod.keyboard.impl.Keyboard, resourceIds=[#0x7f17004d], initialStates=0, keyboardViewDefs=[], persistentStates=0, persistentStatesPrefKey=null, popupBubbleLayoutId=0, recentKeyLayoutId=0, recentKeyPopupLayoutId=0, recentKeyType=null, rememberRecentKey=NONE, sessionStates=0}, type=BODY, helpersCreated={}, context.getResources().getConfiguration(): {1.0 310mcc260mnc [en_US] ldltr sw411dp w411dp h914dp 420dpi nrml long port finger qwerty/v/v dpad/v winConfig={ mBounds=Rect(0, 0 - 1080, 2400) mAppBounds=Rect(0, 0 - 1080, 2400) mMaxBounds=Rect(0, 0 - 1080, 2400) mDisplayRotation=ROTATION_0 mWindowingMode=fullscreen mActivityType=undefined mAlwaysOnTop=undefined mRotation=ROTATION_0} s.8 fontWeightAdjustment=0}
2025-10-20 12:00:34.716  1337-1337  Keyboard                com...gle.android.inputmethod.latin  W  Keyboard.getKeyboardViewHelper():602 null helper is returned: keyboardDef=mpa{processedConditions={}, globalConditions={}, className=com.google.android.libraries.inputmethod.keyboard.impl.Keyboard, resourceIds=[#0x7f17004d], initialStates=0, keyboardViewDefs=[], persistentStates=0, persistentStatesPrefKey=null, popupBubbleLayoutId=0, recentKeyLayoutId=0, recentKeyPopupLayoutId=0, recentKeyType=null, rememberRecentKey=NONE, sessionStates=0}, type=FLOATING_CANDIDATES, helpersCreated={}, context.getResources().getConfiguration(): {1.0 310mcc260mnc [en_US] ldltr sw411dp w411dp h914dp 420dpi nrml long port finger qwerty/v/v dpad/v winConfig={ mBounds=Rect(0, 0 - 1080, 2400) mAppBounds=Rect(0, 0 - 1080, 2400) mMaxBounds=Rect(0, 0 - 1080, 2400) mDisplayRotation=ROTATION_0 mWindowingMode=fullscreen mActivityType=undefined mAlwaysOnTop=undefined mRotation=ROTATION_0} s.8 fontWeightAdjustment=0}
2025-10-20 12:00:34.716  1337-1337  Keyboard                com...gle.android.inputmethod.latin  W  Keyboard.getKeyboardViewHelper():602 null helper is returned: keyboardDef=mpa{processedConditions={}, globalConditions={}, className=com.google.android.libraries.inputmethod.keyboard.impl.Keyboard, resourceIds=[#0x7f17004d], initialStates=0, keyboardViewDefs=[], persistentStates=0, persistentStatesPrefKey=null, popupBubbleLayoutId=0, recentKeyLayoutId=0, recentKeyPopupLayoutId=0, recentKeyType=null, rememberRecentKey=NONE, sessionStates=0}, type=WIDGET, helpersCreated={}, context.getResources().getConfiguration(): {1.0 310mcc260mnc [en_US] ldltr sw411dp w411dp h914dp 420dpi nrml long port finger qwerty/v/v dpad/v winConfig={ mBounds=Rect(0, 0 - 1080, 2400) mAppBounds=Rect(0, 0 - 1080, 2400) mMaxBounds=Rect(0, 0 - 1080, 2400) mDisplayRotation=ROTATION_0 mWindowingMode=fullscreen mActivityType=undefined mAlwaysOnTop=undefined mRotation=ROTATION_0} s.8 fontWeightAdjustment=0}
2025-10-20 12:00:34.718  1337-1337  KeyboardManager         com...gle.android.inputmethod.latin  I  KeyboardManager.requestKeyboard():248 Creating keyboard accessory_candidates_consumer, imeId=password, cacheKey=theme,!gsf,!pgsans,!pgsf,!use_system_font,BORDER,FLAVOR_DPI=XXHDPI,GOOGLE_ICONS,IS_LIGHT,KEYBOARD_WIDTH_CATEGORY=NORMAL,KEY_BORDER_SHAPE=1,LIGHT_THEME=true,PHYSICAL_DIAGONAL=6.1297245,POPUP,SCREEN_SHORTEST_WIDTH=411,SCREEN_SHORTEST_WIDTH_NO_SCALE=411,SW400DP,XXHDPI,bottom4dp,enable_emoji_kitchen_browse_color_v2=true,enable_google_fonts_icons=true,enable_popup_on_keypress=true,keyboard_redesign_google_sans=true,non_linear_scale,noshadow,overlay_builtin_dynamic_color_light_base.binarypb:gm3-light-fffaf8ff-ff495d92-dd932801c7764dc17cd06f315d9c155d,roundedchip,silkpopup
2025-10-20 12:00:34.720  1337-1337  GlobeKeyExtension       com...gle.android.inputmethod.latin  I  GlobeKeyExtension.getKeyboardInitialStates():175 
2025-10-20 12:00:34.721  1337-1337  Keyboard                com...gle.android.inputmethod.latin  W  Keyboard.getKeyboardViewHelper():602 null helper is returned: keyboardDef=mpa{processedConditions={}, globalConditions={global_theme_key=theme,!gsf,!pgsans,!pgsf,!use_system_font,BORDER,FLAVOR_DPI=XXHDPI,GOOGLE_ICONS,IS_LIGHT,KEYBOARD_WIDTH_CATEGORY=NORMAL,KEY_BORDER_SHAPE=1,LIGHT_THEME=true,PHYSICAL_DIAGONAL=6.1297245,POPUP,SCREEN_SHORTEST_WIDTH=411,SCREEN_SHORTEST_WIDTH_NO_SCALE=411,SW400DP,XXHDPI,bottom4dp,enable_emoji_kitchen_browse_color_v2=true,enable_google_fonts_icons=true,enable_popup_on_keypress=true,keyboard_redesign_google_sans=true,non_linear_scale,noshadow,overlay_builtin_dynamic_color_light_base.binarypb:gm3-light-fffaf8ff-ff495d92-dd932801c7764dc17cd06f315d9c155d,roundedchip,silkpopup, global_locale=en_US, global_density_dpi=420, global_orientation=1}, className=.latin.keyboard.AccessoryKeyboard, resourceIds=[#0x7f17004c], initialStates=0, keyboardViewDefs=[mpo{direction=null, id=#0x7f0b0226, isScalable=false, layoutId=#0x7f0e0032, type=FLOATING_CANDIDATES, touchable=true, defaultShow=false}], persistentStates=0, persistentStatesPrefKey=null, popupBubbleLayoutId=#0x7f0e05f3, recentKeyLayoutId=0, recentKeyPopupLayoutId=0, recentKeyType=null, rememberRecentKey=NONE, sessionStates=0}, type=HEADER, helpersCreated={FLOATING_CANDIDATES=mbd@3933f46}, context.getResources().getConfiguration(): {1.0 310mcc260mnc [en_US] ldltr sw411dp w411dp h914dp 420dpi nrml long port finger qwerty/v/v dpad/v winConfig={ mBounds=Rect(0, 0 - 1080, 2400) mAppBounds=Rect(0, 0 - 1080, 2400) mMaxBounds=Rect(0, 0 - 1080, 2400) mDisplayRotation=ROTATION_0 mWindowingMode=fullscreen mActivityType=undefined mAlwaysOnTop=undefined mRotation=ROTATION_0} s.8 fontWeightAdjustment=0}
2025-10-20 12:00:34.721  1337-1337  Keyboard                com...gle.android.inputmethod.latin  W  Keyboard.getKeyboardViewHelper():602 null helper is returned: keyboardDef=mpa{processedConditions={}, globalConditions={global_theme_key=theme,!gsf,!pgsans,!pgsf,!use_system_font,BORDER,FLAVOR_DPI=XXHDPI,GOOGLE_ICONS,IS_LIGHT,KEYBOARD_WIDTH_CATEGORY=NORMAL,KEY_BORDER_SHAPE=1,LIGHT_THEME=true,PHYSICAL_DIAGONAL=6.1297245,POPUP,SCREEN_SHORTEST_WIDTH=411,SCREEN_SHORTEST_WIDTH_NO_SCALE=411,SW400DP,XXHDPI,bottom4dp,enable_emoji_kitchen_browse_color_v2=true,enable_google_fonts_icons=true,enable_popup_on_keypress=true,keyboard_redesign_google_sans=true,non_linear_scale,noshadow,overlay_builtin_dynamic_color_light_base.binarypb:gm3-light-fffaf8ff-ff495d92-dd932801c7764dc17cd06f315d9c155d,roundedchip,silkpopup, global_locale=en_US, global_density_dpi=420, global_orientation=1}, className=.latin.keyboard.AccessoryKeyboard, resourceIds=[#0x7f17004c], initialStates=0, keyboardViewDefs=[mpo{direction=null, id=#0x7f0b0226, isScalable=false, layoutId=#0x7f0e0032, type=FLOATING_CANDIDATES, touchable=true, defaultShow=false}], persistentStates=0, persistentStatesPrefKey=null, popupBubbleLayoutId=#0x7f0e05f3, recentKeyLayoutId=0, recentKeyPopupLayoutId=0, recentKeyType=null, rememberRecentKey=NONE, sessionStates=0}, type=BODY, helpersCreated={FLOATING_CANDIDATES=mbd@3933f46}, context.getResources().getConfiguration(): {1.0 310mcc260mnc [en_US] ldltr sw411dp w411dp h914dp 420dpi nrml long port finger qwerty/v/v dpad/v winConfig={ mBounds=Rect(0, 0 - 1080, 2400) mAppBounds=Rect(0, 0 - 1080, 2400) mMaxBounds=Rect(0, 0 - 1080, 2400) mDisplayRotation=ROTATION_0 mWindowingMode=fullscreen mActivityType=undefined mAlwaysOnTop=undefined mRotation=ROTATION_0} s.8 fontWeightAdjustment=0}
2025-10-20 12:00:34.723  1337-1337  ProactiveS...derManager com...gle.android.inputmethod.latin  I  ProactiveSuggestionsHolderManager$Holder.maybeShowPendingSuggestions():915 has pending suggestions to show: [CLIPBOARD]
2025-10-20 12:00:34.726  1337-1337  AndroidIME              com...gle.android.inputmethod.latin  I  InputBundleManager.startInput():358 startInput() with mpk[keyboardType=accessory, payload=null]
2025-10-20 12:00:34.726  1337-1337  GlobeKeyExtension       com...gle.android.inputmethod.latin  I  GlobeKeyExtension.onDeactivate():144 
2025-10-20 12:00:34.734  1337-1337  AutoPasteS...tionHelper com...gle.android.inputmethod.latin  W  AutoPasteSuggestionHelper.setMaxWidthOfChipTextView():1070 Failed to get the width of the proactive suggestion view holder in HEADER.
2025-10-20 12:00:34.736  1337-1337  AutoPasteS...tionHelper com...gle.android.inputmethod.latin  W  AutoPasteSuggestionHelper.setMaxWidthOfChipTextView():1070 Failed to get the width of the proactive suggestion view holder in HEADER.
2025-10-20 12:00:34.741  1337-1337  AutoPasteS...tionHelper com...gle.android.inputmethod.latin  W  AutoPasteSuggestionHelper.setMaxWidthOfChipTextView():1070 Failed to get the width of the proactive suggestion view holder in WIDGET.
2025-10-20 12:00:34.742  1337-1337  ProactiveS...derManager com...gle.android.inputmethod.latin  I  ProactiveSuggestionsHolderManager$2.display():226 Requesting to show proactive suggestions: CLIPBOARD PREEMPTIVE_WITH_SUPPRESSION in HEADER
2025-10-20 12:00:34.743  1337-1337  ProactiveS...derManager com...gle.android.inputmethod.latin  I  ProactiveSuggestionsHolderManager$2.display():245 suggestions CLIPBOARD are pending to show on HEADER
2025-10-20 12:00:34.744  1337-1337  ProactiveS...derManager com...gle.android.inputmethod.latin  I  ProactiveSuggestionsHolderManager$2.display():226 Requesting to show proactive suggestions: CLIPBOARD PREEMPTIVE_WITH_SUPPRESSION in FLOATING_CANDIDATES
2025-10-20 12:00:34.745  1337-1337  ProactiveS...derManager com...gle.android.inputmethod.latin  I  ProactiveSuggestionsHolderManager$2.display():245 suggestions CLIPBOARD are pending to show on FLOATING_CANDIDATES
2025-10-20 12:00:34.745  1337-1337  ProactiveS...derManager com...gle.android.inputmethod.latin  I  ProactiveSuggestionsHolderManager$2.display():226 Requesting to show proactive suggestions: CLIPBOARD PREEMPTIVE_WITH_SUPPRESSION in WIDGET
2025-10-20 12:00:34.745  1337-1337  ProactiveS...derManager com...gle.android.inputmethod.latin  I  ProactiveSuggestionsHolderManager$2.display():245 suggestions CLIPBOARD are pending to show on WIDGET
2025-10-20 12:00:34.747  1337-1337  VoiceInput...gerWrapper com...gle.android.inputmethod.latin  I  VoiceInputManagerWrapper.shutdown():131 shutdown()
2025-10-20 12:00:34.748  1337-1337  ExtensionWrapper        com...gle.android.inputmethod.latin  W  ExtensionWrapper.setAllowUpdateNavigationBarStyle():820 class jte is not activate
2025-10-20 12:00:34.750  1337-1337  ExtensionWrapper        com...gle.android.inputmethod.latin  W  ExtensionWrapper.setAllowUpdateNavigationBarStyle():820 class jte is not activate
2025-10-20 12:00:34.751  1337-1337  GlobeKeyExtension       com...gle.android.inputmethod.latin  I  GlobeKeyExtension.onActivate():120 
2025-10-20 12:00:34.752  1337-1337  NewLanguag...tExtension com...gle.android.inputmethod.latin  I  NewLanguagePromptExtension.onActivate():189 Not activated NewLanguagePromptExtension: not a normal text input box.
2025-10-20 12:00:34.753  1337-1337  HardKeyTracker          com...gle.android.inputmethod.latin  I  HardKeyTracker.unregisterKeySequence():221 Unregister key sequence nke{labelResId=2132020515, callback=cil@59b80b1, lastModifier=2, keyCodes=[56], actions=[0]}
2025-10-20 12:00:34.754  1337-1337  HardKeyTracker          com...gle.android.inputmethod.latin  I  HardKeyTracker.unregisterKeySequence():221 Unregister key sequence nke{labelResId=2132020515, callback=cil@e51e996, lastModifier=0, keyCodes=[317], actions=[0]}
2025-10-20 12:00:34.754  1337-1337  HardKeyTracker          com...gle.android.inputmethod.latin  I  HardKeyTracker.registerKeySequence():170 Register key sequence nke{labelResId=2132020515, callback=cil@920c7fa, lastModifier=2, keyCodes=[56], actions=[0]}
