2025-10-20 12:00:21.116  7200-7207  .apps.wellbeing         com.google.android.apps.wellbeing    W  ApkAssets: Deleting an ApkAssets object '<empty> and /data/app/~~RIQaz_sy-Saa2NGqUr2usA==/com.google.android.contacts-4tPt6rPd1-Fpd9p9bfvSEQ==/split_config.x86_64.apk' with 1 weak references
2025-10-20 12:00:21.116  7200-7207  .apps.wellbeing         com.google.android.apps.wellbeing    W  ApkAssets: Deleting an ApkAssets object '<empty> and /data/app/~~RIQaz_sy-Saa2NGqUr2usA==/com.google.android.contacts-4tPt6rPd1-Fpd9p9bfvSEQ==/split_config.xxhdpi.apk' with 1 weak references
2025-10-20 12:00:21.116  7200-7207  .apps.wellbeing         com.google.android.apps.wellbeing    W  ApkAssets: Deleting an ApkAssets object '<empty> and /system/priv-app/Telecom/Telecom.apk' with 1 weak references
2025-10-20 12:00:21.117  7200-7207  .apps.wellbeing         com.google.android.apps.wellbeing    W  ApkAssets: Deleting an ApkAssets object '/product/overlay/Telecom__sdk_gphone64_x86_64__auto_generated_rro_product.apk' with 1 weak references
2025-10-20 12:00:21.117  7200-7207  .apps.wellbeing         com.google.android.apps.wellbeing    W  ApkAssets: Deleting an ApkAssets object '<empty> and /system/app/KeyChain/KeyChain.apk' with 1 weak references
2025-10-20 12:00:21.117  7200-7207  .apps.wellbeing         com.google.android.apps.wellbeing    W  ApkAssets: Deleting an ApkAssets object '<empty> and /data/app/~~XYlIEfeumtG7-QxhOwHVXQ==/com.android.chrome-1F9M53lzJpSqr7gcr67Cgw==/base.apk' with 1 weak references
2025-10-20 12:00:21.117  7200-7207  .apps.wellbeing         com.google.android.apps.wellbeing    W  ApkAssets: Deleting an ApkAssets object '<empty> and /data/app/~~XYlIEfeumtG7-QxhOwHVXQ==/com.android.chrome-1F9M53lzJpSqr7gcr67Cgw==/split_chrome.apk' with 1 weak references
2025-10-20 12:00:21.118  7200-7207  .apps.wellbeing         com.google.android.apps.wellbeing    W  ApkAssets: Deleting an ApkAssets object '<empty> and /data/app/~~XYlIEfeumtG7-QxhOwHVXQ==/com.android.chrome-1F9M53lzJpSqr7gcr67Cgw==/split_config.en.apk' with 1 weak references
2025-10-20 12:00:21.118  7200-7207  .apps.wellbeing         com.google.android.apps.wellbeing    W  ApkAssets: Deleting an ApkAssets object '<empty> and /data/app/~~XYlIEfeumtG7-QxhOwHVXQ==/com.android.chrome-1F9M53lzJpSqr7gcr67Cgw==/split_dev_ui.apk' with 1 weak references
2025-10-20 12:00:21.118  7200-7207  .apps.wellbeing         com.google.android.apps.wellbeing    W  ApkAssets: Deleting an ApkAssets object '<empty> and /data/app/~~XYlIEfeumtG7-QxhOwHVXQ==/com.android.chrome-1F9M53lzJpSqr7gcr67Cgw==/split_on_demand.apk' with 1 weak references
2025-10-20 12:00:21.118  7200-7207  .apps.wellbeing         com.google.android.apps.wellbeing    W  ApkAssets: Deleting an ApkAssets object '<empty> and /data/app/~~XYlIEfeumtG7-QxhOwHVXQ==/com.android.chrome-1F9M53lzJpSqr7gcr67Cgw==/split_stack_unwinder.apk' with 1 weak references
2025-10-20 12:00:21.118  7200-7207  .apps.wellbeing         com.google.android.apps.wellbeing    W  ApkAssets: Deleting an ApkAssets object '<empty> and /data/app/~~XYlIEfeumtG7-QxhOwHVXQ==/com.android.chrome-1F9M53lzJpSqr7gcr67Cgw==/split_test_dummy.apk' with 1 weak references
2025-10-20 12:00:21.118  7200-7207  .apps.wellbeing         com.google.android.apps.wellbeing    W  ApkAssets: Deleting an ApkAssets object '<empty> and /data/app/~~AEj1L11J2PCtoTVWy6OtRg==/com.google.android.trichromelibrary_739011138-sCem72FW12mK25fSaHeCrA==/base.apk' with 1 weak references
2025-10-20 12:00:21.118  7200-7207  .apps.wellbeing         com.google.android.apps.wellbeing    W  ApkAssets: Deleting an ApkAssets object '<empty> and /system/priv-app/GooglePackageInstaller/GooglePackageInstaller.apk' with 1 weak references
2025-10-20 12:00:21.118  7200-7207  .apps.wellbeing         com.google.android.apps.wellbeing    W  ApkAssets: Deleting an ApkAssets object '<empty> and /product/app/PixelThemesStub/PixelThemesStub.apk' with 1 weak references
2025-10-20 12:00:21.119  7200-7207  .apps.wellbeing         com.google.android.apps.wellbeing    W  ApkAssets: Deleting an ApkAssets object '<empty> and /system_ext/priv-app/GoogleServicesFramework/GoogleServicesFramework.apk' with 1 weak references
2025-10-20 12:00:21.119  7200-7207  .apps.wellbeing         com.google.android.apps.wellbeing    W  ApkAssets: Deleting an ApkAssets object '<empty> and /system/priv-app/TagGoogle/TagGoogle.apk' with 1 weak references
2025-10-20 12:00:21.119  7200-7207  .apps.wellbeing         com.google.android.apps.wellbeing    W  ApkAssets: Deleting an ApkAssets object '<empty> and /data/app/~~cym5epH7cNsWHv7z2nrdXg==/com.google.android.tts-4BVd-ZQZWZ4rptCXL3rAqg==/base.apk' with 1 weak references
2025-10-20 12:00:21.120  7200-7207  .apps.wellbeing         com.google.android.apps.wellbeing    W  ApkAssets: Deleting an ApkAssets object '<empty> and /data/app/~~cym5epH7cNsWHv7z2nrdXg==/com.google.android.tts-4BVd-ZQZWZ4rptCXL3rAqg==/split_config.en.apk' with 1 weak references
2025-10-20 12:00:21.120  7200-7207  .apps.wellbeing         com.google.android.apps.wellbeing    W  ApkAssets: Deleting an ApkAssets object '<empty> and /data/app/~~cym5epH7cNsWHv7z2nrdXg==/com.google.android.tts-4BVd-ZQZWZ4rptCXL3rAqg==/split_config.x86_64.apk' with 1 weak references
2025-10-20 12:00:21.120  7200-7207  .apps.wellbeing         com.google.android.apps.wellbeing    W  ApkAssets: Deleting an ApkAssets object '<empty> and /data/app/~~cym5epH7cNsWHv7z2nrdXg==/com.google.android.tts-4BVd-ZQZWZ4rptCXL3rAqg==/split_config.xxhdpi.apk' with 1 weak references
2025-10-20 12:00:21.120  7200-7207  .apps.wellbeing         com.google.android.apps.wellbeing    W  ApkAssets: Deleting an ApkAssets object '<empty> and /data/app/~~lFt6rzKolPKdbFE6ZZgZng==/com.google.android.partnersetup-kz9scgXvy8ciaCrSMSx39g==/base.apk' with 1 weak references
2025-10-20 12:00:21.120  7200-7207  .apps.wellbeing         com.google.android.apps.wellbeing    W  ApkAssets: Deleting an ApkAssets object '<empty> and /data/app/~~lFt6rzKolPKdbFE6ZZgZng==/com.google.android.partnersetup-kz9scgXvy8ciaCrSMSx39g==/split_config.en.apk' with 1 weak references
2025-10-20 12:00:21.120  7200-7207  .apps.wellbeing         com.google.android.apps.wellbeing    W  ApkAssets: Deleting an ApkAssets object '<empty> and /data/app/~~lFt6rzKolPKdbFE6ZZgZng==/com.google.android.partnersetup-kz9scgXvy8ciaCrSMSx39g==/split_config.sr.apk' with 1 weak references
2025-10-20 12:00:21.120  7200-7207  .apps.wellbeing         com.google.android.apps.wellbeing    W  ApkAssets: Deleting an ApkAssets object '<empty> and /data/app/~~lFt6rzKolPKdbFE6ZZgZng==/com.google.android.partnersetup-kz9scgXvy8ciaCrSMSx39g==/split_config.xxhdpi.apk' with 1 weak references
2025-10-20 12:00:21.121  7200-7207  .apps.wellbeing         com.google.android.apps.wellbeing    W  ApkAssets: Deleting an ApkAssets object '<empty> and /system/app/CameraExtensionsProxy/CameraExtensionsProxy.apk' with 1 weak references
2025-10-20 12:00:21.121  7200-7207  .apps.wellbeing         com.google.android.apps.wellbeing    W  ApkAssets: Deleting an ApkAssets object '<empty> and /product/app/NexusWallpapersStubPrebuilt2018/NexusWallpapersStubPrebuilt2018.apk' with 1 weak references
2025-10-20 12:00:21.121  7200-7207  .apps.wellbeing         com.google.android.apps.wellbeing    W  ApkAssets: Deleting an ApkAssets object '<empty> and /system_ext/priv-app/NexusLauncherRelease/NexusLauncherRelease.apk' with 1 weak references
2025-10-20 12:00:21.121  7200-7207  .apps.wellbeing         com.google.android.apps.wellbeing    W  ApkAssets: Deleting an ApkAssets object '<empty> and /system/app/CarrierDefaultApp/CarrierDefaultApp.apk' with 1 weak references
2025-10-20 12:00:21.121  7200-7207  .apps.wellbeing         com.google.android.apps.wellbeing    W  ApkAssets: Deleting an ApkAssets object '<empty> and /system/priv-app/CredentialManager/CredentialManager.apk' with 1 weak references
2025-10-20 12:00:21.123  7200-7207  .apps.wellbeing         com.google.android.apps.wellbeing    W  ApkAssets: Deleting an ApkAssets object '<empty> and /system/priv-app/DeviceAsWebcam/DeviceAsWebcam.apk' with 1 weak references
2025-10-20 12:00:21.524   590-1128  OptProp                 system_server                        W  Cannot read opt property android.window.PROPERTY_COMPAT_ENABLE_FAKE_FOCUS
2025-10-20 12:00:21.524   590-1128  CompatChangeReporter    system_server                        D  Compat change id reported: 324203798; UID 10208; state: ENABLED
2025-10-20 12:00:21.529  8834-8834  Choreographer           com...mple.autostradaauctions.debug  I  Skipped 37 frames!  The application may be doing too much work on its main thread.
2025-10-20 12:00:21.685  8834-8834  CompatChangeReporter    com...mple.autostradaauctions.debug  D  Compat change id reported: 309578419; UID 10208; state: ENABLED
2025-10-20 12:00:21.862  8834-8834  HWUI                    com...mple.autostradaauctions.debug  W  Unknown dataspace 0
2025-10-20 12:00:22.410  8834-8845  aauctions.debug         com...mple.autostradaauctions.debug  I  Compiler allocated 5174KB to compile void android.view.ViewRootImpl.performTraversals()
2025-10-20 12:00:22.695   590-1537  TaskPersister           system_server                        E  File error accessing recents directory (directory doesn't exist?).
2025-10-20 12:00:22.785   590-1839  CoreBackPreview         system_server                        D  Window{aa104b u0 com.example.autostradaauctions.debug/com.example.autostradaauctions.MainActivity}: Setting back callback OnBackInvokedCallbackInfo{mCallback=android.window.IOnBackInvokedCallback$Stub$Proxy@dcf0572, mPriority=0, mIsAnimationCallback=false}
2025-10-20 12:00:22.908   590-696   ActivityManager         system_server                        D  freezing 7069 com.google.android.settings.intelligence
2025-10-20 12:00:22.933   590-751   InetDiagMessage         system_server                        D  Destroyed 0 sockets, proto=IPPROTO_TCP, family=AF_INET, states=14
2025-10-20 12:00:22.936   590-751   InetDiagMessage         system_server                        D  Destroyed 0 sockets, proto=IPPROTO_TCP, family=AF_INET6, states=14
2025-10-20 12:00:22.936   590-751   InetDiagMessage         system_server                        D  Destroyed live tcp sockets for uids={10142} in 26ms
2025-10-20 12:00:22.972  8834-8834  aauctions.debug         com...mple.autostradaauctions.debug  W  Method boolean androidx.compose.runtime.snapshots.SnapshotStateList.conditionalUpdate(boolean, kotlin.jvm.functions.Function1) failed lock verification and will run slower.
                                                                                                    Common causes for lock verification issues are non-optimized dex code
                                                                                                    and incorrect proguard optimizations.
2025-10-20 12:00:22.972  8834-8834  aauctions.debug         com...mple.autostradaauctions.debug  W  Method boolean androidx.compose.runtime.snapshots.SnapshotStateList.conditionalUpdate$default(androidx.compose.runtime.snapshots.SnapshotStateList, boolean, kotlin.jvm.functions.Function1, int, java.lang.Object) failed lock verification and will run slower.
2025-10-20 12:00:22.973  8834-8834  aauctions.debug         com...mple.autostradaauctions.debug  W  Method java.lang.Object androidx.compose.runtime.snapshots.SnapshotStateList.mutate(kotlin.jvm.functions.Function1) failed lock verification and will run slower.
2025-10-20 12:00:22.973  8834-8834  aauctions.debug         com...mple.autostradaauctions.debug  W  Method void androidx.compose.runtime.snapshots.SnapshotStateList.update(boolean, kotlin.jvm.functions.Function1) failed lock verification and will run slower.
2025-10-20 12:00:22.974  8834-8834  aauctions.debug         com...mple.autostradaauctions.debug  W  Method void androidx.compose.runtime.snapshots.SnapshotStateList.update$default(androidx.compose.runtime.snapshots.SnapshotStateList, boolean, kotlin.jvm.functions.Function1, int, java.lang.Object) failed lock verification and will run slower.
2025-10-20 12:00:23.185  8834-8834  aauctions.debug         com...mple.autostradaauctions.debug  W  Accessing hidden method Ljava/lang/invoke/MethodHandles$Lookup;-><init>(Ljava/lang/Class;I)V (unsupported, reflection, allowed)
2025-10-20 12:00:23.271  8834-8863  TrafficStats            com...mple.autostradaauctions.debug  D  tagSocket(102) with statsTag=0xffffffff, statsUid=-1
2025-10-20 12:00:24.009  8834-8860  EGL_emulation           com...mple.autostradaauctions.debug  I  Opening libGLESv1_CM_emulation.so
2025-10-20 12:00:24.011  8834-8860  EGL_emulation           com...mple.autostradaauctions.debug  I  Opening libGLESv2_emulation.so
2025-10-20 12:00:24.047  8834-8860  HWUI                    com...mple.autostradaauctions.debug  W  Failed to choose config with EGL_SWAP_BEHAVIOR_PRESERVED, retrying without...
2025-10-20 12:00:24.048  8834-8860  HWUI                    com...mple.autostradaauctions.debug  W  Failed to initialize 101010-2 format, error = EGL_SUCCESS
2025-10-20 12:00:24.154   163-163   hwservicemanager        hwservicemanager                     I  getTransport: Cannot find entry android.hardware.graphics.mapper@4.0::IMapper/default in either framework or device VINTF manifest.
2025-10-20 12:00:24.155  8834-8860  Gralloc4                com...mple.autostradaauctions.debug  I  mapper 4.x is not supported
2025-10-20 12:00:24.366   590-611   ziparchive              system_server                        W  Unable to open '/data/app/~~UM3gLQyPHGN_iE_L0Qy5_A==/com.example.autostradaauctions.debug-sG1sE6KNKXayr9_9QcVvWg==/base.dm': No such file or directory
2025-10-20 12:00:24.367   590-611   ActivityTaskManager     system_server                        I  Displayed com.example.autostradaauctions.debug/com.example.autostradaauctions.MainActivity for user 0: +5s293ms
2025-10-20 12:00:24.374  8834-8850  HWUI                    com...mple.autostradaauctions.debug  I  Davey! duration=2483ms; Flags=1, FrameTimelineVsyncId=271129, IntendedVsync=8394879786818, Vsync=8394879786818, InputEventId=0, HandleInputStart=8394891546700, AnimationStart=8394891571800, PerformTraversalsStart=8394891608600, DrawStart=8397173564700, FrameDeadline=8394896453484, FrameInterval=8394891531500, FrameStartTime=16666666, SyncQueued=8397208235500, SyncStart=8397209865900, IssueDrawCommandsStart=8397210990900, SwapBuffers=8397352856700, FrameCompleted=8397365255200, DequeueBufferDuration=59000, QueueBufferDuration=948200, GpuCompleted=8397365255200, SwapBuffersCompleted=8397357221600, DisplayPresentTime=0, CommandSubmissionCompleted=8397352856700, 
2025-10-20 12:00:24.389  8834-8834  Choreographer           com...mple.autostradaauctions.debug  I  Skipped 141 frames!  The application may be doing too much work on its main thread.
2025-10-20 12:00:24.423   590-713   ImeTracker              system_server                        I  com.example.autostradaauctions.debug:c6017cfa: onRequestHide at ORIGIN_SERVER reason HIDE_UNSPECIFIED_WINDOW fromUser false
2025-10-20 12:00:24.423   590-713   ImeTracker              system_server                        I  com.example.autostradaauctions.debug:c6017cfa: onCancelled at PHASE_SERVER_SHOULD_HIDE
2025-10-20 12:00:24.437  8834-8853  HWUI                    com...mple.autostradaauctions.debug  I  Davey! duration=2400ms; Flags=0, FrameTimelineVsyncId=271144, IntendedVsync=8395029786812, Vsync=8397379786718, InputEventId=0, HandleInputStart=8397390307600, AnimationStart=8397390338900, PerformTraversalsStart=8397406635500, DrawStart=8397406961900, FrameDeadline=8397396453384, FrameInterval=8397389892300, FrameStartTime=16666666, SyncQueued=8397409584200, SyncStart=8397409883100, IssueDrawCommandsStart=8397409974600, SwapBuffers=8397425200800, FrameCompleted=8397430812900, DequeueBufferDuration=19800, QueueBufferDuration=184600, GpuCompleted=8397430812900, SwapBuffersCompleted=8397427744800, DisplayPresentTime=0, CommandSubmissionCompleted=8397425200800, 
2025-10-20 12:00:24.440  1337-1337  GoogleInpu...hodService com...gle.android.inputmethod.latin  I  GoogleInputMethodService.onFinishInput():2084 
2025-10-20 12:00:24.442  1337-1337  Module                  com...gle.android.inputmethod.latin  I  DeviceLockedStatusModuleProvider$Module.updateDeviceLockedStatus():103 repeatCheckTimes = 0, locked = false
2025-10-20 12:00:24.443  1337-1337  GoogleInpu...hodService com...gle.android.inputmethod.latin  I  GoogleInputMethodService.onStartInput():1345 onStartInput(EditorInfo{EditorInfo{packageName=com.example.autostradaauctions.debug, inputType=0, inputTypeString=NULL, enableLearning=false, autoCorrection=false, autoComplete=false, imeOptions=0, privateImeOptions=null, actionName=UNSPECIFIED, actionLabel=null, initialSelStart=-1, initialSelEnd=-1, initialCapsMode=0, label=null, fieldId=0, fieldName=null, extras=null, hintText=null, hintLocales=[]}}, false)
2025-10-20 12:00:24.444   590-1128  PackageConfigPersister  system_server                        W  App-specific configuration not found for packageName: com.example.autostradaauctions.debug and userId: 0
2025-10-20 12:00:24.446  1337-1337  Module                  com...gle.android.inputmethod.latin  I  DeviceLockedStatusModuleProvider$Module.updateDeviceLockedStatus():103 repeatCheckTimes = 1, locked = false
2025-10-20 12:00:24.460  1106-1118  FontLog                 com.google.android.gms.persistent    I  (REDACTED) Received query %s, URI %s
2025-10-20 12:00:24.461  1106-1118  FontLog                 com.google.android.gms.persistent    I  (REDACTED) Query [%s] resolved to %s
2025-10-20 12:00:24.469  1106-1118  FontLog                 com.google.android.gms.persistent    I  (REDACTED) Fetch %s end status %s
2025-10-20 12:00:24.492  1106-1118  FontLog                 com.google.android.gms.persistent    I  (REDACTED) Pulling font file for id = %d, cache size = %d
2025-10-20 12:00:24.509  1106-1118  FontLog                 com.google.android.gms.persistent    I  (REDACTED) Pulling font file for id = %d, cache size = %d
2025-10-20 12:00:24.747   848-944   WindowOnBackDispatcher  com.android.systemui                 W  sendCancelIfRunning: isInProgress=false callback=android.view.ViewRootImpl$$ExternalSyntheticLambda11@e6d8261
2025-10-20 12:00:24.747   590-1128  CoreBackPreview         system_server                        D  Window{ae8c52d u0 Splash Screen com.example.autostradaauctions.debug EXITING}: Setting back callback null
2025-10-20 12:00:24.749   590-1839  InputManager-JNI        system_server                        W  Input channel object 'ae8c52d Splash Screen com.example.autostradaauctions.debug (client)' was disposed without first being removed with the input manager!
2025-10-20 12:00:24.754  1147-1147  BaseDepthController     com...le.android.apps.nexuslauncher  D  setSurface:
                                                                                                    	mWaitingOnSurfaceValidity: false
                                                                                                    	mSurface: null
2025-10-20 12:00:24.754  1147-1147  BaseDepthController     com...le.android.apps.nexuslauncher  D  mSurface is null and mCurrentBlur is: 0
2025-10-20 12:00:24.756  1147-1147  StateManager            com...le.android.apps.nexuslauncher  D  goToState - fromState: Normal, toState: Normal, partial trace:
                                                                                                    	at com.android.launcher3.statemanager.StateManager.moveToRestState(go/retraceme 2855a437b73635ce9cad76b9289087e631bbb67fc90008a0da13d343a00e5041:4)
                                                                                                    	at com.android.launcher3.statemanager.StateManager.moveToRestState(go/retraceme 2855a437b73635ce9cad76b9289087e631bbb67fc90008a0da13d343a00e5041:1)
                                                                                                    	at com.android.launcher3.statemanager.StatefulActivity.onStop(go/retraceme 2855a437b73635ce9cad76b9289087e631bbb67fc90008a0da13d343a00e5041:34)
2025-10-20 12:00:24.758  1147-1147  StatsLog                com...le.android.apps.nexuslauncher  D  LAUNCHER_ONSTOP
2025-10-20 12:00:24.760  1147-1788  OneSearchS...stProvider com...le.android.apps.nexuslauncher  D  Shut down the binder channel
2025-10-20 12:00:24.764  1147-1147  StatsLog                com...le.android.apps.nexuslauncher  D  LAUNCHER_GOOGLE_SEARCH_RESTORE_LIST_SIZE_AFTER_ACTIVITY_RESTART
2025-10-20 12:00:24.807   848-944   FrameTracker            com.android.systemui                 W  Missing HWUI jank callback for vsyncId: 271239, CUJ=J<SPLASHSCREEN_EXIT_ANIM>
2025-10-20 12:00:24.807   848-944   FrameTracker            com.android.systemui                 W  Missing HWUI jank callback for vsyncId: 271285, CUJ=J<SPLASHSCREEN_EXIT_ANIM>
2025-10-20 12:00:26.007   590-751   IPCThreadState          system_server                        W  Sending oneway calls to frozen process.
2025-10-20 12:00:26.007   590-751   IPCThreadState          system_server                        W  Sending oneway calls to frozen process.
2025-10-20 12:00:26.010  2328-2642  WM-NetworkStateTracker  com.google.android.apps.messaging    D  Network capabilities changed: [ Transports: WIFI Capabilities: NOT_METERED&INTERNET&NOT_RESTRICTED&TRUSTED&NOT_VPN&VALIDATED&NOT_ROAMING&FOREGROUND&NOT_CONGESTED&NOT_SUSPENDED&NOT_VCN_MANAGED&NOT_BANDWIDTH_CONSTRAINED LinkUpBandwidth>=12000Kbps LinkDnBandwidth>=30000Kbps TransportInfo: <SSID: <unknown ssid>, BSSID: 02:00:00:00:00:00, MAC: 02:00:00:00:00:00, IP: /10.0.2.16, Security type: 0, Supplicant state: COMPLETED, Wi-Fi standard: legacy, RSSI: -50, Link speed: 2Mbps, Tx Link speed: 2Mbps, Max Supported Tx Link speed: 11Mbps, Rx Link speed: 2Mbps, Max Supported Rx Link speed: 11Mbps, Frequency: 2447MHz, Net ID: -1, Metered hint: false, score: 60, isUsable: true, CarrierMerged: false, SubscriptionId: -1, IsPrimary: -1, Trusted: true, Restricted: false, Ephemeral: false, OEM paid: false, OEM private: false, OSU AP: false, FQDN: <none>, Provider friendly name: <none>, Requesting package name: <none><none>MLO Information: , Is TID-To-Link negotiation supported by the AP: false, AP MLD Address: <none>, AP MLO Link Id: <none>, AP MLO Affiliated links: <none>, Vendor Data: <none>> SignalStrength: -50 UnderlyingNetworks: Null]
2025-10-20 12:00:26.010   590-751   IPCThreadState          system_server                        W  Sending oneway calls to frozen process.
2025-10-20 12:00:26.011  1484-2325  BugleRcsEngine          com.google.android.apps.messaging    I  handleMessage processing message:[NOTIFY_UPTIME_IGNORE_STATE_CHANGED] with [non-null]:RcsEngineImpl reference [CONTEXT log_prefix="RcsEngineImpl[DUAL_REG]:[2b7e99a5-a0fa]>Handler" thread_id=67 ]
2025-10-20 12:00:26.011  1484-1896  BugleRcsEngine          com.google.android.apps.messaging    I  Connected state: [1], networkType: [WIFI] [CONTEXT thread_id=55 ]
2025-10-20 12:00:26.013  1106-2148  NullBinder              com.google.android.gms.persistent    I  NullBinder for android.net.action.RECOMMEND_NETWORKS triggering remote TransactionTooLargeException due to Service without Chimera impl, calling uid: 1000, calling pid: 0
2025-10-20 12:00:26.013  1106-2148  .gms.persistent         com.google.android.gms.persistent    W  Large reply transaction of 1056768 bytes, interface descriptor , code 1
2025-10-20 12:00:26.018  1484-2325  BugleRcsEngine          com.google.android.apps.messaging    I  No RCS Configuration was found in Bugle for simID: redacted-pii:sim_id[chars:20,last3:897] [CONTEXT log_prefix="ProvisioningEngineDataRetriever" thread_id=67 ]
2025-10-20 12:00:27.495  8834-8872  ProfileInstaller        com...mple.autostradaauctions.debug  D  Installing profile for com.example.autostradaauctions.debug
2025-10-20 12:00:28.529  1147-1157  IPCThreadState          com...le.android.apps.nexuslauncher  I  oneway function results for code 2 on binder at 0x762f1a615550 will be dropped but finished with status UNKNOWN_TRANSACTION
2025-10-20 12:00:29.144   848-848   ClipboardListener       com.android.systemui                 I  Clipboard overlay suppressed.
2025-10-20 12:00:29.148  1424-1629  AiAiTranslate           com.google.android.as                I  C2T - not in a conversation
2025-10-20 12:00:29.160  1424-1654  AiAiTextClassifier      com.google.android.as                I  GenerateLinks did not find valid links, returning empty result
2025-10-20 12:00:29.215  8834-8834  System.out              com...mple.autostradaauctions.debug  I  DEBUG: Login clicked - navigating to login
2025-10-20 12:00:29.230   590-696   ActivityManager         system_server                        D  freezing 2812 com.android.vending:background
2025-10-20 12:00:29.232   590-696   ActivityManager         system_server                        D  freezing 2648 com.android.vending
2025-10-20 12:00:29.348   590-751   InetDiagMessage         system_server                        D  Destroyed 0 sockets, proto=IPPROTO_TCP, family=AF_INET, states=14
2025-10-20 12:00:29.349   590-751   InetDiagMessage         system_server                        D  Destroyed 2 sockets, proto=IPPROTO_TCP, family=AF_INET6, states=14
2025-10-20 12:00:29.349   590-751   InetDiagMessage         system_server                        D  Destroyed live tcp sockets for uids={10141} in 2ms
2025-10-20 12:00:29.386  8834-8845  aauctions.debug         com...mple.autostradaauctions.debug  I  Compiler allocated 9237KB to compile void com.example.autostradaauctions.ui.screens.HomeScreenKt.HomeScreen(kotlin.jvm.functions.Function1, kotlin.jvm.functions.Function0, kotlin.jvm.functions.Function0, kotlin.jvm.functions.Function0, kotlin.jvm.functions.Function0, kotlin.jvm.functions.Function0, kotlin.jvm.functions.Function0, com.example.autostradaauctions.data.model.UserRole, com.example.autostradaauctions.ui.viewmodel.HomeViewModel, androidx.compose.runtime.Composer, int, int)
2025-10-20 12:00:29.417  8834-8834  WindowOnBackDispatcher  com...mple.autostradaauctions.debug  W  OnBackInvokedCallback is not enabled for the application.
                                                                                                    Set 'android:enableOnBackInvokedCallback="true"' in the application manifest.
2025-10-20 12:00:29.556  8834-8860  EGL_emulation           com...mple.autostradaauctions.debug  D  app_time_stats: avg=860.76ms min=4.03ms max=4489.10ms count=6
2025-10-20 12:00:29.668  8834-8845  aauctions.debug         com...mple.autostradaauctions.debug  I  Compiler allocated 4237KB to compile void com.example.autostradaauctions.ui.screens.HomeScreenKt$EnhancedAuctionCard$2.invoke(androidx.compose.foundation.layout.ColumnScope, androidx.compose.runtime.Composer, int)
2025-10-20 12:00:30.003  8834-8846  aauctions.debug         com...mple.autostradaauctions.debug  I  Background concurrent mark compact GC freed 5710KB AllocSpace bytes, 19(692KB) LOS objects, 49% free, 6496KB/12MB, paused 666us,11.731ms total 52.829ms
2025-10-20 12:00:31.161  8834-8834  Compose Focus           com...mple.autostradaauctions.debug  D  Owner FocusChanged(true)
2025-10-20 12:00:31.227  8834-8834  InsetsController        com...mple.autostradaauctions.debug  D  show(ime(), fromIme=false)
2025-10-20 12:00:31.230  1337-1337  GoogleInpu...hodService com...gle.android.inputmethod.latin  I  GoogleInputMethodService.onFinishInput():2084 
2025-10-20 12:00:31.232  1337-1337  Module                  com...gle.android.inputmethod.latin  I  DeviceLockedStatusModuleProvider$Module.updateDeviceLockedStatus():103 repeatCheckTimes = 0, locked = false
2025-10-20 12:00:31.234  8834-8834  ImeTracker              com...mple.autostradaauctions.debug  I  com.example.autostradaauctions.debug:2ee53a46: onRequestShow at ORIGIN_CLIENT reason SHOW_SOFT_INPUT_BY_INSETS_API fromUser false
2025-10-20 12:00:31.235  1337-1337  GoogleInpu...hodService com...gle.android.inputmethod.latin  I  GoogleInputMethodService.onStartInput():1345 onStartInput(EditorInfo{EditorInfo{packageName=com.example.autostradaauctions.debug, inputType=8001, inputTypeString=Normal[AutoCorrect], enableLearning=true, autoCorrection=true, autoComplete=true, imeOptions=2000005, privateImeOptions=null, actionName=NEXT, actionLabel=null, initialSelStart=0, initialSelEnd=0, initialCapsMode=0, label=null, fieldId=-1, fieldName=null, extras=Bundle[mParcelledData.dataSize=240], hintText=null, hintLocales=[]}}, false)
2025-10-20 12:00:31.238  8834-8834  InputMethodManager      com...mple.autostradaauctions.debug  D  showSoftInput() view=androidx.compose.ui.platform.AndroidComposeView{c988acc VFED..... .F....ID 0,0-1080,2400 aid=1073741824} flags=0 reason=SHOW_SOFT_INPUT_BY_INSETS_API
2025-10-20 12:00:31.247   590-606   PackageConfigPersister  system_server                        W  App-specific configuration not found for packageName: com.example.autostradaauctions.debug and userId: 0
2025-10-20 12:00:31.262  1337-1337  Module                  com...gle.android.inputmethod.latin  I  DeviceLockedStatusModuleProvider$Module.updateDeviceLockedStatus():103 repeatCheckTimes = 1, locked = false
2025-10-20 12:00:31.266  1337-1337  GoogleInpu...hodService com...gle.android.inputmethod.latin  I  GoogleInputMethodService.onStartInput():1345 onStartInput(EditorInfo{EditorInfo{packageName=com.example.autostradaauctions.debug, inputType=8001, inputTypeString=Normal[AutoCorrect], enableLearning=true, autoCorrection=true, autoComplete=true, imeOptions=2000005, privateImeOptions=null, actionName=NEXT, actionLabel=null, initialSelStart=0, initialSelEnd=0, initialCapsMode=0, label=null, fieldId=-1, fieldName=null, extras=Bundle[mParcelledData.dataSize=240], hintText=null, hintLocales=[]}}, true)
2025-10-20 12:00:31.266  1337-1337  SessionManager          com...gle.android.inputmethod.latin  W  SessionManager.beginSession():53 Try to begin an already begun session [INPUT_SESSION], end it first
2025-10-20 12:00:31.267   590-1839  PackageConfigPersister  system_server                        W  App-specific configuration not found for packageName: com.example.autostradaauctions.debug and userId: 0
2025-10-20 12:00:31.268  1337-1337  Module                  com...gle.android.inputmethod.latin  I  DeviceLockedStatusModuleProvider$Module.updateDeviceLockedStatus():103 repeatCheckTimes = 1, locked = false
2025-10-20 12:00:31.271  1337-1337  StylusModule            com...gle.android.inputmethod.latin  I  StylusModule.onUpdateToolType():799 Update tool type = 2
2025-10-20 12:00:31.275  8834-8860  EGL_emulation           com...mple.autostradaauctions.debug  D  app_time_stats: avg=32.81ms min=3.11ms max=921.86ms count=42
2025-10-20 12:00:31.283  8834-8834  ImeTracker              com...mple.autostradaauctions.debug  I  com.example.autostradaauctions.debug:136dcb0f: onRequestShow at ORIGIN_CLIENT reason SHOW_SOFT_INPUT fromUser false
2025-10-20 12:00:31.283  8834-8834  InputMethodManager      com...mple.autostradaauctions.debug  D  showSoftInput() view=androidx.compose.ui.platform.AndroidComposeView{c988acc VFED..... .F...... 0,0-1080,2400 aid=1073741824} flags=0 reason=SHOW_SOFT_INPUT
2025-10-20 12:00:31.286  8834-8834  RemoteInpu...ectionImpl com...mple.autostradaauctions.debug  W  requestCursorUpdates on inactive InputConnection
2025-10-20 12:00:31.307  1337-1337  GoogleInpu...hodService com...gle.android.inputmethod.latin  I  GoogleInputMethodService.onStartInputView():1438 onStartInputView(EditorInfo{EditorInfo{packageName=com.example.autostradaauctions.debug, inputType=8001, inputTypeString=Normal[AutoCorrect], enableLearning=true, autoCorrection=true, autoComplete=true, imeOptions=2000005, privateImeOptions=null, actionName=NEXT, actionLabel=null, initialSelStart=0, initialSelEnd=0, initialCapsMode=0, label=null, fieldId=-1, fieldName=null, extras=Bundle[{android.support.text.emoji.emojiCompat_metadataVersion=9, android.support.text.emoji.emojiCompat_replaceAll=false}], hintText=null, hintLocales=[]}}, false)
2025-10-20 12:00:31.324  1337-1337  KeyboardHeightUtil      com...gle.android.inputmethod.latin  I  KeyboardHeightUtil.getOemKeyboardHeightRatio():108 systemKeyboardHeightRatio:1.000000.
2025-10-20 12:00:31.373  1337-1337  AndroidIME              com...gle.android.inputmethod.latin  I  InputBundleManager.loadActiveInputBundleId():528 loadActiveInputBundleId: en-US, ime_english_united_states
2025-10-20 12:00:31.380  1337-1337  AndroidIME              com...gle.android.inputmethod.latin  I  AbstractIme.onActivate():96 LatinIme.onActivate() : EditorInfo = EditorInfo{packageName=com.example.autostradaauctions.debug, inputType=8001, inputTypeString=Normal[AutoCorrect], enableLearning=true, autoCorrection=true, autoComplete=true, imeOptions=2000005, privateImeOptions=null, actionName=NEXT, actionLabel=null, initialSelStart=0, initialSelEnd=0, initialCapsMode=0, label=null, fieldId=-1, fieldName=null, extras=Bundle[{android.support.text.emoji.emojiCompat_metadataVersion=9, android.support.text.emoji.emojiCompat_replaceAll=false}], hintText=null, hintLocales=[]}, IncognitoMode = false, DeviceLocked = false
2025-10-20 12:00:31.406  1337-1337  InputBundle             com...gle.android.inputmethod.latin  I  InputBundle.consumeEvent():1033 Skip consuming an event as keyboard status is INACTIVE
2025-10-20 12:00:31.418  1337-1337  Delight5Facilitator     com...gle.android.inputmethod.latin  I  Delight5Facilitator.initializeForIme():739 initializeForIme() : Locale = [en_US], layout = qwerty
2025-10-20 12:00:31.448  1337-1337  LatinIme                com...gle.android.inputmethod.latin  I  LatinIme.updateEnableInlineSuggestionsOnDecoderSideFlags():1246 inline flag updated to:false
2025-10-20 12:00:31.463   185-8855  keystore2               keystore2                            I  system/security/keystore2/watchdog/src/lib.rs:319 - Watchdog thread idle -> terminating. Have a great day.
2025-10-20 12:00:31.470  1337-1337  LatinIme                com...gle.android.inputmethod.latin  I  LatinIme.updateEnableInlineSuggestionsOnDecoderSideFlags():1246 inline flag updated to:false
2025-10-20 12:00:31.549  1337-1337  InputBundle             com...gle.android.inputmethod.latin  I  InputBundle.consumeEvent():1033 Skip consuming an event as keyboard status is INACTIVE
2025-10-20 12:00:31.549  1337-1337  LatinIme                com...gle.android.inputmethod.latin  I  LatinIme.resetInputContext():2250 resetInputContext(): reason=1, externalEditsInfo=ExternalEditsInfo{action=0, offset=-1, text=null, originalText=null, edits=null}
2025-10-20 12:00:31.549  1337-1337  InputBundle             com...gle.android.inputmethod.latin  I  InputBundle.consumeEvent():1033 Skip consuming an event as keyboard status is INACTIVE
2025-10-20 12:00:31.563  1337-1773  Delight5Decoder         com...gle.android.inputmethod.latin  I  Delight5DecoderWrapper.setKeyboardLayout():536 setKeyboardLayout()
2025-10-20 12:00:31.567  1337-1337  KeyboardWrapper         com...gle.android.inputmethod.latin  I  KeyboardWrapper.activateKeyboard():581 activateKeyboard(): type=accessory, status=INACTIVE, imeDef=mog{stringId=ime_english_united_states, language=en-US, languageTag=en-US, processedConditions={writing_helper_enable_by_word_revert=false, true=true, enable_number_row=false, device=phone, enable_pk_simulator=false}, className=com.google.android.apps.inputmethod.libs.latin5.LatinIme, label=0, keyEventInterpreter=null, inlineComposing=true, autoCapital=true, announceAutoSelectedCandidate=true, statusIcon=0, indicatorIcon=0, indicatorLabel=US, displayAppCompletions=true, extraValues=mnz{#0x7f0b02e2=TypedValue{t=0x3/d=0x0 "com.google.android.apps.inputmethod.libs.latin5.LatinIme"}}, processors=mpx@d02ba72, unacceptableMetaKeys=4098, languageSpecificSettings=0, asciiCapable=true, alwaysShowSuggestions=false, useAsciiPasswordKeyboard=false, keyboardGroupDef=mpg@492fd46, phenotypeFlagId=0, localizationLanguageTag=null, supportsInlineSuggestion=true}
2025-10-20 12:00:31.569  1337-1337  KeyboardManager         com...gle.android.inputmethod.latin  I  KeyboardManager.requestKeyboard():248 Creating keyboard accessory, imeId=ime_english_united_states, cacheKey=theme,!gsf,!pgsans,!pgsf,!use_system_font,BORDER,FLAVOR_DPI=XXHDPI,GOOGLE_ICONS,IS_LIGHT,KEYBOARD_WIDTH_CATEGORY=NORMAL,KEY_BORDER_SHAPE=1,LIGHT_THEME=true,PHYSICAL_DIAGONAL=6.1297245,POPUP,SCREEN_SHORTEST_WIDTH=411,SCREEN_SHORTEST_WIDTH_NO_SCALE=411,SW400DP,XXHDPI,bottom4dp,enable_emoji_kitchen_browse_color_v2=true,enable_google_fonts_icons=true,enable_popup_on_keypress=true,keyboard_redesign_google_sans=true,non_linear_scale,noshadow,overlay_builtin_dynamic_color_light_base.binarypb:gm3-light-fffaf8ff-ff495d92-dd932801c7764dc17cd06f315d9c155d,roundedchip,silkpopup
2025-10-20 12:00:31.574  1337-1337  KeyboardWrapper         com...gle.android.inputmethod.latin  I  KeyboardWrapper.onKeyboardReady():224 onKeyboardReady(): type=accessory(accessory), kb=com.google.android.libraries.inputmethod.keyboard.impl.Keyboard@776e46e
2025-10-20 12:00:31.574  1337-1337  KeyboardWrapper         com...gle.android.inputmethod.latin  I  KeyboardWrapper.doActivateKeyboard():611 doActivateKeyboard(): accessory
2025-10-20 12:00:31.577  1337-1337  Keyboard                com...gle.android.inputmethod.latin  W  Keyboard.getKeyboardViewHelper():602 null helper is returned: keyboardDef=mpa{processedConditions={}, globalConditions={}, className=com.google.android.libraries.inputmethod.keyboard.impl.Keyboard, resourceIds=[#0x7f17004d], initialStates=0, keyboardViewDefs=[], persistentStates=0, persistentStatesPrefKey=null, popupBubbleLayoutId=0, recentKeyLayoutId=0, recentKeyPopupLayoutId=0, recentKeyType=null, rememberRecentKey=NONE, sessionStates=0}, type=HEADER, helpersCreated={}, context.getResources().getConfiguration(): {1.0 310mcc260mnc [en_US] ldltr sw411dp w411dp h914dp 420dpi nrml long port finger qwerty/v/v dpad/v winConfig={ mBounds=Rect(0, 0 - 1080, 2400) mAppBounds=Rect(0, 0 - 1080, 2400) mMaxBounds=Rect(0, 0 - 1080, 2400) mDisplayRotation=ROTATION_0 mWindowingMode=fullscreen mActivityType=undefined mAlwaysOnTop=undefined mRotation=ROTATION_0} s.8 fontWeightAdjustment=0}
2025-10-20 12:00:31.583  1337-1337  Keyboard                com...gle.android.inputmethod.latin  W  Keyboard.getKeyboardViewHelper():602 null helper is returned: keyboardDef=mpa{processedConditions={}, globalConditions={}, className=com.google.android.libraries.inputmethod.keyboard.impl.Keyboard, resourceIds=[#0x7f17004d], initialStates=0, keyboardViewDefs=[], persistentStates=0, persistentStatesPrefKey=null, popupBubbleLayoutId=0, recentKeyLayoutId=0, recentKeyPopupLayoutId=0, recentKeyType=null, rememberRecentKey=NONE, sessionStates=0}, type=BODY, helpersCreated={}, context.getResources().getConfiguration(): {1.0 310mcc260mnc [en_US] ldltr sw411dp w411dp h914dp 420dpi nrml long port finger qwerty/v/v dpad/v winConfig={ mBounds=Rect(0, 0 - 1080, 2400) mAppBounds=Rect(0, 0 - 1080, 2400) mMaxBounds=Rect(0, 0 - 1080, 2400) mDisplayRotation=ROTATION_0 mWindowingMode=fullscreen mActivityType=undefined mAlwaysOnTop=undefined mRotation=ROTATION_0} s.8 fontWeightAdjustment=0}
2025-10-20 12:00:31.586  1337-1337  GlobeKeyExtension       com...gle.android.inputmethod.latin  I  GlobeKeyExtension.getKeyboardInitialStates():175 
2025-10-20 12:00:31.598  1337-1337  Keyboard                com...gle.android.inputmethod.latin  W  Keyboard.getKeyboardViewHelper():602 null helper is returned: keyboardDef=mpa{processedConditions={}, globalConditions={}, className=com.google.android.libraries.inputmethod.keyboard.impl.Keyboard, resourceIds=[#0x7f17004d], initialStates=0, keyboardViewDefs=[], persistentStates=0, persistentStatesPrefKey=null, popupBubbleLayoutId=0, recentKeyLayoutId=0, recentKeyPopupLayoutId=0, recentKeyType=null, rememberRecentKey=NONE, sessionStates=0}, type=HEADER, helpersCreated={}, context.getResources().getConfiguration(): {1.0 310mcc260mnc [en_US] ldltr sw411dp w411dp h914dp 420dpi nrml long port finger qwerty/v/v dpad/v winConfig={ mBounds=Rect(0, 0 - 1080, 2400) mAppBounds=Rect(0, 0 - 1080, 2400) mMaxBounds=Rect(0, 0 - 1080, 2400) mDisplayRotation=ROTATION_0 mWindowingMode=fullscreen mActivityType=undefined mAlwaysOnTop=undefined mRotation=ROTATION_0} s.8 fontWeightAdjustment=0}
2025-10-20 12:00:31.599  1337-1337  Keyboard                com...gle.android.inputmethod.latin  W  Keyboard.getKeyboardViewHelper():602 null helper is returned: keyboardDef=mpa{processedConditions={}, globalConditions={}, className=com.google.android.libraries.inputmethod.keyboard.impl.Keyboard, resourceIds=[#0x7f17004d], initialStates=0, keyboardViewDefs=[], persistentStates=0, persistentStatesPrefKey=null, popupBubbleLayoutId=0, recentKeyLayoutId=0, recentKeyPopupLayoutId=0, recentKeyType=null, rememberRecentKey=NONE, sessionStates=0}, type=BODY, helpersCreated={}, context.getResources().getConfiguration(): {1.0 310mcc260mnc [en_US] ldltr sw411dp w411dp h914dp 420dpi nrml long port finger qwerty/v/v dpad/v winConfig={ mBounds=Rect(0, 0 - 1080, 2400) mAppBounds=Rect(0, 0 - 1080, 2400) mMaxBounds=Rect(0, 0 - 1080, 2400) mDisplayRotation=ROTATION_0 mWindowingMode=fullscreen mActivityType=undefined mAlwaysOnTop=undefined mRotation=ROTATION_0} s.8 fontWeightAdjustment=0}
2025-10-20 12:00:31.599  1337-1337  Keyboard                com...gle.android.inputmethod.latin  W  Keyboard.getKeyboardViewHelper():602 null helper is returned: keyboardDef=mpa{processedConditions={}, globalConditions={}, className=com.google.android.libraries.inputmethod.keyboard.impl.Keyboard, resourceIds=[#0x7f17004d], initialStates=0, keyboardViewDefs=[], persistentStates=0, persistentStatesPrefKey=null, popupBubbleLayoutId=0, recentKeyLayoutId=0, recentKeyPopupLayoutId=0, recentKeyType=null, rememberRecentKey=NONE, sessionStates=0}, type=FLOATING_CANDIDATES, helpersCreated={}, context.getResources().getConfiguration(): {1.0 310mcc260mnc [en_US] ldltr sw411dp w411dp h914dp 420dpi nrml long port finger qwerty/v/v dpad/v winConfig={ mBounds=Rect(0, 0 - 1080, 2400) mAppBounds=Rect(0, 0 - 1080, 2400) mMaxBounds=Rect(0, 0 - 1080, 2400) mDisplayRotation=ROTATION_0 mWindowingMode=fullscreen mActivityType=undefined mAlwaysOnTop=undefined mRotation=ROTATION_0} s.8 fontWeightAdjustment=0}
2025-10-20 12:00:31.599  1337-1337  Keyboard                com...gle.android.inputmethod.latin  W  Keyboard.getKeyboardViewHelper():602 null helper is returned: keyboardDef=mpa{processedConditions={}, globalConditions={}, className=com.google.android.libraries.inputmethod.keyboard.impl.Keyboard, resourceIds=[#0x7f17004d], initialStates=0, keyboardViewDefs=[], persistentStates=0, persistentStatesPrefKey=null, popupBubbleLayoutId=0, recentKeyLayoutId=0, recentKeyPopupLayoutId=0, recentKeyType=null, rememberRecentKey=NONE, sessionStates=0}, type=WIDGET, helpersCreated={}, context.getResources().getConfiguration(): {1.0 310mcc260mnc [en_US] ldltr sw411dp w411dp h914dp 420dpi nrml long port finger qwerty/v/v dpad/v winConfig={ mBounds=Rect(0, 0 - 1080, 2400) mAppBounds=Rect(0, 0 - 1080, 2400) mMaxBounds=Rect(0, 0 - 1080, 2400) mDisplayRotation=ROTATION_0 mWindowingMode=fullscreen mActivityType=undefined mAlwaysOnTop=undefined mRotation=ROTATION_0} s.8 fontWeightAdjustment=0}
2025-10-20 12:00:31.601  1337-1337  KeyboardManager         com...gle.android.inputmethod.latin  I  KeyboardManager.requestKeyboard():248 Creating keyboard accessory_candidates_consumer, imeId=ime_english_united_states, cacheKey=theme,!gsf,!pgsans,!pgsf,!use_system_font,BORDER,FLAVOR_DPI=XXHDPI,GOOGLE_ICONS,IS_LIGHT,KEYBOARD_WIDTH_CATEGORY=NORMAL,KEY_BORDER_SHAPE=1,LIGHT_THEME=true,PHYSICAL_DIAGONAL=6.1297245,POPUP,SCREEN_SHORTEST_WIDTH=411,SCREEN_SHORTEST_WIDTH_NO_SCALE=411,SW400DP,XXHDPI,bottom4dp,enable_emoji_kitchen_browse_color_v2=true,enable_google_fonts_icons=true,enable_popup_on_keypress=true,keyboard_redesign_google_sans=true,non_linear_scale,noshadow,overlay_builtin_dynamic_color_light_base.binarypb:gm3-light-fffaf8ff-ff495d92-dd932801c7764dc17cd06f315d9c155d,roundedchip,silkpopup
2025-10-20 12:00:31.608  1337-1337  GlobeKeyExtension       com...gle.android.inputmethod.latin  I  GlobeKeyExtension.getKeyboardInitialStates():175 
2025-10-20 12:00:31.610  1337-1337  Keyboard                com...gle.android.inputmethod.latin  W  Keyboard.getKeyboardViewHelper():602 null helper is returned: keyboardDef=mpa{processedConditions={}, globalConditions={global_theme_key=theme,!gsf,!pgsans,!pgsf,!use_system_font,BORDER,FLAVOR_DPI=XXHDPI,GOOGLE_ICONS,IS_LIGHT,KEYBOARD_WIDTH_CATEGORY=NORMAL,KEY_BORDER_SHAPE=1,LIGHT_THEME=true,PHYSICAL_DIAGONAL=6.1297245,POPUP,SCREEN_SHORTEST_WIDTH=411,SCREEN_SHORTEST_WIDTH_NO_SCALE=411,SW400DP,XXHDPI,bottom4dp,enable_emoji_kitchen_browse_color_v2=true,enable_google_fonts_icons=true,enable_popup_on_keypress=true,keyboard_redesign_google_sans=true,non_linear_scale,noshadow,overlay_builtin_dynamic_color_light_base.binarypb:gm3-light-fffaf8ff-ff495d92-dd932801c7764dc17cd06f315d9c155d,roundedchip,silkpopup, global_locale=en_US, global_density_dpi=420, global_orientation=1}, className=.latin.keyboard.AccessoryKeyboard, resourceIds=[#0x7f17004c], initialStates=0, keyboardViewDefs=[mpo{direction=null, id=#0x7f0b0226, isScalable=false, layoutId=#0x7f0e0032, type=FLOATING_CANDIDATES, touchable=true, defaultShow=false}], persistentStates=0, persistentStatesPrefKey=null, popupBubbleLayoutId=#0x7f0e05f3, recentKeyLayoutId=0, recentKeyPopupLayoutId=0, recentKeyType=null, rememberRecentKey=NONE, sessionStates=0}, type=HEADER, helpersCreated={FLOATING_CANDIDATES=mbd@d6955d1}, context.getResources().getConfiguration(): {1.0 310mcc260mnc [en_US] ldltr sw411dp w411dp h914dp 420dpi nrml long port finger qwerty/v/v dpad/v winConfig={ mBounds=Rect(0, 0 - 1080, 2400) mAppBounds=Rect(0, 0 - 1080, 2400) mMaxBounds=Rect(0, 0 - 1080, 2400) mDisplayRotation=ROTATION_0 mWindowingMode=fullscreen mActivityType=undefined mAlwaysOnTop=undefined mRotation=ROTATION_0} s.8 fontWeightAdjustment=0}
2025-10-20 12:00:31.610  1337-1337  Keyboard                com...gle.android.inputmethod.latin  W  Keyboard.getKeyboardViewHelper():602 null helper is returned: keyboardDef=mpa{processedConditions={}, globalConditions={global_theme_key=theme,!gsf,!pgsans,!pgsf,!use_system_font,BORDER,FLAVOR_DPI=XXHDPI,GOOGLE_ICONS,IS_LIGHT,KEYBOARD_WIDTH_CATEGORY=NORMAL,KEY_BORDER_SHAPE=1,LIGHT_THEME=true,PHYSICAL_DIAGONAL=6.1297245,POPUP,SCREEN_SHORTEST_WIDTH=411,SCREEN_SHORTEST_WIDTH_NO_SCALE=411,SW400DP,XXHDPI,bottom4dp,enable_emoji_kitchen_browse_color_v2=true,enable_google_fonts_icons=true,enable_popup_on_keypress=true,keyboard_redesign_google_sans=true,non_linear_scale,noshadow,overlay_builtin_dynamic_color_light_base.binarypb:gm3-light-fffaf8ff-ff495d92-dd932801c7764dc17cd06f315d9c155d,roundedchip,silkpopup, global_locale=en_US, global_density_dpi=420, global_orientation=1}, className=.latin.keyboard.AccessoryKeyboard, resourceIds=[#0x7f17004c], initialStates=0, keyboardViewDefs=[mpo{direction=null, id=#0x7f0b0226, isScalable=false, layoutId=#0x7f0e0032, type=FLOATING_CANDIDATES, touchable=true, defaultShow=false}], persistentStates=0, persistentStatesPrefKey=null, popupBubbleLayoutId=#0x7f0e05f3, recentKeyLayoutId=0, recentKeyPopupLayoutId=0, recentKeyType=null, rememberRecentKey=NONE, sessionStates=0}, type=BODY, helpersCreated={FLOATING_CANDIDATES=mbd@d6955d1}, context.getResources().getConfiguration(): {1.0 310mcc260mnc [en_US] ldltr sw411dp w411dp h914dp 420dpi nrml long port finger qwerty/v/v dpad/v winConfig={ mBounds=Rect(0, 0 - 1080, 2400) mAppBounds=Rect(0, 0 - 1080, 2400) mMaxBounds=Rect(0, 0 - 1080, 2400) mDisplayRotation=ROTATION_0 mWindowingMode=fullscreen mActivityType=undefined mAlwaysOnTop=undefined mRotation=ROTATION_0} s.8 fontWeightAdjustment=0}
2025-10-20 12:00:31.643  1337-1337  AndroidIME              com...gle.android.inputmethod.latin  I  InputBundleManager.startInput():358 startInput() with mpk[keyboardType=accessory, payload=null]
2025-10-20 12:00:31.647  1337-1337  GlobeKeyExtension       com...gle.android.inputmethod.latin  I  GlobeKeyExtension.onActivate():120 
2025-10-20 12:00:31.691  1337-1337  AutoPasteS...tionHelper com...gle.android.inputmethod.latin  W  AutoPasteSuggestionHelper.setMaxWidthOfChipTextView():1070 Failed to get the width of the proactive suggestion view holder in HEADER.
2025-10-20 12:00:31.694  1337-1337  AutoPasteS...tionHelper com...gle.android.inputmethod.latin  W  AutoPasteSuggestionHelper.setMaxWidthOfChipTextView():1070 Failed to get the width of the proactive suggestion view holder in HEADER.
2025-10-20 12:00:31.707  1337-1337  AutoPasteS...tionHelper com...gle.android.inputmethod.latin  W  AutoPasteSuggestionHelper.setMaxWidthOfChipTextView():1070 Failed to get the width of the proactive suggestion view holder in WIDGET.
2025-10-20 12:00:31.708  1337-1337  ProactiveS...derManager com...gle.android.inputmethod.latin  I  ProactiveSuggestionsHolderManager$2.display():226 Requesting to show proactive suggestions: CLIPBOARD PREEMPTIVE_WITH_SUPPRESSION in HEADER
2025-10-20 12:00:31.710  1337-1337  ProactiveS...derManager com...gle.android.inputmethod.latin  I  ProactiveSuggestionsHolderManager$2.display():245 suggestions CLIPBOARD are pending to show on HEADER
2025-10-20 12:00:31.710  1337-1337  ProactiveS...derManager com...gle.android.inputmethod.latin  I  ProactiveSuggestionsHolderManager$2.display():226 Requesting to show proactive suggestions: CLIPBOARD PREEMPTIVE_WITH_SUPPRESSION in FLOATING_CANDIDATES
2025-10-20 12:00:31.727  1337-1337  ProactiveS...derManager com...gle.android.inputmethod.latin  I  ProactiveSuggestionsHolderManager$2.display():226 Requesting to show proactive suggestions: CLIPBOARD PREEMPTIVE_WITH_SUPPRESSION in WIDGET
