2025-10-20 12:00:19.763   848-895   WindowManagerShell      com.android.systemui                 V  onTransitionReady (#44) android.os.BinderProxy@578947b: {id=44 t=OPEN f=0x0 trk=0 r=[0@Point(0, 0)] c=[{WCT{android.window.IWindowContainerToken$Stub$Proxy@747fb5e} m=OPEN f=NONE leash=Surface(name=Task=187)/@0x4de3e3 sb=Rect(0, 0 - 1080, 2400) eb=Rect(0, 0 - 1080, 2400) d=0 taskParent=-1},{WCT{android.window.IWindowContainerToken$Stub$Proxy@f0db3f} m=TO_BACK f=SHOW_WALLPAPER leash=Surface(name=Task=1)/@0x12b61e0 sb=Rect(0, 0 - 1080, 2400) eb=Rect(0, 0 - 1080, 2400) d=0 taskParent=-1}]}
2025-10-20 12:00:19.765   848-895   WindowManagerShell      com.android.systemui                 V  Playing animation for (#44) android.os.BinderProxy@578947b@0
2025-10-20 12:00:19.771   848-895   WindowManagerShell      com.android.systemui                 V   try handler com.android.wm.shell.transition.DefaultMixedHandler@e84a791
2025-10-20 12:00:19.782  1549-8832  SQLiteLog               com.google.android.gms               W  (28) double-quoted string literal: "com.example.autostradaauctions.debug"
2025-10-20 12:00:19.784  2648-2677  android.vending         com.android.vending                  I  Waiting for a blocking GC ProfileSaver
2025-10-20 12:00:19.787   848-895   WindowManagerShell      com.android.systemui                 V   try handler com.android.wm.shell.keyguard.KeyguardTransitionHandler@4afb6f6
2025-10-20 12:00:19.787   848-895   WindowManagerShell      com.android.systemui                 V   try handler com.android.wm.shell.pip.PipTransition@d40af7
2025-10-20 12:00:19.787   848-895   WindowManagerShell      com.android.systemui                 V   try handler com.android.wm.shell.activityembedding.ActivityEmbeddingController@7aa1d64
2025-10-20 12:00:19.787   848-895   WindowManagerShell      com.android.systemui                 V   try handler com.android.wm.shell.recents.RecentsTransitionHandler@7bb2bcd
2025-10-20 12:00:19.787   848-895   ShellRecents            com.android.systemui                 V  RecentsTransitionHandler.startAnimation: no controller found
2025-10-20 12:00:19.787   848-895   WindowManagerShell      com.android.systemui                 V   try handler com.android.wm.shell.splitscreen.StageCoordinator@f984c82
2025-10-20 12:00:19.787   848-895   WindowManagerShell      com.android.systemui                 V   try handler com.android.wm.shell.transition.RemoteTransitionHandler@9b45f93
2025-10-20 12:00:19.787   848-895   WindowManagerShell      com.android.systemui                 V  Transition doesn't have explicit remote, search filters for match for {id=44 t=OPEN f=0x0 trk=0 r=[0@Point(0, 0)] c=[{WCT{android.window.IWindowContainerToken$Stub$Proxy@747fb5e} m=OPEN f=NONE leash=Surface(name=Task=187)/@0x4de3e3 sb=Rect(0, 0 - 1080, 2400) eb=Rect(0, 0 - 1080, 2400) d=0 taskParent=-1},{WCT{android.window.IWindowContainerToken$Stub$Proxy@f0db3f} m=TO_BACK f=SHOW_WALLPAPER leash=Surface(name=Task=1)/@0x12b61e0 sb=Rect(0, 0 - 1080, 2400) eb=Rect(0, 0 - 1080, 2400) d=0 taskParent=-1}]}
2025-10-20 12:00:19.789  8834-8834  aauctions.debug         com...mple.autostradaauctions.debug  I  Using CollectorTypeCMC GC.
2025-10-20 12:00:19.794  8834-8834  aauctions.debug         com...mple.autostradaauctions.debug  W  Unexpected CPU variant for x86: x86_64.
                                                                                                    Known variants: atom, sandybridge, silvermont, goldmont, goldmont-plus, goldmont-without-sha-xsaves, tremont, kabylake, default
2025-10-20 12:00:19.813   848-978   EGL_emulation           com.android.systemui                 D  app_time_stats: avg=19124.69ms min=19124.69ms max=19124.69ms count=1
2025-10-20 12:00:19.817   449-466   adbd                    adbd                                 I  jdwp connection from 8834
2025-10-20 12:00:19.831  2648-2726  Finsky                  com.android.vending                  I  [52] SCH: Scheduling phonesky job Id: 12-1, CT: 1760954418751, Constraints: [{ L: 15000, D: 86400000, C: CHARGING_NONE, I: IDLE_NONE, N: NET_ANY, B: BATTERY_ANY }]
2025-10-20 12:00:19.834  2648-2722  Finsky                  com.android.vending                  I  [48] [ContentSync] finished, scheduled=true
2025-10-20 12:00:19.835  8834-8834  nativeloader            com...mple.autostradaauctions.debug  D  Load libframework-connectivity-tiramisu-jni.so using APEX ns com_android_tethering for caller /apex/com.android.tethering/javalib/framework-connectivity-t.jar: ok
2025-10-20 12:00:19.849  2648-2743  Finsky                  com.android.vending                  I  [60] SCH: Scheduling 1 system job(s)
2025-10-20 12:00:19.849  2648-2743  Finsky                  com.android.vending                  I  [60] SCH: Scheduling system job Id: 9385, L: 13902, D: 82640683, C: false, I: false, N: 1
2025-10-20 12:00:19.861   848-895   WindowManagerShell      com.android.systemui                 V   Checking filter Pair{{types=[] flags=0x0] notFlags=0x0 checks=[{atype=undefined independent=true modes=[OPEN,TO_FRONT] flags=IN_TASK_WITH_EMBEDDED_ACTIVITY mustBeTask=false order=ANY topActivity=ComponentInfo{com.google.android.apps.nexuslauncher/com.google.android.apps.nexuslauncher.NexusLauncherActivity} launchCookie=null},{atype=undefined independent=true modes=[CLOSE,TO_BACK] flags=IN_TASK_WITH_EMBEDDED_ACTIVITY mustBeTask=false order=ANY topActivity=null launchCookie=null}]} RemoteTransition { remoteTransition = android.window.IRemoteTransition$Stub$Proxy@b1ad885, appThread = android.app.IApplicationThread$Stub$Proxy@444e6da, debugName = OverlaySwipeBack }}
2025-10-20 12:00:19.861   848-895   WindowManagerShell      com.android.systemui                 V   Checking filter Pair{{types=[] flags=0x0] notFlags=0x0 checks=[{atype=dream independent=true modes=[OPEN,TO_FRONT] flags=NONE mustBeTask=false order=ANY topActivity=null launchCookie=null},{atype=home independent=true modes=[CLOSE,TO_BACK] flags=NONE mustBeTask=false order=ANY topActivity=null launchCookie=null}]} RemoteTransition { remoteTransition = android.window.IRemoteTransition$Stub$Proxy@648e70b, appThread = android.app.IApplicationThread$Stub$Proxy@f1e9e8, debugName = LauncherToDream }}
2025-10-20 12:00:19.867   848-895   WindowManagerShell      com.android.systemui                 V   Checking filter Pair{{types=[] flags=0x0] notFlags=0x100 checks=[{atype=home independent=true modes=[OPEN,TO_FRONT] flags=NONE mustBeTask=false order=TOP topActivity=ComponentInfo{com.google.android.apps.nexuslauncher/com.google.android.apps.nexuslauncher.NexusLauncherActivity} launchCookie=null},{atype=standard independent=true modes=[CLOSE,TO_BACK] flags=NONE mustBeTask=false order=ANY topActivity=null launchCookie=null}]} RemoteTransition { remoteTransition = android.window.IRemoteTransition$Stub$Proxy@db57801, appThread = android.app.IApplicationThread$Stub$Proxy@29a96a6, debugName = QuickstepLaunchHome }}
2025-10-20 12:00:19.867   848-895   WindowManagerShell      com.android.systemui                 V   Delegate animation for (#44) to null
2025-10-20 12:00:19.867   848-895   WindowManagerShell      com.android.systemui                 V   try handler com.android.wm.shell.transition.DefaultTransitionHandler@49ee9da
2025-10-20 12:00:19.867   848-895   WindowManagerShell      com.android.systemui                 V  start default transition animation, info = {id=44 t=OPEN f=0x0 trk=0 r=[0@Point(0, 0)] c=[{WCT{android.window.IWindowContainerToken$Stub$Proxy@747fb5e} m=OPEN f=NONE leash=Surface(name=Task=187)/@0x4de3e3 sb=Rect(0, 0 - 1080, 2400) eb=Rect(0, 0 - 1080, 2400) d=0 taskParent=-1},{WCT{android.window.IWindowContainerToken$Stub$Proxy@f0db3f} m=TO_BACK f=SHOW_WALLPAPER leash=Surface(name=Task=1)/@0x12b61e0 sb=Rect(0, 0 - 1080, 2400) eb=Rect(0, 0 - 1080, 2400) d=0 taskParent=-1}]}
2025-10-20 12:00:19.868   848-895   WindowManagerShell      com.android.systemui                 V  loadAnimation: anim=android.view.animation.AnimationSet@8a1ec5b animAttr=0x13 type=OPEN isEntrance=false
2025-10-20 12:00:19.873   848-895   WindowManagerShell      com.android.systemui                 V  loadAnimation: anim=android.view.animation.AnimationSet@c578cf8 animAttr=0x12 type=OPEN isEntrance=true
2025-10-20 12:00:19.877  2648-2720  Finsky                  com.android.vending                  I  [46] [ContentSync] finished, scheduled=true
2025-10-20 12:00:19.878   848-895   WindowManagerShell      com.android.systemui                 V   animated by com.android.wm.shell.transition.DefaultTransitionHandler@49ee9da
2025-10-20 12:00:19.926  1147-1603  EGL_emulation           com...le.android.apps.nexuslauncher  D  app_time_stats: avg=29709.21ms min=63.45ms max=59354.96ms count=2
2025-10-20 12:00:19.934   590-1128  ActivityManager         system_server                        W  Slow operation: 70ms so far, now at attachApplicationLocked: after updateOomAdjLocked
2025-10-20 12:00:19.952   590-1128  UserManagerService      system_server                        W  Requested status bar icon for non-badged user 0
2025-10-20 12:00:19.954  1147-1603  EGL_emulation           com...le.android.apps.nexuslauncher  D  app_time_stats: avg=253.71ms min=26.99ms max=714.17ms count=5
2025-10-20 12:00:19.973  2648-2677  android.vending         com.android.vending                  I  WaitForGcToComplete blocked ProfileSaver on CollectorTransition for 188.435ms
2025-10-20 12:00:20.047  1549-2114  Icing                   com.google.android.gms               I  IndexChimeraService.getServiceInterface callingPackage=com.google.android.gms componentName=AppsCorpus serviceId=36
2025-10-20 12:00:20.085  1549-1549  BoundBrokerSvc          com.google.android.gms               D  onBind: Intent { act=com.google.android.gms.feedback.internal.IFeedbackService dat=chimera-action:/... cmp=com.google.android.gms/.chimera.GmsBoundBrokerService }
2025-10-20 12:00:20.085  1549-1549  BoundBrokerSvc          com.google.android.gms               D  Loading bound service for intent: Intent { act=com.google.android.gms.feedback.internal.IFeedbackService dat=chimera-action:/... cmp=com.google.android.gms/.chimera.GmsBoundBrokerService }
2025-10-20 12:00:20.140  8834-8834  ziparchive              com...mple.autostradaauctions.debug  W  Unable to open '/data/app/~~UM3gLQyPHGN_iE_L0Qy5_A==/com.example.autostradaauctions.debug-sG1sE6KNKXayr9_9QcVvWg==/base.dm': No such file or directory
2025-10-20 12:00:20.143  8834-8834  ziparchive              com...mple.autostradaauctions.debug  W  Unable to open '/data/app/~~UM3gLQyPHGN_iE_L0Qy5_A==/com.example.autostradaauctions.debug-sG1sE6KNKXayr9_9QcVvWg==/base.dm': No such file or directory
2025-10-20 12:00:20.179   848-895   WindowManagerShell      com.android.systemui                 V  Transition animation finished (aborted=false), notifying core (#44) android.os.BinderProxy@578947b@0
2025-10-20 12:00:20.188   590-611   WindowManager           system_server                        V  Finish Transition (#44): created at 10-20 12:00:19.101 collect-started=0.497ms request-sent=77.735ms started=138.801ms ready=576.797ms sent=620.012ms finished=1086.225ms
2025-10-20 12:00:20.190   848-895   WindowManagerShell      com.android.systemui                 V  Track 0 became idle
2025-10-20 12:00:20.191   848-895   WindowManagerShell      com.android.systemui                 V  All active transition animations finished
2025-10-20 12:00:20.200   590-1839  UserManagerService      system_server                        W  Requested status bar icon for non-badged user 0
2025-10-20 12:00:20.204  1147-1147  VRI[NexusL...rActivity] com...le.android.apps.nexuslauncher  D  visibilityChanged oldVisibility=true newVisibility=false
2025-10-20 12:00:20.204  1147-1147  NexusLaunc...elDelegate com...le.android.apps.nexuslauncher  D  notifySmartspaceEvent: SmartspaceTargetEvent{mSmartspaceTarget=null, mSmartspaceActionId='null', mEventType=7}
2025-10-20 12:00:20.206   590-1128  UserManagerService      system_server                        W  Requested status bar icon for non-badged user 0
2025-10-20 12:00:20.239  1549-1698  Icing                   com.google.android.gms               I  IndexChimeraService.getServiceInterface callingPackage=com.google.android.gms componentName=null serviceId=30
2025-10-20 12:00:20.301  1549-8836  Icing                   com.google.android.gms               I  Usage reports ok 0, Failed Usage reports 0, indexed 0, rejected 0
2025-10-20 12:00:20.714   590-601   system_server           system_server                        I  Background concurrent mark compact GC freed 20MB AllocSpace bytes, 64(3800KB) LOS objects, 43% free, 31MB/55MB, paused 46.070ms,4.355ms total 718.360ms
2025-10-20 12:00:20.724  8834-8834  nativeloader            com...mple.autostradaauctions.debug  D  Configuring clns-7 for other apk /data/app/~~UM3gLQyPHGN_iE_L0Qy5_A==/com.example.autostradaauctions.debug-sG1sE6KNKXayr9_9QcVvWg==/base.apk. target_sdk_version=35, uses_libraries=, library_path=/data/app/~~UM3gLQyPHGN_iE_L0Qy5_A==/com.example.autostradaauctions.debug-sG1sE6KNKXayr9_9QcVvWg==/lib/x86_64, permitted_path=/data:/mnt/expand:/data/user/0/com.example.autostradaauctions.debug
2025-10-20 12:00:20.724  1549-8836  Icing                   com.google.android.gms               I  Usage reports ok 0, Failed Usage reports 0, indexed 0, rejected 0
2025-10-20 12:00:20.739  8834-8834  CompatChangeReporter    com...mple.autostradaauctions.debug  D  Compat change id reported: 202956589; UID 10208; state: ENABLED
2025-10-20 12:00:20.751  8834-8834  GraphicsEnvironment     com...mple.autostradaauctions.debug  V  Currently set values for:
2025-10-20 12:00:20.752  8834-8834  GraphicsEnvironment     com...mple.autostradaauctions.debug  V    angle_gl_driver_selection_pkgs=[]
2025-10-20 12:00:20.752  8834-8834  GraphicsEnvironment     com...mple.autostradaauctions.debug  V    angle_gl_driver_selection_values=[]
2025-10-20 12:00:20.752  8834-8834  GraphicsEnvironment     com...mple.autostradaauctions.debug  V  Global.Settings values are invalid: number of packages: 0, number of values: 0
2025-10-20 12:00:20.752  8834-8834  GraphicsEnvironment     com...mple.autostradaauctions.debug  V  Neither updatable production driver nor prerelease driver is supported.
2025-10-20 12:00:20.755   590-603   system_server           system_server                        W  ApkAssets: Deleting an ApkAssets object '<empty> and /data/app/~~N2krJi1EEBafHGR0I3fubw==/com.google.android.inputmethod.latin-DPDVe5yfFncqOuCAwLbY0g==/base.apk' with 1 weak references
2025-10-20 12:00:20.757   590-603   system_server           system_server                        W  ApkAssets: Deleting an ApkAssets object '<empty> and /data/app/~~N2krJi1EEBafHGR0I3fubw==/com.google.android.inputmethod.latin-DPDVe5yfFncqOuCAwLbY0g==/split_brella_feature_split.apk' with 1 weak references
2025-10-20 12:00:20.765   590-603   system_server           system_server                        W  ApkAssets: Deleting an ApkAssets object '<empty> and /data/app/~~N2krJi1EEBafHGR0I3fubw==/com.google.android.inputmethod.latin-DPDVe5yfFncqOuCAwLbY0g==/split_config.xxhdpi.apk' with 1 weak references
2025-10-20 12:00:20.769   590-603   system_server           system_server                        W  ApkAssets: Deleting an ApkAssets object '<empty> and /data/app/~~N2krJi1EEBafHGR0I3fubw==/com.google.android.inputmethod.latin-DPDVe5yfFncqOuCAwLbY0g==/split_tenoranimation_feature_split.apk' with 1 weak references
2025-10-20 12:00:20.769   590-603   system_server           system_server                        W  ApkAssets: Deleting an ApkAssets object '<empty> and /data/app/~~7Wv_0s7AxgapV6DA2WjR4w==/com.google.android.apps.docs-MwP-2WkDEUGXiIq-F0gXhg==/base.apk' with 1 weak references
2025-10-20 12:00:20.769   590-603   system_server           system_server                        W  ApkAssets: Deleting an ApkAssets object '<empty> and /data/app/~~7Wv_0s7AxgapV6DA2WjR4w==/com.google.android.apps.docs-MwP-2WkDEUGXiIq-F0gXhg==/split_config.en.apk' with 1 weak references
2025-10-20 12:00:20.770   590-603   system_server           system_server                        W  ApkAssets: Deleting an ApkAssets object '<empty> and /data/app/~~7Wv_0s7AxgapV6DA2WjR4w==/com.google.android.apps.docs-MwP-2WkDEUGXiIq-F0gXhg==/split_config.x86_64.apk' with 1 weak references
2025-10-20 12:00:20.770   590-603   system_server           system_server                        W  ApkAssets: Deleting an ApkAssets object '<empty> and /data/app/~~7Wv_0s7AxgapV6DA2WjR4w==/com.google.android.apps.docs-MwP-2WkDEUGXiIq-F0gXhg==/split_config.xxhdpi.apk' with 1 weak references
2025-10-20 12:00:20.770   590-603   system_server           system_server                        W  ApkAssets: Deleting an ApkAssets object '<empty> and /data/app/~~cym5epH7cNsWHv7z2nrdXg==/com.google.android.tts-4BVd-ZQZWZ4rptCXL3rAqg==/base.apk' with 1 weak references
2025-10-20 12:00:20.771   590-603   system_server           system_server                        W  ApkAssets: Deleting an ApkAssets object '<empty> and /data/app/~~cym5epH7cNsWHv7z2nrdXg==/com.google.android.tts-4BVd-ZQZWZ4rptCXL3rAqg==/split_config.en.apk' with 1 weak references
2025-10-20 12:00:20.771   590-603   system_server           system_server                        W  ApkAssets: Deleting an ApkAssets object '<empty> and /data/app/~~cym5epH7cNsWHv7z2nrdXg==/com.google.android.tts-4BVd-ZQZWZ4rptCXL3rAqg==/split_config.x86_64.apk' with 1 weak references
2025-10-20 12:00:20.771   590-603   system_server           system_server                        W  ApkAssets: Deleting an ApkAssets object '<empty> and /data/app/~~cym5epH7cNsWHv7z2nrdXg==/com.google.android.tts-4BVd-ZQZWZ4rptCXL3rAqg==/split_config.xxhdpi.apk' with 1 weak references
2025-10-20 12:00:20.771   590-603   System                  system_server                        W  A resource failed to call close. 
2025-10-20 12:00:20.772   590-603   system_server           system_server                        W  ApkAssets: Deleting an ApkAssets object '<empty> and /system/priv-app/InputDevices/InputDevices.apk' with 1 weak references
2025-10-20 12:00:20.772   590-603   system_server           system_server                        W  ApkAssets: Deleting an ApkAssets object '<empty> and /data/app/~~yJEB7jigMcST36PRdMrehQ==/com.google.android.gms-X6t1B-Cgn1PKr5cLEacpEQ==/base.apk' with 1 weak references
2025-10-20 12:00:20.773  1549-8836  Icing                   com.google.android.gms               I  Indexing com.google.android.gms-apps from com.google.android.gms
2025-10-20 12:00:20.787   590-603   system_server           system_server                        W  ApkAssets: Deleting an ApkAssets object '<empty> and /data/app/~~yJEB7jigMcST36PRdMrehQ==/com.google.android.gms-X6t1B-Cgn1PKr5cLEacpEQ==/split_AdsDynamite_installtime.apk' with 1 weak references
2025-10-20 12:00:20.787   590-603   system_server           system_server                        W  ApkAssets: Deleting an ApkAssets object '<empty> and /data/app/~~yJEB7jigMcST36PRdMrehQ==/com.google.android.gms-X6t1B-Cgn1PKr5cLEacpEQ==/split_CronetDynamite_installtime.apk' with 1 weak references
2025-10-20 12:00:20.787   590-603   system_server           system_server                        W  ApkAssets: Deleting an ApkAssets object '<empty> and /data/app/~~yJEB7jigMcST36PRdMrehQ==/com.google.android.gms-X6t1B-Cgn1PKr5cLEacpEQ==/split_DynamiteLoader_installtime.apk' with 1 weak references
2025-10-20 12:00:20.787   590-603   system_server           system_server                        W  ApkAssets: Deleting an ApkAssets object '<empty> and /data/app/~~yJEB7jigMcST36PRdMrehQ==/com.google.android.gms-X6t1B-Cgn1PKr5cLEacpEQ==/split_DynamiteModulesA_installtime.apk' with 1 weak references
2025-10-20 12:00:20.787   590-603   system_server           system_server                        W  ApkAssets: Deleting an ApkAssets object '<empty> and /data/app/~~yJEB7jigMcST36PRdMrehQ==/com.google.android.gms-X6t1B-Cgn1PKr5cLEacpEQ==/split_DynamiteModulesC_installtime.apk' with 1 weak references
2025-10-20 12:00:20.787   590-603   system_server           system_server                        W  ApkAssets: Deleting an ApkAssets object '<empty> and /data/app/~~yJEB7jigMcST36PRdMrehQ==/com.google.android.gms-X6t1B-Cgn1PKr5cLEacpEQ==/split_GoogleCertificates_installtime.apk' with 1 weak references
2025-10-20 12:00:20.788   590-603   system_server           system_server                        W  ApkAssets: Deleting an ApkAssets object '<empty> and /data/app/~~yJEB7jigMcST36PRdMrehQ==/com.google.android.gms-X6t1B-Cgn1PKr5cLEacpEQ==/split_MapsDynamite_installtime.apk' with 1 weak references
2025-10-20 12:00:20.788   590-603   system_server           system_server                        W  ApkAssets: Deleting an ApkAssets object '<empty> and /data/app/~~yJEB7jigMcST36PRdMrehQ==/com.google.android.gms-X6t1B-Cgn1PKr5cLEacpEQ==/split_MeasurementDynamite_installtime.apk' with 1 weak references
2025-10-20 12:00:20.788   590-603   system_server           system_server                        W  ApkAssets: Deleting an ApkAssets object '<empty> and /data/app/~~yJEB7jigMcST36PRdMrehQ==/com.google.android.gms-X6t1B-Cgn1PKr5cLEacpEQ==/split_config.en.apk' with 1 weak references
2025-10-20 12:00:20.788   590-603   system_server           system_server                        W  ApkAssets: Deleting an ApkAssets object '<empty> and /data/app/~~yJEB7jigMcST36PRdMrehQ==/com.google.android.gms-X6t1B-Cgn1PKr5cLEacpEQ==/split_config.xxhdpi.apk' with 1 weak references
2025-10-20 12:00:20.788   590-603   system_server           system_server                        W  ApkAssets: Deleting an ApkAssets object '<empty> and /data/app/~~yJEB7jigMcST36PRdMrehQ==/com.google.android.gms-X6t1B-Cgn1PKr5cLEacpEQ==/split_maps_core_dynamite_ondemand.apk' with 1 weak references
2025-10-20 12:00:20.788   590-603   system_server           system_server                        W  ApkAssets: Deleting an ApkAssets object '<empty> and /data/app/~~kRPPVZfTUuwtQnZVyZDu9Q==/com.google.android.gm-zFx5PuDAUCeZ6GC0YlkY3A==/base.apk' with 1 weak references
2025-10-20 12:00:20.788   590-603   system_server           system_server                        W  ApkAssets: Deleting an ApkAssets object '<empty> and /data/app/~~kRPPVZfTUuwtQnZVyZDu9Q==/com.google.android.gm-zFx5PuDAUCeZ6GC0YlkY3A==/split_config.en.apk' with 1 weak references
2025-10-20 12:00:20.788   590-603   system_server           system_server                        W  ApkAssets: Deleting an ApkAssets object '<empty> and /data/app/~~kRPPVZfTUuwtQnZVyZDu9Q==/com.google.android.gm-zFx5PuDAUCeZ6GC0YlkY3A==/split_config.x86_64.apk' with 1 weak references
2025-10-20 12:00:20.788   590-603   system_server           system_server                        W  ApkAssets: Deleting an ApkAssets object '<empty> and /data/app/~~kRPPVZfTUuwtQnZVyZDu9Q==/com.google.android.gm-zFx5PuDAUCeZ6GC0YlkY3A==/split_config.xxhdpi.apk' with 1 weak references
2025-10-20 12:00:20.788   590-603   system_server           system_server                        W  ApkAssets: Deleting an ApkAssets object '<empty> and /data/app/~~APo6d0l8paMAuvJaon7W0Q==/com.google.android.calendar-IJo8mUT3DPR-Cssi-ToKyw==/base.apk' with 1 weak references
2025-10-20 12:00:20.789   590-603   system_server           system_server                        W  ApkAssets: Deleting an ApkAssets object '<empty> and /data/app/~~APo6d0l8paMAuvJaon7W0Q==/com.google.android.calendar-IJo8mUT3DPR-Cssi-ToKyw==/split_config.en.apk' with 1 weak references
2025-10-20 12:00:20.789   590-603   system_server           system_server                        W  ApkAssets: Deleting an ApkAssets object '<empty> and /data/app/~~APo6d0l8paMAuvJaon7W0Q==/com.google.android.calendar-IJo8mUT3DPR-Cssi-ToKyw==/split_config.x86_64.apk' with 1 weak references
2025-10-20 12:00:20.789   590-603   system_server           system_server                        W  ApkAssets: Deleting an ApkAssets object '<empty> and /data/app/~~APo6d0l8paMAuvJaon7W0Q==/com.google.android.calendar-IJo8mUT3DPR-Cssi-ToKyw==/split_config.xxhdpi.apk' with 1 weak references
2025-10-20 12:00:20.789   590-603   system_server           system_server                        W  ApkAssets: Deleting an ApkAssets object '<empty> and /system_ext/app/AccessibilityMenu/AccessibilityMenu.apk' with 1 weak references
2025-10-20 12:00:20.789   590-603   system_server           system_server                        W  ApkAssets: Deleting an ApkAssets object '/product/overlay/AccessibilityMenu__sdk_gphone64_x86_64__auto_generated_rro_product.apk' with 1 weak references
2025-10-20 12:00:20.789   590-603   system_server           system_server                        W  ApkAssets: Deleting an ApkAssets object '<empty> and /product/app/talkback/talkback.apk' with 1 weak references
2025-10-20 12:00:20.789   590-603   system_server           system_server                        W  ApkAssets: Deleting an ApkAssets object '/vendor/overlay/EmulatorTalkBackOverlay/EmulatorTalkBackOverlay.apk' with 1 weak references
2025-10-20 12:00:20.790   590-603   System                  system_server                        W  A resource failed to call release. 
2025-10-20 12:00:20.823  1549-8836  Icing                   com.google.android.gms               I  Indexing done com.google.android.gms-apps
2025-10-20 12:00:20.922  8834-8834  CompatChangeReporter    com...mple.autostradaauctions.debug  D  Compat change id reported: 279646685; UID 10208; state: ENABLED
2025-10-20 12:00:20.958  8834-8834  HealthMonitor           com...mple.autostradaauctions.debug  D  Event: user_app_launch, Properties: {version=1.0-debug, build_type=debug, timestamp=1760954420958, session_duration=6}
2025-10-20 12:00:21.090  7200-7207  .apps.wellbeing         com.google.android.apps.wellbeing    W  ApkAssets: Deleting an ApkAssets object '<empty> and /data/app/~~PcCBVwhwRAGghqoZTgox7A==/com.google.android.youtube-BsskF3srUNdFVOBRk_A3MQ==/base.apk' with 1 weak references
2025-10-20 12:00:21.090  7200-7207  .apps.wellbeing         com.google.android.apps.wellbeing    W  ApkAssets: Deleting an ApkAssets object '<empty> and /data/app/~~PcCBVwhwRAGghqoZTgox7A==/com.google.android.youtube-BsskF3srUNdFVOBRk_A3MQ==/split_config.en.apk' with 1 weak references
2025-10-20 12:00:21.090  7200-7207  .apps.wellbeing         com.google.android.apps.wellbeing    W  ApkAssets: Deleting an ApkAssets object '<empty> and /data/app/~~PcCBVwhwRAGghqoZTgox7A==/com.google.android.youtube-BsskF3srUNdFVOBRk_A3MQ==/split_config.x86_64.apk' with 1 weak references
2025-10-20 12:00:21.090  7200-7207  .apps.wellbeing         com.google.android.apps.wellbeing    W  ApkAssets: Deleting an ApkAssets object '<empty> and /data/app/~~PcCBVwhwRAGghqoZTgox7A==/com.google.android.youtube-BsskF3srUNdFVOBRk_A3MQ==/split_config.xxhdpi.apk' with 1 weak references
2025-10-20 12:00:21.091  7200-7207  .apps.wellbeing         com.google.android.apps.wellbeing    W  ApkAssets: Deleting an ApkAssets object '<empty> and /product/overlay/DisplayCutoutEmulationCorner/DisplayCutoutEmulationCornerOverlay.apk' with 1 weak references
2025-10-20 12:00:21.091  7200-7207  .apps.wellbeing         com.google.android.apps.wellbeing    W  ApkAssets: Deleting an ApkAssets object '<empty> and /apex/com.android.extservices/priv-app/GoogleExtServices@350820300/GoogleExtServices.apk' with 1 weak references
2025-10-20 12:00:21.091  7200-7207  .apps.wellbeing         com.google.android.apps.wellbeing    W  ApkAssets: Deleting an ApkAssets object '<empty> and /product/overlay/DisplayCutoutEmulationDouble/DisplayCutoutEmulationDoubleOverlay.apk' with 1 weak references
2025-10-20 12:00:21.091  7200-7207  .apps.wellbeing         com.google.android.apps.wellbeing    W  ApkAssets: Deleting an ApkAssets object '<empty> and /system/priv-app/TelephonyProvider/TelephonyProvider.apk' with 1 weak references
2025-10-20 12:00:21.092  7200-7207  .apps.wellbeing         com.google.android.apps.wellbeing    W  ApkAssets: Deleting an ApkAssets object '/product/overlay/TelephonyProvider__sdk_gphone64_x86_64__auto_generated_rro_product.apk' with 1 weak references
2025-10-20 12:00:21.092  7200-7207  .apps.wellbeing         com.google.android.apps.wellbeing    W  ApkAssets: Deleting an ApkAssets object '<empty> and /system/priv-app/DynamicSystemInstallationService/DynamicSystemInstallationService.apk' with 1 weak references
2025-10-20 12:00:21.092  7200-7207  .apps.wellbeing         com.google.android.apps.wellbeing    W  ApkAssets: Deleting an ApkAssets object '<empty> and /data/app/~~znK_qrOYYqhRYriC8y3KjA==/com.google.android.googlequicksearchbox-bH_ThdeqNzymG11Pw_tdLg==/base.apk' with 1 weak references
2025-10-20 12:00:21.093  7200-7207  .apps.wellbeing         com.google.android.apps.wellbeing    W  ApkAssets: Deleting an ApkAssets object '<empty> and /data/app/~~znK_qrOYYqhRYriC8y3KjA==/com.google.android.googlequicksearchbox-bH_ThdeqNzymG11Pw_tdLg==/split_config.xxhdpi.apk' with 1 weak references
2025-10-20 12:00:21.093  7200-7207  .apps.wellbeing         com.google.android.apps.wellbeing    W  ApkAssets: Deleting an ApkAssets object '<empty> and /system/priv-app/CalendarProvider/CalendarProvider.apk' with 1 weak references
2025-10-20 12:00:21.094  7200-7207  .apps.wellbeing         com.google.android.apps.wellbeing    W  ApkAssets: Deleting an ApkAssets object '<empty> and /product/priv-app/GoogleOneTimeInitializer/GoogleOneTimeInitializer.apk' with 1 weak references
2025-10-20 12:00:21.094  7200-7207  .apps.wellbeing         com.google.android.apps.wellbeing    W  ApkAssets: Deleting an ApkAssets object '<empty> and /system/app/GoogleExtShared/GoogleExtShared.apk' with 1 weak references
2025-10-20 12:00:21.094  7200-7207  .apps.wellbeing         com.google.android.apps.wellbeing    W  ApkAssets: Deleting an ApkAssets object '<empty> and /system/priv-app/ExternalStorageProvider/ExternalStorageProvider.apk' with 1 weak references
2025-10-20 12:00:21.095  7200-7207  .apps.wellbeing         com.google.android.apps.wellbeing    W  ApkAssets: Deleting an ApkAssets object '<empty> and /system/app/HTMLViewer/HTMLViewer.apk' with 1 weak references
2025-10-20 12:00:21.096  7200-7207  .apps.wellbeing         com.google.android.apps.wellbeing    W  ApkAssets: Deleting an ApkAssets object '<empty> and /system/app/CompanionDeviceManager/CompanionDeviceManager.apk' with 1 weak references
2025-10-20 12:00:21.096  7200-7207  .apps.wellbeing         com.google.android.apps.wellbeing    W  ApkAssets: Deleting an ApkAssets object '<empty> and /system/priv-app/DownloadProvider/DownloadProvider.apk' with 1 weak references
2025-10-20 12:00:21.096  7200-7207  .apps.wellbeing         com.google.android.apps.wellbeing    W  ApkAssets: Deleting an ApkAssets object '<empty> and /data/app/~~wafQKEkgIVD0SLFYfvpWgQ==/com.google.android.apps.messaging-YLYcaioOpmKv3_Qxm-p7UQ==/base.apk' with 1 weak references
2025-10-20 12:00:21.097  7200-7207  .apps.wellbeing         com.google.android.apps.wellbeing    W  ApkAssets: Deleting an ApkAssets object '<empty> and /data/app/~~wafQKEkgIVD0SLFYfvpWgQ==/com.google.android.apps.messaging-YLYcaioOpmKv3_Qxm-p7UQ==/split_config.en.apk' with 1 weak references
2025-10-20 12:00:21.097  7200-7207  .apps.wellbeing         com.google.android.apps.wellbeing    W  ApkAssets: Deleting an ApkAssets object '<empty> and /data/app/~~wafQKEkgIVD0SLFYfvpWgQ==/com.google.android.apps.messaging-YLYcaioOpmKv3_Qxm-p7UQ==/split_config.x86_64.apk' with 1 weak references
2025-10-20 12:00:21.097  7200-7207  .apps.wellbeing         com.google.android.apps.wellbeing    W  ApkAssets: Deleting an ApkAssets object '<empty> and /data/app/~~wafQKEkgIVD0SLFYfvpWgQ==/com.google.android.apps.messaging-YLYcaioOpmKv3_Qxm-p7UQ==/split_config.xxhdpi.apk' with 1 weak references
2025-10-20 12:00:21.097  7200-7207  .apps.wellbeing         com.google.android.apps.wellbeing    W  ApkAssets: Deleting an ApkAssets object '<empty> and /product/app/SoundPickerPrebuilt/SoundPickerPrebuilt.apk' with 1 weak references
2025-10-20 12:00:21.097  7200-7207  .apps.wellbeing         com.google.android.apps.wellbeing    W  ApkAssets: Deleting an ApkAssets object '<empty> and /apex/com.android.mediaprovider/priv-app/MediaProviderGoogle@350820300/MediaProviderGoogle.apk' with 1 weak references
2025-10-20 12:00:21.098  7200-7207  .apps.wellbeing         com.google.android.apps.wellbeing    W  ApkAssets: Deleting an ApkAssets object '<empty> and /product/priv-app/SafetyHubPrebuilt/SafetyHubPrebuilt.apk' with 1 weak references
2025-10-20 12:00:21.098  7200-7207  .apps.wellbeing         com.google.android.apps.wellbeing    W  ApkAssets: Deleting an ApkAssets object '<empty> and /system/priv-app/DownloadProviderUi/DownloadProviderUi.apk' with 1 weak references
2025-10-20 12:00:21.098  7200-7207  .apps.wellbeing         com.google.android.apps.wellbeing    W  ApkAssets: Deleting an ApkAssets object '<empty> and /apex/com.android.wifi/app/OsuLoginGoogle@350820300/OsuLoginGoogle.apk' with 1 weak references
2025-10-20 12:00:21.098  7200-7207  .apps.wellbeing         com.google.android.apps.wellbeing    W  ApkAssets: Deleting an ApkAssets object '<empty> and /data/app/~~XQXVgWMl6gyizrzPkTGogA==/com.android.vending-w9OxsLeP0D-V_7txtmp9Cw==/base.apk' with 1 weak references
2025-10-20 12:00:21.099  7200-7207  .apps.wellbeing         com.google.android.apps.wellbeing    W  ApkAssets: Deleting an ApkAssets object '<empty> and /data/app/~~XQXVgWMl6gyizrzPkTGogA==/com.android.vending-w9OxsLeP0D-V_7txtmp9Cw==/split_config.en.apk' with 1 weak references
2025-10-20 12:00:21.099  7200-7207  .apps.wellbeing         com.google.android.apps.wellbeing    W  ApkAssets: Deleting an ApkAssets object '<empty> and /data/app/~~XQXVgWMl6gyizrzPkTGogA==/com.android.vending-w9OxsLeP0D-V_7txtmp9Cw==/split_config.x86_64.apk' with 1 weak references
2025-10-20 12:00:21.099  7200-7207  .apps.wellbeing         com.google.android.apps.wellbeing    W  ApkAssets: Deleting an ApkAssets object '<empty> and /data/app/~~XQXVgWMl6gyizrzPkTGogA==/com.android.vending-w9OxsLeP0D-V_7txtmp9Cw==/split_phonesky_data_loader.apk' with 1 weak references
2025-10-20 12:00:21.099  7200-7207  .apps.wellbeing         com.google.android.apps.wellbeing    W  ApkAssets: Deleting an ApkAssets object '<empty> and /data/app/~~XQXVgWMl6gyizrzPkTGogA==/com.android.vending-w9OxsLeP0D-V_7txtmp9Cw==/split_phonesky_data_loader.config.x86_64.apk' with 1 weak references
2025-10-20 12:00:21.099  7200-7207  .apps.wellbeing         com.google.android.apps.wellbeing    W  ApkAssets: Deleting an ApkAssets object '<empty> and /data/app/~~XQXVgWMl6gyizrzPkTGogA==/com.android.vending-w9OxsLeP0D-V_7txtmp9Cw==/split_phonesky_webrtc_native_lib.apk' with 1 weak references
2025-10-20 12:00:21.099  7200-7207  .apps.wellbeing         com.google.android.apps.wellbeing    W  ApkAssets: Deleting an ApkAssets object '<empty> and /data/app/~~XQXVgWMl6gyizrzPkTGogA==/com.android.vending-w9OxsLeP0D-V_7txtmp9Cw==/split_phonesky_webrtc_native_lib.config.x86_64.apk' with 1 weak references
2025-10-20 12:00:21.099  7200-7207  .apps.wellbeing         com.google.android.apps.wellbeing    W  ApkAssets: Deleting an ApkAssets object '<empty> and /system/app/PacProcessor/PacProcessor.apk' with 1 weak references
2025-10-20 12:00:21.100  7200-7207  .apps.wellbeing         com.google.android.apps.wellbeing    W  ApkAssets: Deleting an ApkAssets object '<empty> and /system/app/SimAppDialog/SimAppDialog.apk' with 1 weak references
2025-10-20 12:00:21.100  7200-7207  .apps.wellbeing         com.google.android.apps.wellbeing    W  ApkAssets: Deleting an ApkAssets object '/product/overlay/SimAppDialog__sdk_gphone64_x86_64__auto_generated_rro_product.apk' with 1 weak references
2025-10-20 12:00:21.100  7200-7207  .apps.wellbeing         com.google.android.apps.wellbeing    W  ApkAssets: Deleting an ApkAssets object '<empty> and /apex/com.android.adservices/priv-app/AdServicesApkGoogle@350820260/AdServicesApkGoogle.apk' with 1 weak references
2025-10-20 12:00:21.100  7200-7207  .apps.wellbeing         com.google.android.apps.wellbeing    W  ApkAssets: Deleting an ApkAssets object '<empty> and /product/overlay/DisplayCutoutEmulationHole/DisplayCutoutEmulationHoleOverlay.apk' with 1 weak references
2025-10-20 12:00:21.101  7200-7207  .apps.wellbeing         com.google.android.apps.wellbeing    W  ApkAssets: Deleting an ApkAssets object '<empty> and /product/overlay/DisplayCutoutEmulationTall/DisplayCutoutEmulationTallOverlay.apk' with 1 weak references
2025-10-20 12:00:21.101  7200-7207  .apps.wellbeing         com.google.android.apps.wellbeing    W  ApkAssets: Deleting an ApkAssets object '<empty> and /system/app/CertInstaller/CertInstaller.apk' with 1 weak references
2025-10-20 12:00:21.101  7200-7207  .apps.wellbeing         com.google.android.apps.wellbeing    W  ApkAssets: Deleting an ApkAssets object '<empty> and /product/app/talkback/talkback.apk' with 1 weak references
2025-10-20 12:00:21.102  7200-7207  .apps.wellbeing         com.google.android.apps.wellbeing    W  ApkAssets: Deleting an ApkAssets object '/vendor/overlay/EmulatorTalkBackOverlay/EmulatorTalkBackOverlay.apk' with 1 weak references
2025-10-20 12:00:21.102  7200-7207  .apps.wellbeing         com.google.android.apps.wellbeing    W  ApkAssets: Deleting an ApkAssets object '<empty> and /product/overlay/NavigationBarMode3Button/NavigationBarMode3ButtonOverlay.apk' with 1 weak references
2025-10-20 12:00:21.102  7200-7207  .apps.wellbeing         com.google.android.apps.wellbeing    W  ApkAssets: Deleting an ApkAssets object '<empty> and /product/app/Camera2/Camera2.apk' with 1 weak references
2025-10-20 12:00:21.103  7200-7207  .apps.wellbeing         com.google.android.apps.wellbeing    W  ApkAssets: Deleting an ApkAssets object '<empty> and /system/app/EasterEgg/EasterEgg.apk' with 1 weak references
2025-10-20 12:00:21.103  7200-7207  .apps.wellbeing         com.google.android.apps.wellbeing    W  ApkAssets: Deleting an ApkAssets object '<empty> and /system/priv-app/MtpService/MtpService.apk' with 1 weak references
2025-10-20 12:00:21.103  7200-7207  .apps.wellbeing         com.google.android.apps.wellbeing    W  ApkAssets: Deleting an ApkAssets object '<empty> and /apex/com.android.nfcservices/priv-app/NfcNciApexGoogle@AE3A.240806.005/NfcNciApexGoogle.apk' with 1 weak references
2025-10-20 12:00:21.104  7200-7207  .apps.wellbeing         com.google.android.apps.wellbeing    W  ApkAssets: Deleting an ApkAssets object '<empty> and /system/app/Stk/Stk.apk' with 1 weak references
2025-10-20 12:00:21.104  7200-7207  .apps.wellbeing         com.google.android.apps.wellbeing    W  ApkAssets: Deleting an ApkAssets object '<empty> and /data/app/~~vnsDRihrRt8FVQImHTdAfQ==/com.google.android.deskclock-hxWlUNwjixOsPU_xNtkyzw==/base.apk' with 1 weak references
2025-10-20 12:00:21.104  7200-7207  .apps.wellbeing         com.google.android.apps.wellbeing    W  ApkAssets: Deleting an ApkAssets object '<empty> and /data/app/~~vnsDRihrRt8FVQImHTdAfQ==/com.google.android.deskclock-hxWlUNwjixOsPU_xNtkyzw==/split_config.xxhdpi.apk' with 1 weak references
2025-10-20 12:00:21.105  7200-7207  .apps.wellbeing         com.google.android.apps.wellbeing    W  ApkAssets: Deleting an ApkAssets object '<empty> and /product/overlay/NavigationBarMode2Button/NavigationBarMode2ButtonOverlay.apk' with 1 weak references
2025-10-20 12:00:21.105  7200-7207  .apps.wellbeing         com.google.android.apps.wellbeing    W  ApkAssets: Deleting an ApkAssets object '<empty> and /product/priv-app/DevicePersonalizationPrebuiltPixel2021-aiai_20240329.00_RC16/DevicePersonalizationPrebuiltPixel2021-aiai_20240329.00_RC16.apk' with 1 weak references
2025-10-20 12:00:21.106  7200-7207  .apps.wellbeing         com.google.android.apps.wellbeing    W  ApkAssets: Deleting an ApkAssets object '<empty> and /data/app/~~kRPPVZfTUuwtQnZVyZDu9Q==/com.google.android.gm-zFx5PuDAUCeZ6GC0YlkY3A==/base.apk' with 1 weak references
2025-10-20 12:00:21.106  7200-7207  .apps.wellbeing         com.google.android.apps.wellbeing    W  ApkAssets: Deleting an ApkAssets object '<empty> and /data/app/~~kRPPVZfTUuwtQnZVyZDu9Q==/com.google.android.gm-zFx5PuDAUCeZ6GC0YlkY3A==/split_config.en.apk' with 1 weak references
2025-10-20 12:00:21.107  7200-7207  .apps.wellbeing         com.google.android.apps.wellbeing    W  ApkAssets: Deleting an ApkAssets object '<empty> and /data/app/~~kRPPVZfTUuwtQnZVyZDu9Q==/com.google.android.gm-zFx5PuDAUCeZ6GC0YlkY3A==/split_config.x86_64.apk' with 1 weak references
2025-10-20 12:00:21.107  7200-7207  .apps.wellbeing         com.google.android.apps.wellbeing    W  ApkAssets: Deleting an ApkAssets object '<empty> and /data/app/~~kRPPVZfTUuwtQnZVyZDu9Q==/com.google.android.gm-zFx5PuDAUCeZ6GC0YlkY3A==/split_config.xxhdpi.apk' with 1 weak references
2025-10-20 12:00:21.107  7200-7207  .apps.wellbeing         com.google.android.apps.wellbeing    W  ApkAssets: Deleting an ApkAssets object '<empty> and /apex/com.android.permission/priv-app/GooglePermissionController@350820360/GooglePermissionController.apk' with 1 weak references
2025-10-20 12:00:21.108  7200-7207  .apps.wellbeing         com.google.android.apps.wellbeing    W  ApkAssets: Deleting an ApkAssets object '/product/overlay/GooglePermissionControllerOverlay.apk' with 1 weak references
2025-10-20 12:00:21.108  7200-7207  .apps.wellbeing         com.google.android.apps.wellbeing    W  ApkAssets: Deleting an ApkAssets object '<empty> and /apex/com.android.btservices/app/BluetoothGoogle@342010060/BluetoothGoogle.apk' with 1 weak references
2025-10-20 12:00:21.108  7200-7207  .apps.wellbeing         com.google.android.apps.wellbeing    W  ApkAssets: Deleting an ApkAssets object '<empty> and /system/priv-app/SettingsProvider/SettingsProvider.apk' with 1 weak references
2025-10-20 12:00:21.108  7200-7207  .apps.wellbeing         com.google.android.apps.wellbeing    W  ApkAssets: Deleting an ApkAssets object '/product/overlay/LargeScreenSettingsProviderOverlay.apk' with 1 weak references
2025-10-20 12:00:21.108  7200-7207  .apps.wellbeing         com.google.android.apps.wellbeing    W  ApkAssets: Deleting an ApkAssets object '/product/overlay/SettingsProvider__sdk_gphone64_x86_64__auto_generated_rro_product.apk' with 1 weak references
2025-10-20 12:00:21.108  7200-7207  .apps.wellbeing         com.google.android.apps.wellbeing    W  ApkAssets: Deleting an ApkAssets object '<empty> and /system/app/PrintSpooler/PrintSpooler.apk' with 1 weak references
2025-10-20 12:00:21.109  7200-7207  .apps.wellbeing         com.google.android.apps.wellbeing    W  ApkAssets: Deleting an ApkAssets object '<empty> and /system/app/BasicDreams/BasicDreams.apk' with 1 weak references
2025-10-20 12:00:21.109  7200-7207  .apps.wellbeing         com.google.android.apps.wellbeing    W  ApkAssets: Deleting an ApkAssets object '<empty> and /data/app/~~aV3bD3TTe6OiRAbzglUMnA==/com.google.android.as.oss-RgPPIKOm_XnkroD0HZq7Zg==/base.apk' with 1 weak references
2025-10-20 12:00:21.110  7200-7207  .apps.wellbeing         com.google.android.apps.wellbeing    W  ApkAssets: Deleting an ApkAssets object '<empty> and /data/app/~~aV3bD3TTe6OiRAbzglUMnA==/com.google.android.as.oss-RgPPIKOm_XnkroD0HZq7Zg==/split_config.arm64_v8a.apk' with 1 weak references
2025-10-20 12:00:21.110  7200-7207  .apps.wellbeing         com.google.android.apps.wellbeing    W  ApkAssets: Deleting an ApkAssets object '<empty> and /data/app/~~aV3bD3TTe6OiRAbzglUMnA==/com.google.android.as.oss-RgPPIKOm_XnkroD0HZq7Zg==/split_config.en.apk' with 1 weak references
2025-10-20 12:00:21.110  7200-7207  .apps.wellbeing         com.google.android.apps.wellbeing    W  ApkAssets: Deleting an ApkAssets object '<empty> and /data/app/~~aV3bD3TTe6OiRAbzglUMnA==/com.google.android.as.oss-RgPPIKOm_XnkroD0HZq7Zg==/split_config.xxhdpi.apk' with 1 weak references
2025-10-20 12:00:21.110  7200-7207  .apps.wellbeing         com.google.android.apps.wellbeing    W  ApkAssets: Deleting an ApkAssets object '<empty> and /system/priv-app/InputDevices/InputDevices.apk' with 1 weak references
2025-10-20 12:00:21.111  7200-7207  .apps.wellbeing         com.google.android.apps.wellbeing    W  ApkAssets: Deleting an ApkAssets object '<empty> and /apex/com.android.devicelock/priv-app/DeviceLockControllerGoogle@AE3A.240806.005/DeviceLockControllerGoogle.apk' with 1 weak references
2025-10-20 12:00:21.111  7200-7207  .apps.wellbeing         com.google.android.apps.wellbeing    W  ApkAssets: Deleting an ApkAssets object '<empty> and /data/app/~~0Nd5VDDY4HcbygYultgHGQ==/com.google.android.dialer-LmtQP-sqaPoMLH1OgR43mA==/base.apk' with 1 weak references
2025-10-20 12:00:21.111  7200-7207  .apps.wellbeing         com.google.android.apps.wellbeing    W  ApkAssets: Deleting an ApkAssets object '<empty> and /system/priv-app/BuiltInPrintService/BuiltInPrintService.apk' with 1 weak references
2025-10-20 12:00:21.112  7200-7207  .apps.wellbeing         com.google.android.apps.wellbeing    W  ApkAssets: Deleting an ApkAssets object '/product/overlay/BuiltInPrintService__sdk_gphone64_x86_64__auto_generated_rro_product.apk' with 1 weak references
2025-10-20 12:00:21.112  7200-7207  .apps.wellbeing         com.google.android.apps.wellbeing    W  ApkAssets: Deleting an ApkAssets object '<empty> and /system/app/CaptivePortalLoginGoogle/CaptivePortalLoginGoogle.apk' with 1 weak references
2025-10-20 12:00:21.113  7200-7207  .apps.wellbeing         com.google.android.apps.wellbeing    W  ApkAssets: Deleting an ApkAssets object '<empty> and /system/priv-app/MusicFX/MusicFX.apk' with 1 weak references
2025-10-20 12:00:21.113  7200-7207  .apps.wellbeing         com.google.android.apps.wellbeing    W  ApkAssets: Deleting an ApkAssets object '<empty> and /data/app/~~7Wv_0s7AxgapV6DA2WjR4w==/com.google.android.apps.docs-MwP-2WkDEUGXiIq-F0gXhg==/base.apk' with 1 weak references
2025-10-20 12:00:21.113  7200-7207  .apps.wellbeing         com.google.android.apps.wellbeing    W  ApkAssets: Deleting an ApkAssets object '<empty> and /data/app/~~7Wv_0s7AxgapV6DA2WjR4w==/com.google.android.apps.docs-MwP-2WkDEUGXiIq-F0gXhg==/split_config.en.apk' with 1 weak references
2025-10-20 12:00:21.113  7200-7207  .apps.wellbeing         com.google.android.apps.wellbeing    W  ApkAssets: Deleting an ApkAssets object '<empty> and /data/app/~~7Wv_0s7AxgapV6DA2WjR4w==/com.google.android.apps.docs-MwP-2WkDEUGXiIq-F0gXhg==/split_config.x86_64.apk' with 1 weak references
2025-10-20 12:00:21.113  7200-7207  .apps.wellbeing         com.google.android.apps.wellbeing    W  ApkAssets: Deleting an ApkAssets object '<empty> and /data/app/~~7Wv_0s7AxgapV6DA2WjR4w==/com.google.android.apps.docs-MwP-2WkDEUGXiIq-F0gXhg==/split_config.xxhdpi.apk' with 1 weak references
2025-10-20 12:00:21.114  7200-7207  .apps.wellbeing         com.google.android.apps.wellbeing    W  ApkAssets: Deleting an ApkAssets object '<empty> and /data/app/~~mcAUw-WHeMyd8Dzi7MDpcQ==/com.google.android.apps.maps--2TEasyFksJpd-AS0CMqMw==/base.apk' with 1 weak references
2025-10-20 12:00:21.114  7200-7207  .apps.wellbeing         com.google.android.apps.wellbeing    W  ApkAssets: Deleting an ApkAssets object '<empty> and /data/app/~~mcAUw-WHeMyd8Dzi7MDpcQ==/com.google.android.apps.maps--2TEasyFksJpd-AS0CMqMw==/split_config.en.apk' with 1 weak references
2025-10-20 12:00:21.114  7200-7207  .apps.wellbeing         com.google.android.apps.wellbeing    W  ApkAssets: Deleting an ApkAssets object '<empty> and /data/app/~~mcAUw-WHeMyd8Dzi7MDpcQ==/com.google.android.apps.maps--2TEasyFksJpd-AS0CMqMw==/split_config.x86_64.apk' with 1 weak references
2025-10-20 12:00:21.114  7200-7207  .apps.wellbeing         com.google.android.apps.wellbeing    W  ApkAssets: Deleting an ApkAssets object '<empty> and /data/app/~~mcAUw-WHeMyd8Dzi7MDpcQ==/com.google.android.apps.maps--2TEasyFksJpd-AS0CMqMw==/split_config.xxhdpi.apk' with 1 weak references
2025-10-20 12:00:21.114  7200-7207  .apps.wellbeing         com.google.android.apps.wellbeing    W  ApkAssets: Deleting an ApkAssets object '<empty> and /product/app/ModuleMetadataGoogle/ModuleMetadataGoogle.apk' with 1 weak references
2025-10-20 12:00:21.115  7200-7207  .apps.wellbeing         com.google.android.apps.wellbeing    W  ApkAssets: Deleting an ApkAssets object '<empty> and /product/overlay/DisplayCutoutEmulationEmu01/DisplayCutoutEmulationEmu01Overlay.apk' with 1 weak references
2025-10-20 12:00:21.115  7200-7207  .apps.wellbeing         com.google.android.apps.wellbeing    W  ApkAssets: Deleting an ApkAssets object '<empty> and /system_ext/priv-app/AvatarPickerGoogle/AvatarPickerGoogle.apk' with 1 weak references
2025-10-20 12:00:21.115  7200-7207  .apps.wellbeing         com.google.android.apps.wellbeing    W  ApkAssets: Deleting an ApkAssets object '<empty> and /product/app/MarkupGoogle_v2/MarkupGoogle_v2.apk' with 1 weak references
2025-10-20 12:00:21.116  7200-7207  .apps.wellbeing         com.google.android.apps.wellbeing    W  ApkAssets: Deleting an ApkAssets object '<empty> and /system/priv-app/NetworkStackGoogle/NetworkStackGoogle.apk' with 1 weak references
2025-10-20 12:00:21.116  7200-7207  .apps.wellbeing         com.google.android.apps.wellbeing    W  ApkAssets: Deleting an ApkAssets object '<empty> and /apex/com.android.rkpd/priv-app/rkpdapp.google@350820300/rkpdapp.google.apk' with 1 weak references
2025-10-20 12:00:21.116  7200-7207  .apps.wellbeing         com.google.android.apps.wellbeing    W  ApkAssets: Deleting an ApkAssets object '<empty> and /data/app/~~RIQaz_sy-Saa2NGqUr2usA==/com.google.android.contacts-4tPt6rPd1-Fpd9p9bfvSEQ==/base.apk' with 1 weak references
2025-10-20 12:00:21.116  7200-7207  .apps.wellbeing         com.google.android.apps.wellbeing    W  ApkAssets: Deleting an ApkAssets object '<empty> and /data/app/~~RIQaz_sy-Saa2NGqUr2usA==/com.google.android.contacts-4tPt6rPd1-Fpd9p9bfvSEQ==/split_config.en.apk' with 1 weak references
