--------- beginning of system
--------- beginning of main
2025-10-20 11:59:59.133   590-696   ActivityManager         system_server                        D  freezing 7178 com.android.keychain
2025-10-20 12:00:00.011  1424-1589  AiAiEcho                com.google.android.as                I  Predicting[0]:  [CONTEXT sampling_count=5 ]
2025-10-20 12:00:00.011  1424-1589  AiAiEcho                com.google.android.as                I  EchoTargets: 
                                                                                                    Filtered by AiAi flag check: 
                                                                                                    [CONTEXT ratelimit_period="10 SECONDS" ]
2025-10-20 12:00:00.011  1424-1589  AiAiEcho                com.google.android.as                I  Ranked targets strategy: SORT, count: 0, ranking metadata:  [CONTEXT ratelimit_period="10 SECONDS" ]
2025-10-20 12:00:00.097   590-623   CompatChangeReporter    system_server                        D  Compat change id reported: 151861875; UID 1000; state: ENABLED
2025-10-20 12:00:00.097   590-623   ActivityManager         system_server                        W  Slow operation: 87ms so far, now at startProcess: done creating new process record
2025-10-20 12:00:00.097   590-623   ActivityManager         system_server                        W  Slow operation: 87ms so far, now at startProcess: stepping in to startProcess
2025-10-20 12:00:00.249  1424-1589  AiAiEcho                com.google.android.as                I  #remoteViewsTwiddler: feature disabled.
2025-10-20 12:00:00.320   590-623   ActivityManager         system_server                        W  Slow operation: 310ms so far, now at startProcess: done starting proc!
2025-10-20 12:00:00.320   590-624   ActivityManager         system_server                        W  Slow operation: 223ms so far, now at startProcess: asking zygote to start proc
2025-10-20 12:00:00.320  1424-1589  AiAiEcho                com.google.android.as                I  Predicting[0]:  [CONTEXT sampling_count=5 ]
2025-10-20 12:00:00.320  1424-1589  AiAiEcho                com.google.android.as                I  EchoTargets: 
                                                                                                    Filtered by AiAi flag check: 
                                                                                                    [CONTEXT ratelimit_period="10 SECONDS" ]
2025-10-20 12:00:00.320  1424-1589  AiAiEcho                com.google.android.as                I  Ranked targets strategy: SORT, count: 0, ranking metadata:  [CONTEXT ratelimit_period="10 SECONDS" ]
2025-10-20 12:00:00.320  1424-1589  AiAiEcho                com.google.android.as                I  #remoteViewsTwiddler: feature disabled.
2025-10-20 12:00:00.332  1424-1589  AiAiEcho                com.google.android.as                I  #postPredictionTargets: Sending updates to UISurface lockscreen with targets# 0 (types=[])
2025-10-20 12:00:00.332  1424-1589  AiAiEcho                com.google.android.as                I  #postPredictionTargets: Sending updates to UISurface home with targets# 0 (types=[])
2025-10-20 12:00:00.463  1147-1147  SsBaseTemplateCard      com...le.android.apps.nexuslauncher  D  No text view can be set up
2025-10-20 12:00:00.463  1147-1147  SsBaseTemplateCard      com...le.android.apps.nexuslauncher  D  Passed-in item info is null
2025-10-20 12:00:00.463  1147-1147  SsBaseTemplateCard      com...le.android.apps.nexuslauncher  D  Passed-in item info is null
2025-10-20 12:00:00.463  1147-1147  SsBaseTemplateCard      com...le.android.apps.nexuslauncher  D  Passed-in item info is null
2025-10-20 12:00:00.463  1147-1147  SsBaseTemplateCard      com...le.android.apps.nexuslauncher  I  Secondary card pane is null
2025-10-20 12:00:00.626   848-848   PageIndicator           com.android.systemui                 W  Total number of pages invalid: 0. Assuming 1 page.
2025-10-20 12:00:00.686   848-978   EGL_emulation           com.android.systemui                 D  app_time_stats: avg=4379.71ms min=4379.71ms max=4379.71ms count=1
2025-10-20 12:00:00.750  1147-1603  EGL_emulation           com...le.android.apps.nexuslauncher  D  app_time_stats: avg=39025.75ms min=39025.75ms max=39025.75ms count=1
2025-10-20 12:00:02.043  1484-1896  BugleRcsEngine          com.google.android.apps.messaging    I  Connected state: [1], networkType: [WIFI] [CONTEXT thread_id=55 ]
2025-10-20 12:00:02.045   590-751   IPCThreadState          system_server                        W  Sending oneway calls to frozen process.
2025-10-20 12:00:02.045   590-751   IPCThreadState          system_server                        W  Sending oneway calls to frozen process.
2025-10-20 12:00:02.045   590-751   IPCThreadState          system_server                        W  Sending oneway calls to frozen process.
2025-10-20 12:00:02.045   590-751   IPCThreadState          system_server                        W  Sending oneway calls to frozen process.
2025-10-20 12:00:02.045   590-751   IPCThreadState          system_server                        W  Sending oneway calls to frozen process.
2025-10-20 12:00:02.045   590-751   IPCThreadState          system_server                        W  Sending oneway calls to frozen process.
2025-10-20 12:00:02.045   590-751   IPCThreadState          system_server                        W  Sending oneway calls to frozen process.
2025-10-20 12:00:02.046   590-751   IPCThreadState          system_server                        W  Sending oneway calls to frozen process.
2025-10-20 12:00:02.046   590-751   IPCThreadState          system_server                        W  Sending oneway calls to frozen process.
2025-10-20 12:00:02.046   590-751   IPCThreadState          system_server                        W  Sending oneway calls to frozen process.
2025-10-20 12:00:02.047   590-751   IPCThreadState          system_server                        W  Sending oneway calls to frozen process.
2025-10-20 12:00:02.048   590-751   IPCThreadState          system_server                        W  Sending oneway calls to frozen process.
2025-10-20 12:00:02.048  1484-2325  BugleRcsEngine          com.google.android.apps.messaging    I  handleMessage processing message:[NOTIFY_UPTIME_IGNORE_STATE_CHANGED] with [non-null]:RcsEngineImpl reference [CONTEXT log_prefix="RcsEngineImpl[DUAL_REG]:[2b7e99a5-a0fa]>Handler" thread_id=67 ]
2025-10-20 12:00:02.237  1106-2147  NullBinder              com.google.android.gms.persistent    I  NullBinder for android.net.action.RECOMMEND_NETWORKS triggering remote TransactionTooLargeException due to Service without Chimera impl, calling uid: 1000, calling pid: 0
2025-10-20 12:00:02.237  1106-2147  .gms.persistent         com.google.android.gms.persistent    W  Large reply transaction of 1056768 bytes, interface descriptor , code 1
2025-10-20 12:00:02.635  2328-2642  WM-NetworkStateTracker  com.google.android.apps.messaging    D  Network capabilities changed: [ Transports: WIFI Capabilities: NOT_METERED&INTERNET&NOT_RESTRICTED&TRUSTED&NOT_VPN&VALIDATED&NOT_ROAMING&FOREGROUND&NOT_CONGESTED&NOT_SUSPENDED&NOT_VCN_MANAGED&NOT_BANDWIDTH_CONSTRAINED LinkUpBandwidth>=12000Kbps LinkDnBandwidth>=30000Kbps TransportInfo: <SSID: <unknown ssid>, BSSID: 02:00:00:00:00:00, MAC: 02:00:00:00:00:00, IP: /10.0.2.16, Security type: 0, Supplicant state: COMPLETED, Wi-Fi standard: legacy, RSSI: -50, Link speed: 1Mbps, Tx Link speed: 1Mbps, Max Supported Tx Link speed: 11Mbps, Rx Link speed: 2Mbps, Max Supported Rx Link speed: 11Mbps, Frequency: 2447MHz, Net ID: -1, Metered hint: false, score: 60, isUsable: true, CarrierMerged: false, SubscriptionId: -1, IsPrimary: -1, Trusted: true, Restricted: false, Ephemeral: false, OEM paid: false, OEM private: false, OSU AP: false, FQDN: <none>, Provider friendly name: <none>, Requesting package name: <none><none>MLO Information: , Is TID-To-Link negotiation supported by the AP: false, AP MLD Address: <none>, AP MLO Link Id: <none>, AP MLO Affiliated links: <none>, Vendor Data: <none>> SignalStrength: -50 UnderlyingNetworks: Null]
2025-10-20 12:00:02.902  1484-2325  BugleRcsEngine          com.google.android.apps.messaging    I  No RCS Configuration was found in Bugle for simID: redacted-pii:sim_id[chars:20,last3:897] [CONTEXT log_prefix="ProvisioningEngineDataRetriever" thread_id=67 ]
2025-10-20 12:00:05.567   371-371   Zygote                  pid-371                              D  Forked child process 8727
2025-10-20 12:00:05.568   590-624   ActivityManager         system_server                        W  Slow operation: 5470ms so far, now at startProcess: returned from zygote!
2025-10-20 12:00:05.568   590-624   ActivityManager         system_server                        W  Slow operation: 5471ms so far, now at startProcess: done updating battery stats
2025-10-20 12:00:05.568   590-624   ActivityManager         system_server                        W  Slow operation: 5471ms so far, now at startProcess: building log message
2025-10-20 12:00:05.568   590-624   ActivityManager         system_server                        I  Start proc 8727:com.android.settings/1000 for broadcast {com.android.settings/com.android.settings.fuelgauge.batteryusage.PeriodicJobReceiver}
2025-10-20 12:00:05.569   590-624   ActivityManager         system_server                        W  Slow operation: 5471ms so far, now at startProcess: starting to update pids map
2025-10-20 12:00:05.569   590-624   ActivityManager         system_server                        W  Slow operation: 5472ms so far, now at startProcess: done updating pids map
2025-10-20 12:00:05.618   925-931   rkstack.process         com.android.networkstack.process     I  Background concurrent mark compact GC freed 2620KB AllocSpace bytes, 0(0B) LOS objects, 49% free, 2671KB/5342KB, paused 993us,4.059ms total 3.776s
2025-10-20 12:00:05.628  8727-8727  ndroid.settings         com.android.settings                 I  Using CollectorTypeCMC GC.
2025-10-20 12:00:05.633  8727-8727  ndroid.settings         com.android.settings                 W  Unexpected CPU variant for x86: x86_64.
                                                                                                    Known variants: atom, sandybridge, silvermont, goldmont, goldmont-plus, goldmont-without-sha-xsaves, tremont, kabylake, default
2025-10-20 12:00:05.640  8727-8727  ndroid.settings         com.android.settings                 E  Not starting debugger since process cannot load the jdwp agent.
2025-10-20 12:00:05.653  8727-8727  nativeloader            com.android.settings                 D  Load libframework-connectivity-tiramisu-jni.so using APEX ns com_android_tethering for caller /apex/com.android.tethering/javalib/framework-connectivity-t.jar: ok
2025-10-20 12:00:05.700  8727-8727  ApplicationLoaders      com.android.settings                 D  Returning zygote-cached class loader: /system/framework/org.apache.http.legacy.jar
2025-10-20 12:00:05.700  8727-8727  ApplicationLoaders      com.android.settings                 D  Returning zygote-cached class loader: /system_ext/framework/androidx.window.extensions.jar
2025-10-20 12:00:05.700  8727-8727  ApplicationLoaders      com.android.settings                 D  Returning zygote-cached class loader: /system_ext/framework/androidx.window.sidecar.jar
2025-10-20 12:00:05.734  8727-8727  nativeloader            com.android.settings                 D  Configuring clns-shared-7 for other apk /system_ext/priv-app/SettingsGoogle/SettingsGoogle.apk. target_sdk_version=35, uses_libraries=, library_path=/system_ext/priv-app/SettingsGoogle/lib/x86_64:/system_ext/priv-app/SettingsGoogle/SettingsGoogle.apk!/lib/x86_64:/system/lib64:/system_ext/lib64, permitted_path=/data:/mnt/expand:/data/user_de/0/com.android.settings:/system_ext/priv-app/SettingsGoogle:/system/lib64:/system_ext/lib64
2025-10-20 12:00:05.752  8727-8727  CompatChangeReporter    com.android.settings                 D  Compat change id reported: 202956589; UID 1000; state: ENABLED
2025-10-20 12:00:05.765  8727-8727  GraphicsEnvironment     com.android.settings                 V  Currently set values for:
2025-10-20 12:00:05.765  8727-8727  GraphicsEnvironment     com.android.settings                 V    angle_gl_driver_selection_pkgs=[]
2025-10-20 12:00:05.766  8727-8727  GraphicsEnvironment     com.android.settings                 V    angle_gl_driver_selection_values=[]
2025-10-20 12:00:05.766  8727-8727  GraphicsEnvironment     com.android.settings                 V  Global.Settings values are invalid: number of packages: 0, number of values: 0
2025-10-20 12:00:05.766  8727-8727  GraphicsEnvironment     com.android.settings                 V  Neither updatable production driver nor prerelease driver is supported.
2025-10-20 12:00:05.839  8727-8727  BatteryUsa...ntProvider com.android.settings                 V  initialize provider
2025-10-20 12:00:05.858  8727-8727  SpaSearchProvider       com.android.settings                 D  onCreate
2025-10-20 12:00:05.875  8727-8727  BatteryStateDatabase    com.android.settings                 D  initialize battery states database
2025-10-20 12:00:05.875  8727-8727  BatteryUsa...ntProvider com.android.settings                 W  create content provider from null
2025-10-20 12:00:05.878  8727-8727  SettingsSliceProvider   com.android.settings                 D  init
2025-10-20 12:00:05.879  8727-8727  SettingsSliceProvider   com.android.settings                 D  onCreateSliceProvider
2025-10-20 12:00:05.896  8727-8727  SpaEnvironment          com.android.settings                 D  reset
2025-10-20 12:00:06.038   590-1803  ActivityManager         system_server                        D  sync unfroze 7178 com.android.keychain for 10
2025-10-20 12:00:06.064  8727-8727  PeriodicJobReceiver     com.android.settings                 D  refresh periodic job from action=com.android.settings.battery.action.PERIODIC_JOB_UPDATE
2025-10-20 12:00:06.064  8727-8745  BatteryUsageDataLoader  com.android.settings                 D  loadUsageDataSafely() in the AsyncTask
2025-10-20 12:00:06.093   590-1005  CompatChangeReporter    system_server                        D  Compat change id reported: 297989574; UID 1000; state: ENABLED
2025-10-20 12:00:06.108   590-1005  BatteryExt...tatsWorker system_server                        W  error reading Bluetooth stats: 11
2025-10-20 12:00:06.119   590-1005  TelephonyManager        system_server                        D  requestModemActivityInfo: Sending result to app: ModemActivityInfo{ mTimestamp=8379115 mSleepTimeMs=0 mIdleTimeMs=8379086 mActivityStatsTechSpecificInfo=[{mRat=UNKNOWN,mFrequencyRange=UNKNOWN,mTxTimeMs[]=[0, 0, 0, 0, 0],mRxTimeMs=0}]}
2025-10-20 12:00:06.139  8727-8727  PeriodicJobManager      com.android.settings                 D  schedule next alarm job at Oct 20, 2025, 13:00:00
2025-10-20 12:00:06.479  8727-8745  PowerProfile            com.android.settings                 W  ambient.on is deprecated! Use ambient.on.display0 instead.
2025-10-20 12:00:06.479  8727-8745  PowerProfile            com.android.settings                 W  screen.on is deprecated! Use screen.on.display0 instead.
2025-10-20 12:00:06.479  8727-8745  PowerProfile            com.android.settings                 W  screen.full is deprecated! Use screen.full.display0 instead.
2025-10-20 12:00:06.481  8727-8745  ModemPowerProfile       com.android.settings                 W  getAverageBatteryDrainMaH called with unexpected key: 0x0, drain:SLEEP,RAT:DEFAULT
2025-10-20 12:00:06.481  8727-8745  ModemPowerProfile       com.android.settings                 W  getAverageBatteryDrainMaH called with unexpected key: 0x10000000, drain:IDLE,RAT:DEFAULT
2025-10-20 12:00:06.481  8727-8745  ModemPowerProfile       com.android.settings                 W  getAverageBatteryDrainMaH called with unexpected key: 0x20000000, drain:RX,RAT:DEFAULT
2025-10-20 12:00:06.481  8727-8745  ModemPowerProfile       com.android.settings                 W  getAverageBatteryDrainMaH called with unexpected key: 0x30000000, drain:TX,level:0,RAT:DEFAULT
2025-10-20 12:00:06.481  8727-8745  ModemPowerProfile       com.android.settings                 W  getAverageBatteryDrainMaH called with unexpected key: 0x31000000, drain:TX,level:1,RAT:DEFAULT
2025-10-20 12:00:06.481  8727-8745  ModemPowerProfile       com.android.settings                 W  getAverageBatteryDrainMaH called with unexpected key: 0x32000000, drain:TX,level:2,RAT:DEFAULT
2025-10-20 12:00:06.481  8727-8745  ModemPowerProfile       com.android.settings                 W  getAverageBatteryDrainMaH called with unexpected key: 0x33000000, drain:TX,level:3,RAT:DEFAULT
2025-10-20 12:00:06.481  8727-8745  ModemPowerProfile       com.android.settings                 W  getAverageBatteryDrainMaH called with unexpected key: 0x34000000, drain:TX,level:4,RAT:DEFAULT
2025-10-20 12:00:06.482  8727-8745  DataProcessor           com.android.settings                 W  shouldShowBatteryAttributionList(): 0.1
2025-10-20 12:00:06.482  8727-8745  BatteryUsageDataLoader  com.android.settings                 W  getBatteryEntryList() returns null or empty content
2025-10-20 12:00:06.482  8727-8745  BatteryUsageDataLoader  com.android.settings                 D  getBatteryUsageStats() in 414/ms
2025-10-20 12:00:06.520  8727-8745  DatabaseUtils           com.android.settings                 D  insert() data into database with isFullChargeStart:false
2025-10-20 12:00:06.526  8727-8745  DatabaseUtils           com.android.settings                 D  sendBatteryEntryData() size=1 in 44/ms
2025-10-20 12:00:06.533  8727-8745  BatteryUsa...ntProvider com.android.settings                 D  getQueryUserId from uri: content://com.android.settings.battery.usage.provider/appUsageLatestTimestamp?userid=0
2025-10-20 12:00:06.534  8727-8745  BatteryUsa...ntProvider com.android.settings                 D  getAppUsageLatestTimestamp() for user 0 in 1/ms
2025-10-20 12:00:06.540  8727-8745  DatabaseUtils           com.android.settings                 D  getAppUsageStartTimestampOfUser() userId=0 latestTimestamp=Oct 20, 2025, 10:42:23 in 7/ms
2025-10-20 12:00:06.545  8727-8745  DataProcessor           com.android.settings                 D  getAppUsageEventsForUser(): 0 from 1760949743542 to 1760954406533 in 4/ms
2025-10-20 12:00:06.545  8727-8745  DataProcessor           com.android.settings                 D  getAppUsageEvents() for all unlocked users in 12/ms
2025-10-20 12:00:06.566  8727-8745  DataProcessor           com.android.settings                 W  Read 20 relevant events (25 total) from UsageStatsManager
2025-10-20 12:00:06.566  8727-8745  BatteryUsageDataLoader  com.android.settings                 D  loadAppUsageData() size=20 in 33/ms
2025-10-20 12:00:06.598  8727-8745  DatabaseUtils           com.android.settings                 D  insert() app usage events data into database
2025-10-20 12:00:06.598  8727-8745  DatabaseUtils           com.android.settings                 D  sendAppUsageEventData() size=20 in 32/ms
2025-10-20 12:00:06.599  8727-8745  BatteryUsa...ntProvider com.android.settings                 D  getLastFullChargeTimestamp() in 0/ms
2025-10-20 12:00:06.599  8727-8745  DatabaseUtils           com.android.settings                 D  getLastFullChargeTime() lastFullChargeTime=Oct 17, 2025, 00:31:11 in 0/ms
2025-10-20 12:00:06.600  8727-8745  DatabaseUtils           com.android.settings                 D  getBatteryEvents for timestamp: 1760653871302
2025-10-20 12:00:06.601  8727-8745  BatteryUsa...ntProvider com.android.settings                 D  getQueryBatteryEventTypes from uri: content://com.android.settings.battery.usage.provider/BatteryEvent?timestamp=1760653871302&batteryEventType=3%2C4
2025-10-20 12:00:06.601  8727-8745  BatteryUsa...ntProvider com.android.settings                 D  getQueryTimestamp from uri: content://com.android.settings.battery.usage.provider/BatteryEvent?timestamp=1760653871302&batteryEventType=3%2C4
2025-10-20 12:00:06.602  8727-8745  BatteryUsa...ntProvider com.android.settings                 W  getBatteryEvents() in 1/ms
2025-10-20 12:00:06.603  8727-8745  DatabaseUtils           com.android.settings                 D  getBatteryEvents size=83 in 3/ms
2025-10-20 12:00:06.603  8727-8745  DataProcessManager      com.android.settings                 D  getPeriodBatteryLevelData() startTimestamp=Oct 20, 2025, 10:00:00
2025-10-20 12:00:06.603  8727-8745  DatabaseUtils           com.android.settings                 D  sixDaysAgoTimestamp: Oct 14, 2025, 00:00:00
2025-10-20 12:00:06.603  8727-8745  BatteryUsa...ntProvider com.android.settings                 D  getQueryTimestamp from uri: content://com.android.settings.battery.usage.provider/batteryStateLatestTimestamp?timestamp=1760947200000
2025-10-20 12:00:06.604  8727-8745  BatteryUsa...ntProvider com.android.settings                 D  getBatteryStateLatestTimestamp() no later than 1760947200000 in 0/ms
2025-10-20 12:00:06.604  8727-8745  DatabaseUtils           com.android.settings                 D  getBatteryStateLatestTimestamp() batteryStateLatestTimestamp=Oct 20, 2025, 02:00:00 in 1/ms
2025-10-20 12:00:06.604  8727-8745  BatteryUsa...ntProvider com.android.settings                 D  getQueryTimestamp from uri: content://com.android.settings.battery.usage.provider/BatteryState?timestamp=1760918400647
2025-10-20 12:00:06.604  8727-8745  BatteryUsa...ntProvider com.android.settings                 D  getBatteryStates() after 1760918400647 in 0/ms
2025-10-20 12:00:06.604  8727-8745  DatabaseUtils           com.android.settings                 D  getBatteryHistoryMap() size=4 in 0/ms
2025-10-20 12:00:06.605  8727-8745  DataProcessor           com.android.settings                 D  getHistoryMapWithExpectedTimestamps() size=12 in 0/ms
2025-10-20 12:00:06.606  8727-8745  DataProcessor           com.android.settings                 E  abnormal entry list in the timestamp:Oct 20, 2025, 03:00:00
2025-10-20 12:00:06.606  8727-8745  DataProcessor           com.android.settings                 E  abnormal entry list in the timestamp:Oct 20, 2025, 04:00:00
2025-10-20 12:00:06.606  8727-8745  DataProcessor           com.android.settings                 E  abnormal entry list in the timestamp:Oct 20, 2025, 05:00:00
2025-10-20 12:00:06.606  8727-8745  DataProcessor           com.android.settings                 E  abnormal entry list in the timestamp:Oct 20, 2025, 06:00:00
2025-10-20 12:00:06.607  8727-8745  DataProcessor           com.android.settings                 E  abnormal entry list in the timestamp:Oct 20, 2025, 07:00:00
2025-10-20 12:00:06.607  8727-8745  DataProcessor           com.android.settings                 E  abnormal entry list in the timestamp:Oct 20, 2025, 08:00:00
2025-10-20 12:00:06.607  8727-8745  DataProcessor           com.android.settings                 E  abnormal entry list in the timestamp:Oct 20, 2025, 09:00:00
2025-10-20 12:00:06.609  8727-8745  DataProcessManager      com.android.settings                 D  execute getBatteryLevelData in 10/ms, batteryLevelRecordEvents.size=83
2025-10-20 12:00:06.625  8727-8745  DatabaseUtils           com.android.settings                 D  insert() battery event data into database
2025-10-20 12:00:06.626  8727-8745  DatabaseUtils           com.android.settings                 D  sendBatteryEventData() size=6 in 16/ms
2025-10-20 12:00:06.626  8727-8745  BatteryUsageDataLoader  com.android.settings                 D  preprocessBatteryUsageSlots() batteryLevelData=dailyBatteryLevels: timestamps: [1760922000000, 1760954400000]; levels: [-1, 100]; hourlyBatteryLevelsPerDay: [timestamps: [1760922000000, 1760925600000, 1760932800000, 1760940000000, 1760947200000, 1760954400000]; levels: [-1, -1, -1, -1, 100, 100]] in 28/ms
2025-10-20 12:00:06.626  8727-8745  BatteryUsageDataLoader  com.android.settings                 D  loadUsageDataSafely() in 562/ms
2025-10-20 12:00:06.636  8727-8745  DatabaseUtils           com.android.settings                 D  sixDaysAgoTimestamp: Oct 14, 2025, 00:00:00
2025-10-20 12:00:06.636  8727-8745  BatteryUsa...ntProvider com.android.settings                 D  getQueryUserIds from uri: content://com.android.settings.battery.usage.provider/AppUsageEvent?timestamp=1760936400000&userid=0
2025-10-20 12:00:06.636  8727-8745  BatteryUsa...ntProvider com.android.settings                 D  getQueryTimestamp from uri: content://com.android.settings.battery.usage.provider/AppUsageEvent?timestamp=1760936400000&userid=0
2025-10-20 12:00:06.636  8727-8745  BatteryUsa...ntProvider com.android.settings                 W  getAppUsageEvents() in 0/ms
2025-10-20 12:00:06.637  8727-8745  DatabaseUtils           com.android.settings                 D  getAppUsageEventForUser userId=0 size=76 in 2/ms
2025-10-20 12:00:06.637  8727-8745  DataProcessManager      com.android.settings                 D  execute loadDatabaseAppUsageList size=76 in 2/ms
2025-10-20 12:00:06.638  8727-8751  DatabaseUtils           com.android.settings                 D  getBatteryEvents for timestamp: 1760947200000
2025-10-20 12:00:06.638  8727-8751  BatteryUsa...ntProvider com.android.settings                 D  getQueryBatteryEventTypes from uri: content://com.android.settings.battery.usage.provider/BatteryEvent?timestamp=1760947200000&batteryEventType=1%2C2
2025-10-20 12:00:06.638  8727-8751  BatteryUsa...ntProvider com.android.settings                 D  getQueryTimestamp from uri: content://com.android.settings.battery.usage.provider/BatteryEvent?timestamp=1760947200000&batteryEventType=1%2C2
2025-10-20 12:00:06.638  8727-8751  BatteryUsa...ntProvider com.android.settings                 W  getBatteryEvents() in 0/ms
2025-10-20 12:00:06.638  8727-8751  DatabaseUtils           com.android.settings                 D  getBatteryEvents size=0 in 0/ms
2025-10-20 12:00:06.638  8727-8751  DataProcessManager      com.android.settings                 D  execute loadPowerConnectionBatteryEventList size=0 in 0/ms
2025-10-20 12:00:06.638  8727-8727  DataProcessManager      com.android.settings                 D  batteryEventList is null or empty
2025-10-20 12:00:06.683   590-1803  ActivityManager         system_server                        D  sync unfroze 7069 com.google.android.settings.intelligence for 7
2025-10-20 12:00:06.705  7069-7069  ActivityThread          com...android.settings.intelligence  D  Package [com.example.autostradaauctions.debug] reported as REPLACED, but missing application info. Assuming REMOVED.
2025-10-20 12:00:06.707  7069-7069  ActivityThread          com...android.settings.intelligence  D  Package [com.example.autostradaauctions.debug] reported as REPLACED, but missing application info. Assuming REMOVED.
2025-10-20 12:00:06.708  7069-7069  ActivityThread          com...android.settings.intelligence  D  Package [com.example.autostradaauctions.debug] reported as REPLACED, but missing application info. Assuming REMOVED.
2025-10-20 12:00:06.708  7069-7069  ActivityThread          com...android.settings.intelligence  D  Package [com.example.autostradaauctions.debug] reported as REPLACED, but missing application info. Assuming REMOVED.
2025-10-20 12:00:06.709  7069-7069  ActivityThread          com...android.settings.intelligence  D  Package [com.example.autostradaauctions.debug] reported as REPLACED, but missing application info. Assuming REMOVED.
2025-10-20 12:00:06.709  7069-7069  ActivityThread          com...android.settings.intelligence  D  Package [com.example.autostradaauctions.debug] reported as REPLACED, but missing application info. Assuming REMOVED.
2025-10-20 12:00:06.709  7069-7069  ActivityThread          com...android.settings.intelligence  D  Package [com.example.autostradaauctions.debug] reported as REPLACED, but missing application info. Assuming REMOVED.
2025-10-20 12:00:06.709  7069-7069  ActivityThread          com...android.settings.intelligence  D  Package [com.example.autostradaauctions.debug] reported as REPLACED, but missing application info. Assuming REMOVED.
2025-10-20 12:00:06.710  7069-7069  ActivityThread          com...android.settings.intelligence  D  Package [com.example.autostradaauctions.debug] reported as REPLACED, but missing application info. Assuming REMOVED.
2025-10-20 12:00:06.710  7069-7069  ActivityThread          com...android.settings.intelligence  D  Package [com.example.autostradaauctions.debug] reported as REPLACED, but missing application info. Assuming REMOVED.
2025-10-20 12:00:06.882  8727-8751  PowerUsage...GoogleImpl com.android.settings                 D  mBatteryUsageReattributeEnabled: false
2025-10-20 12:00:06.882  8727-8751  PowerUsage...GoogleImpl com.android.settings                 D  mForceHideBatteryReattributeItem: true
2025-10-20 12:00:06.888  8727-8751  PowerUsage...GoogleImpl com.android.settings                 W  processBatteryReattributeData: disabled
2025-10-20 12:00:06.889  8727-8751  DataProcessManager      com.android.settings                 D  execute generateFinalDataAndApplyCallback size=5 in 246/ms
2025-10-20 12:00:06.918  8727-8727  SmsApplication          com.android.settings                 E  com.google.android.apps.messaging lost android:read_cell_broadcasts:  (fixing)
2025-10-20 12:00:06.919   590-1803  AppOpService            system_server                        W  Ignored setUidMode call for runtime permission app op: uid = 10140, code = READ_CELL_BROADCASTS, mode = allow, callingUid = 1000, oldMode = allow
2025-10-20 12:00:06.935   590-1803  AppOpService            system_server                        W  Ignored setUidMode call for runtime permission app op: uid = 1001, code = READ_SMS, mode = allow, callingUid = 1000, oldMode = allow
2025-10-20 12:00:06.936   590-1803  AppOpService            system_server                        W  Ignored setUidMode call for runtime permission app op: uid = 1001, code = RECEIVE_SMS, mode = allow, callingUid = 1000, oldMode = allow
2025-10-20 12:00:06.937   590-1803  AppOpService            system_server                        W  Ignored setUidMode call for runtime permission app op: uid = 1001, code = RECEIVE_WAP_PUSH, mode = allow, callingUid = 1000, oldMode = allow
2025-10-20 12:00:06.938   590-1803  AppOpService            system_server                        W  Ignored setUidMode call for runtime permission app op: uid = 1001, code = SEND_SMS, mode = allow, callingUid = 1000, oldMode = allow
2025-10-20 12:00:06.939   590-1803  AppOpService            system_server                        W  Ignored setUidMode call for runtime permission app op: uid = 1001, code = READ_CELL_BROADCASTS, mode = allow, callingUid = 1000, oldMode = allow
2025-10-20 12:00:06.959  8727-8727  SmsApplication          com.android.settings                 E  com.google.android.apps.messaging lost android:read_cell_broadcasts:  (fixing)
2025-10-20 12:00:06.959   590-1803  AppOpService            system_server                        W  Ignored setUidMode call for runtime permission app op: uid = 10140, code = READ_CELL_BROADCASTS, mode = allow, callingUid = 1000, oldMode = allow
2025-10-20 12:00:06.964   590-1803  AppOpService            system_server                        W  Ignored setUidMode call for runtime permission app op: uid = 1001, code = READ_SMS, mode = allow, callingUid = 1000, oldMode = allow
2025-10-20 12:00:06.966   590-1803  AppOpService            system_server                        W  Ignored setUidMode call for runtime permission app op: uid = 1001, code = RECEIVE_SMS, mode = allow, callingUid = 1000, oldMode = allow
2025-10-20 12:00:06.967   590-1803  AppOpService            system_server                        W  Ignored setUidMode call for runtime permission app op: uid = 1001, code = RECEIVE_WAP_PUSH, mode = allow, callingUid = 1000, oldMode = allow
2025-10-20 12:00:06.968   590-1803  AppOpService            system_server                        W  Ignored setUidMode call for runtime permission app op: uid = 1001, code = SEND_SMS, mode = allow, callingUid = 1000, oldMode = allow
2025-10-20 12:00:06.969   590-1803  AppOpService            system_server                        W  Ignored setUidMode call for runtime permission app op: uid = 1001, code = READ_CELL_BROADCASTS, mode = allow, callingUid = 1000, oldMode = allow
2025-10-20 12:00:06.988  8727-8727  DatabaseUtils           com.android.settings                 D  insert() battery usage slots data into database
2025-10-20 12:00:06.988  8727-8727  DatabaseUtils           com.android.settings                 D  sendBatteryUsageSlotData() size=5 in 17/ms
2025-10-20 12:00:15.064   590-1803  ActivityManager         system_server                        I  Force stopping com.example.autostradaauctions.debug appid=10208 user=0: from pid 8758
2025-10-20 12:00:15.066   590-1803  ProcessStats            system_server                        W  Tracking association SourceState{f8c42fa com.google.android.apps.nexuslauncher/10176 BTop #6355} whose proc state 2 is better than process ProcessState{89c689 com.google.android.googlequicksearchbox:googleapp/10145 pkg=com.google.android.googlequicksearchbox} proc state 14 (2 skipped)
2025-10-20 12:00:15.069   590-1803  AppsFilter              system_server                        I  interaction: PackageSetting{4b58565 com.android.microdroid.empty_payload/10205} -> PackageSetting{cf89d0 com.example.autostradaauctions.debug/10208} BLOCKED
2025-10-20 12:00:15.088  1016-1016  CarrierSvcBindHelper    com.android.phone                    D  onHandleForceStop: [com.example.autostradaauctions.debug]
2025-10-20 12:00:15.090  1016-1016  CarrierSvcBindHelper    com.android.phone                    D  No carrier app for: 0
2025-10-20 12:00:15.109  7200-7207  .apps.wellbeing         com.google.android.apps.wellbeing    W  ApkAssets: Deleting an ApkAssets object '<empty> and /system_ext/priv-app/NexusLauncherRelease/NexusLauncherRelease.apk' with 1 weak references
2025-10-20 12:00:15.110  7200-7207  .apps.wellbeing         com.google.android.apps.wellbeing    W  ApkAssets: Deleting an ApkAssets object '<empty> and /system/app/CarrierDefaultApp/CarrierDefaultApp.apk' with 1 weak references
2025-10-20 12:00:15.110  7200-7207  .apps.wellbeing         com.google.android.apps.wellbeing    W  ApkAssets: Deleting an ApkAssets object '<empty> and /system/priv-app/CredentialManager/CredentialManager.apk' with 1 weak references
2025-10-20 12:00:15.111  7200-7207  .apps.wellbeing         com.google.android.apps.wellbeing    W  ApkAssets: Deleting an ApkAssets object '<empty> and /product/overlay/FontNotoSerifSource/FontNotoSerifSourceOverlay.apk' with 1 weak references
2025-10-20 12:00:15.111  7200-7207  .apps.wellbeing         com.google.android.apps.wellbeing    W  ApkAssets: Deleting an ApkAssets object '<empty> and /system/priv-app/DeviceAsWebcam/DeviceAsWebcam.apk' with 1 weak references
2025-10-20 12:00:15.111  7200-7207  .apps.wellbeing         com.google.android.apps.wellbeing    W  ApkAssets: Deleting an ApkAssets object '<empty> and /system/priv-app/ProxyHandler/ProxyHandler.apk' with 1 weak references
2025-10-20 12:00:15.111  7200-7207  .apps.wellbeing         com.google.android.apps.wellbeing    W  ApkAssets: Deleting an ApkAssets object '<empty> and /apex/com.android.permission/priv-app/GoogleSafetyCenterResources@350820360/GoogleSafetyCenterResources.apk' with 1 weak references
2025-10-20 12:00:15.112  7200-7207  .apps.wellbeing         com.google.android.apps.wellbeing    W  ApkAssets: Deleting an ApkAssets object '<empty> and /product/overlay/DisplayCutoutEmulationWaterfall/DisplayCutoutEmulationWaterfallOverlay.apk' with 1 weak references
2025-10-20 12:00:15.112  7200-7207  .apps.wellbeing         com.google.android.apps.wellbeing    W  ApkAssets: Deleting an ApkAssets object '<empty> and /system/priv-app/IntentResolver/IntentResolver.apk' with 1 weak references
2025-10-20 12:00:15.112  7200-7207  .apps.wellbeing         com.google.android.apps.wellbeing    W  ApkAssets: Deleting an ApkAssets object '<empty> and /product/overlay/TransparentNavigationBar/TransparentNavigationBarOverlay.apk' with 1 weak references
2025-10-20 12:00:15.112  7200-7207  .apps.wellbeing         com.google.android.apps.wellbeing    W  ApkAssets: Deleting an ApkAssets object '<empty> and /system/priv-app/E2eeContactKeysProvider/E2eeContactKeysProvider.apk' with 1 weak references
2025-10-20 12:00:15.112  7200-7207  .apps.wellbeing         com.google.android.apps.wellbeing    W  ApkAssets: Deleting an ApkAssets object '<empty> and /apex/com.android.tethering/priv-app/ServiceConnectivityResourcesGoogle@350820300/ServiceConnectivityResourcesGoogle.apk' with 1 weak references
2025-10-20 12:00:15.116  7200-7207  .apps.wellbeing         com.google.android.apps.wellbeing    W  ApkAssets: Deleting an ApkAssets object '/vendor/overlay/goldfish_overlay_connectivity_google.apk' with 1 weak references
2025-10-20 12:00:15.116  7200-7207  .apps.wellbeing         com.google.android.apps.wellbeing    W  ApkAssets: Deleting an ApkAssets object '<empty> and /system_ext/priv-app/GoogleFeedback/GoogleFeedback.apk' with 1 weak references
2025-10-20 12:00:15.117  7200-7207  .apps.wellbeing         com.google.android.apps.wellbeing    W  ApkAssets: Deleting an ApkAssets object '<empty> and /system/app/GooglePrintRecommendationService/GooglePrintRecommendationService.apk' with 1 weak references
2025-10-20 12:00:15.117  7200-7207  .apps.wellbeing         com.google.android.apps.wellbeing    W  ApkAssets: Deleting an ApkAssets object '<empty> and /data/app/~~jfsgfN1L0r7W6DE4NayawA==/com.google.android.apps.photos-ezVjYiWqhYrgHnJun5hBRQ==/base.apk' with 1 weak references
2025-10-20 12:00:15.118  7200-7207  .apps.wellbeing         com.google.android.apps.wellbeing    W  ApkAssets: Deleting an ApkAssets object '<empty> and /data/app/~~jfsgfN1L0r7W6DE4NayawA==/com.google.android.apps.photos-ezVjYiWqhYrgHnJun5hBRQ==/split_config.en.apk' with 1 weak references
2025-10-20 12:00:15.118  7200-7207  .apps.wellbeing         com.google.android.apps.wellbeing    W  ApkAssets: Deleting an ApkAssets object '<empty> and /data/app/~~jfsgfN1L0r7W6DE4NayawA==/com.google.android.apps.photos-ezVjYiWqhYrgHnJun5hBRQ==/split_config.x86_64.apk' with 1 weak references
2025-10-20 12:00:15.118  7200-7207  .apps.wellbeing         com.google.android.apps.wellbeing    W  ApkAssets: Deleting an ApkAssets object '<empty> and /data/app/~~jfsgfN1L0r7W6DE4NayawA==/com.google.android.apps.photos-ezVjYiWqhYrgHnJun5hBRQ==/split_config.xxhdpi.apk' with 1 weak references
2025-10-20 12:00:15.118  7200-7207  .apps.wellbeing         com.google.android.apps.wellbeing    W  ApkAssets: Deleting an ApkAssets object '<empty> and /data/app/~~APo6d0l8paMAuvJaon7W0Q==/com.google.android.calendar-IJo8mUT3DPR-Cssi-ToKyw==/base.apk' with 1 weak references
2025-10-20 12:00:15.118  7200-7207  .apps.wellbeing         com.google.android.apps.wellbeing    W  ApkAssets: Deleting an ApkAssets object '<empty> and /data/app/~~APo6d0l8paMAuvJaon7W0Q==/com.google.android.calendar-IJo8mUT3DPR-Cssi-ToKyw==/split_config.en.apk' with 1 weak references
2025-10-20 12:00:15.118  7200-7207  .apps.wellbeing         com.google.android.apps.wellbeing    W  ApkAssets: Deleting an ApkAssets object '<empty> and /data/app/~~APo6d0l8paMAuvJaon7W0Q==/com.google.android.calendar-IJo8mUT3DPR-Cssi-ToKyw==/split_config.x86_64.apk' with 1 weak references
2025-10-20 12:00:15.118  7200-7207  .apps.wellbeing         com.google.android.apps.wellbeing    W  ApkAssets: Deleting an ApkAssets object '<empty> and /data/app/~~APo6d0l8paMAuvJaon7W0Q==/com.google.android.calendar-IJo8mUT3DPR-Cssi-ToKyw==/split_config.xxhdpi.apk' with 1 weak references
2025-10-20 12:00:15.118  7200-7207  .apps.wellbeing         com.google.android.apps.wellbeing    W  ApkAssets: Deleting an ApkAssets object '<empty> and /system/priv-app/ManagedProvisioning/ManagedProvisioning.apk' with 1 weak references
2025-10-20 12:00:15.119  7200-7207  .apps.wellbeing         com.google.android.apps.wellbeing    W  ApkAssets: Deleting an ApkAssets object '<empty> and /data/app/~~E6hfT1up1M0QG09f3QMRxA==/com.example.autostradaauctions.debug-NA_G38UJdnVrUqC8RfDX2Q==/base.apk' with 1 weak references
2025-10-20 12:00:15.119  7200-7207  .apps.wellbeing         com.google.android.apps.wellbeing    W  ApkAssets: Deleting an ApkAssets object '<empty> and /system/priv-app/SoundPicker/SoundPicker.apk' with 1 weak references
2025-10-20 12:00:15.119  7200-7207  .apps.wellbeing         com.google.android.apps.wellbeing    W  ApkAssets: Deleting an ApkAssets object '<empty> and /system/priv-app/DocumentsUIGoogle/DocumentsUIGoogle.apk' with 1 weak references
2025-10-20 12:00:15.119  7200-7207  .apps.wellbeing         com.google.android.apps.wellbeing    W  ApkAssets: Deleting an ApkAssets object '<empty> and /product/app/PrebuiltGoogleTelemetryTvp/PrebuiltGoogleTelemetryTvp.apk' with 1 weak references
2025-10-20 12:00:15.119  7200-7207  .apps.wellbeing         com.google.android.apps.wellbeing    W  ApkAssets: Deleting an ApkAssets object '<empty> and /system_ext/priv-app/MultiDisplayProvider/MultiDisplayProvider.apk' with 1 weak references
2025-10-20 12:00:15.119  7200-7207  .apps.wellbeing         com.google.android.apps.wellbeing    W  ApkAssets: Deleting an ApkAssets object '<empty> and /system/priv-app/DeviceDiagnostics/DeviceDiagnostics.apk' with 1 weak references
2025-10-20 12:00:15.120  7200-7207  .apps.wellbeing         com.google.android.apps.wellbeing    W  ApkAssets: Deleting an ApkAssets object '/product/overlay/DeviceDiagnostics__sdk_gphone64_x86_64__auto_generated_rro_product.apk' with 1 weak references
2025-10-20 12:00:15.120  7200-7207  .apps.wellbeing         com.google.android.apps.wellbeing    W  ApkAssets: Deleting an ApkAssets object '<empty> and /product/overlay/NotesRoleEnabled/NotesRoleEnabledOverlay.apk' with 1 weak references
2025-10-20 12:00:15.121  7200-7207  .apps.wellbeing         com.google.android.apps.wellbeing    W  ApkAssets: Deleting an ApkAssets object '<empty> and /system/priv-app/LiveWallpapersPicker/LiveWallpapersPicker.apk' with 1 weak references
2025-10-20 12:00:15.122  7200-7207  .apps.wellbeing         com.google.android.apps.wellbeing    W  ApkAssets: Deleting an ApkAssets object '<empty> and /product/app/PrebuiltGoogleAdservicesTvp/PrebuiltGoogleAdservicesTvp.apk' with 1 weak references
2025-10-20 12:00:15.122  7200-7207  .apps.wellbeing         com.google.android.apps.wellbeing    W  ApkAssets: Deleting an ApkAssets object '<empty> and /apex/com.android.healthfitness/priv-app/HealthConnectControllerGoogle@350820300/HealthConnectControllerGoogle.apk' with 1 weak references
2025-10-20 12:00:15.123  7200-7207  .apps.wellbeing         com.google.android.apps.wellbeing    W  ApkAssets: Deleting an ApkAssets object '<empty> and /product/priv-app/KidsSupervisionStub/KidsSupervisionStub.apk' with 1 weak references
2025-10-20 12:00:15.123  7200-7207  .apps.wellbeing         com.google.android.apps.wellbeing    W  ApkAssets: Deleting an ApkAssets object '<empty> and /system_ext/priv-app/StorageManager/StorageManager.apk' with 1 weak references
2025-10-20 12:00:15.124  7200-7207  .apps.wellbeing         com.google.android.apps.wellbeing    W  ApkAssets: Deleting an ApkAssets object '/product/overlay/StorageManager__sdk_gphone64_x86_64__auto_generated_rro_product.apk' with 1 weak references
2025-10-20 12:00:15.124  7200-7207  .apps.wellbeing         com.google.android.apps.wellbeing    W  ApkAssets: Deleting an ApkAssets object '<empty> and /system/app/BookmarkProvider/BookmarkProvider.apk' with 1 weak references
2025-10-20 12:00:15.124  7200-7207  .apps.wellbeing         com.google.android.apps.wellbeing    W  ApkAssets: Deleting an ApkAssets object '<empty> and /system_ext/priv-app/SettingsGoogle/SettingsGoogle.apk' with 1 weak references
2025-10-20 12:00:15.125  7200-7207  .apps.wellbeing         com.google.android.apps.wellbeing    W  ApkAssets: Deleting an ApkAssets object '/product/overlay/SettingsGoogle__sdk_gphone64_x86_64__auto_generated_rro_product.apk' with 1 weak references
2025-10-20 12:00:15.125  7200-7207  .apps.wellbeing         com.google.android.apps.wellbeing    W  ApkAssets: Deleting an ApkAssets object '<empty> and /product/priv-app/SettingsIntelligenceGooglePrebuilt/SettingsIntelligenceGooglePrebuilt.apk' with 1 weak references
2025-10-20 12:00:15.125  7200-7207  .apps.wellbeing         com.google.android.apps.wellbeing    W  ApkAssets: Deleting an ApkAssets object '<empty> and /apex/com.android.uwb/priv-app/ServiceUwbResourcesGoogle@350820300/ServiceUwbResourcesGoogle.apk' with 1 weak references
2025-10-20 12:00:15.125  7200-7207  .apps.wellbeing         com.google.android.apps.wellbeing    W  ApkAssets: Deleting an ApkAssets object '<empty> and /apex/com.android.wifi/priv-app/ServiceWifiResourcesGoogle@350820300/ServiceWifiResourcesGoogle.apk' with 1 weak references
2025-10-20 12:00:15.126  7200-7207  .apps.wellbeing         com.google.android.apps.wellbeing    W  ApkAssets: Deleting an ApkAssets object '<empty> and /system_ext/priv-app/ThemePicker/ThemePicker.apk' with 1 weak references
2025-10-20 12:00:15.126  7200-7207  .apps.wellbeing         com.google.android.apps.wellbeing    W  ApkAssets: Deleting an ApkAssets object '<empty> and /system_ext/priv-app/WallpaperPickerGoogleRelease/WallpaperPickerGoogleRelease.apk' with 1 weak references
2025-10-20 12:00:15.126  7200-7207  .apps.wellbeing         com.google.android.apps.wellbeing    W  ApkAssets: Deleting an ApkAssets object '<empty> and /product/priv-app/OdadPrebuilt/OdadPrebuilt.apk' with 1 weak references
2025-10-20 12:00:15.126  7200-7207  .apps.wellbeing         com.google.android.apps.wellbeing    W  ApkAssets: Deleting an ApkAssets object '<empty> and /system/priv-app/TeleService/TeleService.apk' with 1 weak references
2025-10-20 12:00:15.126  7200-7207  .apps.wellbeing         com.google.android.apps.wellbeing    W  ApkAssets: Deleting an ApkAssets object '/vendor/overlay/TeleService__sdk_gphone64_x86_64__auto_generated_rro_vendor.apk' with 1 weak references
2025-10-20 12:00:15.127  7200-7207  .apps.wellbeing         com.google.android.apps.wellbeing    W  ApkAssets: Deleting an ApkAssets object '/product/overlay/TeleService__sdk_gphone64_x86_64__auto_generated_rro_product.apk' with 1 weak references
2025-10-20 12:00:15.127  7200-7207  .apps.wellbeing         com.google.android.apps.wellbeing    W  ApkAssets: Deleting an ApkAssets object '<empty> and /system/priv-app/Shell/Shell.apk' with 1 weak references
2025-10-20 12:00:15.127  7200-7207  .apps.wellbeing         com.google.android.apps.wellbeing    W  ApkAssets: Deleting an ApkAssets object '<empty> and /system/priv-app/BlockedNumberProvider/BlockedNumberProvider.apk' with 1 weak references
2025-10-20 12:00:15.127  7200-7207  .apps.wellbeing         com.google.android.apps.wellbeing    W  ApkAssets: Deleting an ApkAssets object '<empty> and /system/priv-app/UserDictionaryProvider/UserDictionaryProvider.apk' with 1 weak references
2025-10-20 12:00:15.127  7200-7207  .apps.wellbeing         com.google.android.apps.wellbeing    W  ApkAssets: Deleting an ApkAssets object '<empty> and /product/overlay/NavigationBarModeGestural/NavigationBarModeGesturalOverlay.apk' with 1 weak references
2025-10-20 12:00:15.127  7200-7207  .apps.wellbeing         com.google.android.apps.wellbeing    W  ApkAssets: Deleting an ApkAssets object '<empty> and /system/priv-app/FusedLocation/FusedLocation.apk' with 1 weak references
2025-10-20 12:00:15.127  7200-7207  .apps.wellbeing         com.google.android.apps.wellbeing    W  ApkAssets: Deleting an ApkAssets object '<empty> and /system_ext/priv-app/SystemUIGoogle/SystemUIGoogle.apk' with 1 weak references
2025-10-20 12:00:15.127  7200-7207  .apps.wellbeing         com.google.android.apps.wellbeing    W  ApkAssets: Deleting an ApkAssets object '/vendor/overlay/SystemUIGoogle__sdk_gphone64_x86_64__auto_generated_rro_vendor.apk' with 1 weak references
2025-10-20 12:00:15.127  7200-7207  .apps.wellbeing         com.google.android.apps.wellbeing    W  ApkAssets: Deleting an ApkAssets object '/product/overlay/SystemUIGoogle__sdk_gphone64_x86_64__auto_generated_rro_product.apk' with 1 weak references
2025-10-20 12:00:15.128  7200-7207  .apps.wellbeing         com.google.android.apps.wellbeing    W  ApkAssets: Deleting an ApkAssets object '<empty> and /data/app/~~KCpm3m0e3H5fDLOhHFvxhg==/com.google.android.apps.youtube.music-7hiofoYGjhlbw6GS46nvow==/base.apk' with 1 weak references
2025-10-20 12:00:15.128  7200-7207  .apps.wellbeing         com.google.android.apps.wellbeing    W  ApkAssets: Deleting an ApkAssets object '<empty> and /data/app/~~KCpm3m0e3H5fDLOhHFvxhg==/com.google.android.apps.youtube.music-7hiofoYGjhlbw6GS46nvow==/split_config.en.apk' with 1 weak references
2025-10-20 12:00:15.128  7200-7207  .apps.wellbeing         com.google.android.apps.wellbeing    W  ApkAssets: Deleting an ApkAssets object '<empty> and /data/app/~~KCpm3m0e3H5fDLOhHFvxhg==/com.google.android.apps.youtube.music-7hiofoYGjhlbw6GS46nvow==/split_config.xxhdpi.apk' with 1 weak references
2025-10-20 12:00:15.128  7200-7207  .apps.wellbeing         com.google.android.apps.wellbeing    W  ApkAssets: Deleting an ApkAssets object '<empty> and /system/app/BluetoothMidiService/BluetoothMidiService.apk' with 1 weak references
2025-10-20 12:00:15.128  7200-7207  .apps.wellbeing         com.google.android.apps.wellbeing    W  ApkAssets: Deleting an ApkAssets object '<empty> and /system/app/Traceur/Traceur.apk' with 1 weak references
2025-10-20 12:00:15.128  7200-7207  .apps.wellbeing         com.google.android.apps.wellbeing    W  ApkAssets: Deleting an ApkAssets object '<empty> and /apex/com.android.cellbroadcast/priv-app/GoogleCellBroadcastApp@350820300/GoogleCellBroadcastApp.apk' with 1 weak references
